Archive member included to satisfy reference by file (symbol)

app/libapp.a(main.c.obj)      (--whole-archive)
app/libapp.a(lora.c.obj)      (--whole-archive)
zephyr/libzephyr.a(cbprintf_packaged.c.obj)
                              (--whole-archive)
zephyr/libzephyr.a(dec.c.obj)
                              (--whole-archive)
zephyr/libzephyr.a(fdtable.c.obj)
                              (--whole-archive)
zephyr/libzephyr.a(hex.c.obj)
                              (--whole-archive)
zephyr/libzephyr.a(printk.c.obj)
                              (--whole-archive)
zephyr/libzephyr.a(rb.c.obj)  (--whole-archive)
zephyr/libzephyr.a(sem.c.obj)
                              (--whole-archive)
zephyr/libzephyr.a(thread_entry.c.obj)
                              (--whole-archive)
zephyr/libzephyr.a(timeutil.c.obj)
                              (--whole-archive)
zephyr/libzephyr.a(heap.c.obj)
                              (--whole-archive)
zephyr/libzephyr.a(heap-validate.c.obj)
                              (--whole-archive)
zephyr/libzephyr.a(bitarray.c.obj)
                              (--whole-archive)
zephyr/libzephyr.a(multi_heap.c.obj)
                              (--whole-archive)
zephyr/libzephyr.a(onoff.c.obj)
                              (--whole-archive)
zephyr/libzephyr.a(notify.c.obj)
                              (--whole-archive)
zephyr/libzephyr.a(crc32c_sw.c.obj)
                              (--whole-archive)
zephyr/libzephyr.a(crc32_sw.c.obj)
                              (--whole-archive)
zephyr/libzephyr.a(crc16_sw.c.obj)
                              (--whole-archive)
zephyr/libzephyr.a(crc8_sw.c.obj)
                              (--whole-archive)
zephyr/libzephyr.a(crc7_sw.c.obj)
                              (--whole-archive)
zephyr/libzephyr.a(cbprintf_complete.c.obj)
                              (--whole-archive)
zephyr/libzephyr.a(cbprintf.c.obj)
                              (--whole-archive)
zephyr/libzephyr.a(assert.c.obj)
                              (--whole-archive)
zephyr/libzephyr.a(mpsc_pbuf.c.obj)
                              (--whole-archive)
zephyr/libzephyr.a(reboot.c.obj)
                              (--whole-archive)
zephyr/libzephyr.a(configs.c.obj)
                              (--whole-archive)
zephyr/libzephyr.a(soc_nrf_common.S.obj)
                              (--whole-archive)
zephyr/libzephyr.a(validate_base_addresses.c.obj)
                              (--whole-archive)
zephyr/libzephyr.a(validate_enabled_instances.c.obj)
                              (--whole-archive)
zephyr/libzephyr.a(log_core.c.obj)
                              (--whole-archive)
zephyr/libzephyr.a(log_mgmt.c.obj)
                              (--whole-archive)
zephyr/libzephyr.a(log_cache.c.obj)
                              (--whole-archive)
zephyr/libzephyr.a(log_msg.c.obj)
                              (--whole-archive)
zephyr/libzephyr.a(log_output.c.obj)
                              (--whole-archive)
zephyr/libzephyr.a(log_backend_rtt.c.obj)
                              (--whole-archive)
zephyr/libzephyr.a(log_backend_uart.c.obj)
                              (--whole-archive)
zephyr/libzephyr.a(pm.c.obj)  (--whole-archive)
zephyr/libzephyr.a(policy.c.obj)
                              (--whole-archive)
zephyr/libzephyr.a(state.c.obj)
                              (--whole-archive)
zephyr/libzephyr.a(tracing_none.c.obj)
                              (--whole-archive)
zephyr/libzephyr.a(usb_device.c.obj)
                              (--whole-archive)
zephyr/libzephyr.a(usb_descriptor.c.obj)
                              (--whole-archive)
zephyr/libzephyr.a(usb_transfer.c.obj)
                              (--whole-archive)
zephyr/libzephyr.a(nrf_cc3xx_platform_abort_zephyr.c.obj)
                              (--whole-archive)
zephyr/libzephyr.a(nrf_cc3xx_platform_mutex_zephyr.c.obj)
                              (--whole-archive)
zephyr/arch/common/libarch__common.a(sw_isr_common.c.obj)
                              (--whole-archive)
zephyr/arch/arch/arm/core/aarch32/libarch__arm__core__aarch32.a(cpu_idle.S.obj)
                              (--whole-archive)
zephyr/arch/arch/arm/core/aarch32/libarch__arm__core__aarch32.a(fatal.c.obj)
                              (--whole-archive)
zephyr/arch/arch/arm/core/aarch32/libarch__arm__core__aarch32.a(irq_manage.c.obj)
                              (--whole-archive)
zephyr/arch/arch/arm/core/aarch32/libarch__arm__core__aarch32.a(nmi.c.obj)
                              (--whole-archive)
zephyr/arch/arch/arm/core/aarch32/libarch__arm__core__aarch32.a(nmi_on_reset.S.obj)
                              (--whole-archive)
zephyr/arch/arch/arm/core/aarch32/libarch__arm__core__aarch32.a(prep_c.c.obj)
                              (--whole-archive)
zephyr/arch/arch/arm/core/aarch32/libarch__arm__core__aarch32.a(swap.c.obj)
                              (--whole-archive)
[...]
Memory Configuration

Name             Origin             Length             Attributes
FLASH            0x0000000000000000 0x0000000000100000 xr
RAM              0x0000000020000000 0x0000000000040000 xw
IDT_LIST         0x00000000fffff7ff 0x0000000000000800 xw
*default*        0x0000000000000000 0xffffffffffffffff

Linker script and memory map

LOAD zephyr/CMakeFiles/zephyr_final.dir/misc/empty_file.c.obj
LOAD zephyr/CMakeFiles/zephyr_final.dir/dev_handles.c.obj
LOAD zephyr/CMakeFiles/zephyr_final.dir/isr_tables.c.obj
                0x0000000000000020                _region_min_align = 0x20

.rel.plt        0x0000000000000000        0x0
 *(SORT_BY_ALIGNMENT(.rel.plt))
                [!provide]                        PROVIDE (__rel_iplt_start = .)
 *(SORT_BY_ALIGNMENT(.rel.iplt))
 .rel.iplt      0x0000000000000000        0x0 zephyr/CMakeFiles/zephyr_final.dir/isr_tables.c.obj
                [!provide]                        PROVIDE (__rel_iplt_end = .)

.rela.plt       0x0000000000000000        0x0
 *(SORT_BY_ALIGNMENT(.rela.plt))
                [!provide]                        PROVIDE (__rela_iplt_start = .)
 *(SORT_BY_ALIGNMENT(.rela.iplt))
                [!provide]                        PROVIDE (__rela_iplt_end = .)

.rel.dyn
 *(SORT_BY_ALIGNMENT(.rel.*))

.rela.dyn
 *(SORT_BY_ALIGNMENT(.rela.*))

/DISCARD/
 *(SORT_BY_ALIGNMENT(.plt))

/DISCARD/
 *(SORT_BY_ALIGNMENT(.iplt))
                0x0000000000000000                __rom_region_start = 0x0

rom_start       0x0000000000000000      0x100
                0x0000000000000000                . = 0x0
                0x0000000000000000                . = ALIGN (0x4)
                0x0000000000000000                . = ALIGN (0x80)
                0x0000000000000000                . = ALIGN (0x100)
                0x0000000000000000                _vector_start = .
 *(SORT_BY_ALIGNMENT(.exc_vector_table))
 *(SORT_BY_ALIGNMENT(.exc_vector_table.*))
 .exc_vector_table._vector_table_section
                0x0000000000000000       0x40 zephyr/arch/arch/arm/core/aarch32/cortex_m/libarch__arm__core__aarch32__cortex_m.a(vector_table.S.obj)
                0x0000000000000000                _vector_table
 *(SORT_BY_ALIGNMENT(.vectors))
                0x0000000000000100                _vector_end = .
                0x0000000000000040                . = ALIGN (0x4)
 *(SORT_BY_ALIGNMENT(.gnu.linkonce.irq_vector_table*))
 .gnu.linkonce.irq_vector_table
                0x0000000000000040       0xc0 zephyr/CMakeFiles/zephyr_final.dir/isr_tables.c.obj
                0x0000000000000040                _irq_vector_table
                0x0000000000000100                _vector_end = .

text            0x0000000000000100     0xeb84
                0x0000000000000100                __text_region_start = .
 *(SORT_BY_ALIGNMENT(.text))
 .text          0x0000000000000100       0x30 c:/ncs/toolchains/31f4403e35/opt/zephyr-sdk/arm-zephyr-eabi/bin/../lib/gcc/arm-zephyr-eabi/12.2.0/thumb/v7e-m/nofp\libgcc.a(_aeabi_uldivmod.o)
                0x0000000000000100                __aeabi_uldivmod
 .text          0x0000000000000130        0x4 c:/ncs/toolchains/31f4403e35/opt/zephyr-sdk/arm-zephyr-eabi/bin/../lib/gcc/arm-zephyr-eabi/12.2.0/thumb/v7e-m/nofp\libgcc.a(_dvmd_tls.o)
                0x0000000000000130                __aeabi_idiv0
                0x0000000000000130                __aeabi_ldiv0
 .text          0x0000000000000134      0x2a0 c:/ncs/toolchains/31f4403e35/opt/zephyr-sdk/arm-zephyr-eabi/bin/../lib/gcc/arm-zephyr-eabi/12.2.0/thumb/v7e-m/nofp\libgcc.a(_udivmoddi4.o)
                0x0000000000000134                __udivmoddi4
 *(SORT_BY_ALIGNMENT(.text.*))
 .text.main     0x00000000000003d4       0x6c app/libapp.a(main.c.obj)
                0x00000000000003d4                main
 .text.Initialize_LoRa
                0x0000000000000440       0xac app/libapp.a(lora.c.obj)
                0x0000000000000440                Initialize_LoRa
 .text.Setup_LoRa_send_thread
                0x00000000000004ec       0x60 app/libapp.a(lora.c.obj)
                0x00000000000004ec                Setup_LoRa_send_thread
 .text.cbvprintf_package
                0x000000000000054c      0x3ac zephyr/libzephyr.a(cbprintf_packaged.c.obj)
                0x000000000000054c                cbvprintf_package
 .text.cbprintf_package_convert
                0x00000000000008f8      0x3bc zephyr/libzephyr.a(cbprintf_packaged.c.obj)
                0x00000000000008f8                cbprintf_package_convert
 .text.__printk_hook_install
                0x0000000000000cb4        0xc zephyr/libzephyr.a(printk.c.obj)
                0x0000000000000cb4                __printk_hook_install
 .text.vsnprintk
                0x0000000000000cc0       0x2c zephyr/libzephyr.a(printk.c.obj)
                0x0000000000000cc0                vsnprintk
 .text.process_event
                0x0000000000000cec      0x21c zephyr/libzephyr.a(onoff.c.obj)
 .text.z_cbvprintf_impl
                0x0000000000000f08      0x764 zephyr/libzephyr.a(cbprintf_complete.c.obj)
                0x0000000000000f08                z_cbvprintf_impl
 .text.sys_reboot
                0x000000000000166c       0x30 zephyr/libzephyr.a(reboot.c.obj)
                0x000000000000166c                sys_reboot
 .text.z_arm_platform_init
                0x000000000000169c        0x4 zephyr/libzephyr.a(soc_nrf_common.S.obj)
                0x000000000000169c                z_arm_platform_init
 .text.activate_foreach_backend
                0x00000000000016a0       0x64 zephyr/libzephyr.a(log_core.c.obj)
 .text.enable_logger
                0x0000000000001704       0x5c zephyr/libzephyr.a(log_core.c.obj)
 .text.log_process_thread_timer_expiry_fn
                0x0000000000001760        0xc zephyr/libzephyr.a(log_core.c.obj)
 .text.z_log_init
                0x000000000000176c       0x90 zephyr/libzephyr.a(log_core.c.obj)
 .text.log_format_func_t_get
                0x00000000000017fc        0xc zephyr/libzephyr.a(log_core.c.obj)
                0x00000000000017fc                log_format_func_t_get
 .text.log_set_timestamp_func
                0x0000000000001808       0x20 zephyr/libzephyr.a(log_core.c.obj)
                0x0000000000001808                log_set_timestamp_func
 .text.z_log_notify_backend_enabled
                0x0000000000001828       0x1c zephyr/libzephyr.a(log_core.c.obj)
                0x0000000000001828                z_log_notify_backend_enabled
 .text.z_log_dropped
                0x0000000000001844       0x30 zephyr/libzephyr.a(log_core.c.obj)
                0x0000000000001844                z_log_dropped
 .text.z_log_dropped_read_and_clear
                0x0000000000001874       0x20 zephyr/libzephyr.a(log_core.c.obj)
                0x0000000000001874                z_log_dropped_read_and_clear
 .text.dropped_notify
                0x0000000000001894       0x30 zephyr/libzephyr.a(log_core.c.obj)
                0x0000000000001894                dropped_notify
 .text.z_log_msg_init
                0x00000000000018c4       0x20 zephyr/libzephyr.a(log_core.c.obj)
                0x00000000000018c4                z_log_msg_init
 .text.log_core_init
                0x00000000000018e4       0x34 zephyr/libzephyr.a(log_core.c.obj)
                0x00000000000018e4                log_core_init
 .text.z_log_msg_alloc
                0x0000000000001918       0x10 zephyr/libzephyr.a(log_core.c.obj)
                0x0000000000001918                z_log_msg_alloc
 .text.z_log_msg_local_claim
                0x0000000000001928        0xc zephyr/libzephyr.a(log_core.c.obj)
                0x0000000000001928                z_log_msg_local_claim
 .text.z_log_msg_free
                0x0000000000001934       0x10 zephyr/libzephyr.a(log_core.c.obj)
                0x0000000000001934                z_log_msg_free
 .text.z_log_msg_pending
                0x0000000000001944        0xc zephyr/libzephyr.a(log_core.c.obj)
                0x0000000000001944                z_log_msg_pending
 .text.z_impl_log_process
                0x0000000000001950       0xbc zephyr/libzephyr.a(log_core.c.obj)
                0x0000000000001950                z_impl_log_process
 .text.z_impl_log_panic
                0x0000000000001a0c       0x44 zephyr/libzephyr.a(log_core.c.obj)
                0x0000000000001a0c                z_impl_log_panic
 .text.log_process_thread_func
                0x0000000000001a50       0x9c zephyr/libzephyr.a(log_core.c.obj)
 .text.z_log_msg_post_finalize
                0x0000000000001aec       0x78 zephyr/libzephyr.a(log_core.c.obj)
 .text.z_log_msg_commit
                0x0000000000001b64       0x24 zephyr/libzephyr.a(log_core.c.obj)
                0x0000000000001b64                z_log_msg_commit
 .text.log_source_name_get
                0x0000000000001b88       0x1c zephyr/libzephyr.a(log_mgmt.c.obj)
                0x0000000000001b88                log_source_name_get
 .text.log_backend_enable
                0x0000000000001ba4       0x28 zephyr/libzephyr.a(log_mgmt.c.obj)
                0x0000000000001ba4                log_backend_enable
 .text.z_impl_z_log_msg_static_create
                0x0000000000001bcc      0x108 zephyr/libzephyr.a(log_msg.c.obj)
                0x0000000000001bcc                z_impl_z_log_msg_static_create
 .text.z_impl_z_log_msg_runtime_vcreate
                0x0000000000001cd4       0x8c zephyr/libzephyr.a(log_msg.c.obj)
                0x0000000000001cd4                z_impl_z_log_msg_runtime_vcreate
 .text.print_formatted
                0x0000000000001d60       0x24 zephyr/libzephyr.a(log_output.c.obj)
 .text.newline_print
                0x0000000000001d84       0x1c zephyr/libzephyr.a(log_output.c.obj)
 .text.log_output_process
                0x0000000000001da0      0x2a4 zephyr/libzephyr.a(log_output.c.obj)
                0x0000000000001da0                log_output_process
 .text.log_output_msg_process
                0x0000000000002044       0x6c zephyr/libzephyr.a(log_output.c.obj)
                0x0000000000002044                log_output_msg_process
 .text.log_output_dropped_process
                0x00000000000020b0       0x58 zephyr/libzephyr.a(log_output.c.obj)
                0x00000000000020b0                log_output_dropped_process
 .text.log_output_timestamp_freq_set
                0x0000000000002108       0x2c zephyr/libzephyr.a(log_output.c.obj)
                0x0000000000002108                log_output_timestamp_freq_set
 .text.log_backend_rtt_init
                0x0000000000002134        0xc zephyr/libzephyr.a(log_backend_rtt.c.obj)
 .text.format_set
                0x0000000000002140        0xc zephyr/libzephyr.a(log_backend_rtt.c.obj)
 .text.panic    0x000000000000214c       0x14 zephyr/libzephyr.a(log_backend_rtt.c.obj)
 .text.dropped  0x0000000000002160        0xc zephyr/libzephyr.a(log_backend_rtt.c.obj)
 .text.process  0x000000000000216c       0x24 zephyr/libzephyr.a(log_backend_rtt.c.obj)
 .text.on_failed_write
                0x0000000000002190       0x28 zephyr/libzephyr.a(log_backend_rtt.c.obj)
 .text.data_out_block_mode
                0x00000000000021b8       0x84 zephyr/libzephyr.a(log_backend_rtt.c.obj)
 .text.format_set
                0x000000000000223c        0xc zephyr/libzephyr.a(log_backend_uart.c.obj)
 .text.panic    0x0000000000002248       0x14 zephyr/libzephyr.a(log_backend_uart.c.obj)
 .text.dropped  0x000000000000225c        0xc zephyr/libzephyr.a(log_backend_uart.c.obj)
 .text.process  0x0000000000002268       0x24 zephyr/libzephyr.a(log_backend_uart.c.obj)
 .text.char_out
                0x000000000000228c       0x24 zephyr/libzephyr.a(log_backend_uart.c.obj)
 .text.pm_state_notify
                0x00000000000022b0       0x5c zephyr/libzephyr.a(pm.c.obj)
 .text.pm_system_resume
                0x000000000000230c       0x78 zephyr/libzephyr.a(pm.c.obj)
                0x000000000000230c                pm_system_resume
 .text.pm_system_suspend
                0x0000000000002384       0xf8 zephyr/libzephyr.a(pm.c.obj)
                0x0000000000002384                pm_system_suspend
 .text.pm_policy_next_state
                0x000000000000247c       0x94 zephyr/libzephyr.a(policy.c.obj)
                0x000000000000247c                pm_policy_next_state
 .text.pm_state_cpu_get_all
                0x0000000000002510       0x10 zephyr/libzephyr.a(state.c.obj)
                0x0000000000002510                pm_state_cpu_get_all
 .text.class_handler
                0x0000000000002520       0x40 zephyr/libzephyr.a(usb_device.c.obj)
 .text.custom_handler
                0x0000000000002560       0x60 zephyr/libzephyr.a(usb_device.c.obj)
 .text.vendor_handler
                0x00000000000025c0       0x3c zephyr/libzephyr.a(usb_device.c.obj)
 .text.usb_reset_alt_setting
                0x00000000000025fc       0x10 zephyr/libzephyr.a(usb_device.c.obj)
 .text.is_ep_valid.part.0
                0x000000000000260c       0x38 zephyr/libzephyr.a(usb_device.c.obj)
 .text.usb_handle_request.constprop.0
                0x0000000000002644       0x2c zephyr/libzephyr.a(usb_device.c.obj)
 .text.usb_device_init.part.0
                0x0000000000002670       0x28 zephyr/libzephyr.a(usb_device.c.obj)
 .text.get_ep_bm_from_addr.part.0
                0x0000000000002698       0x2c zephyr/libzephyr.a(usb_device.c.obj)
 .text.disable_endpoint
                0x00000000000026c4       0x80 zephyr/libzephyr.a(usb_device.c.obj)
 .text.forward_status_cb
                0x0000000000002744       0xb0 zephyr/libzephyr.a(usb_device.c.obj)
 .text.usb_halt_endpoint_req.isra.0
                0x00000000000027f4       0x9c zephyr/libzephyr.a(usb_device.c.obj)
 .text.set_endpoint
                0x0000000000002890      0x104 zephyr/libzephyr.a(usb_device.c.obj)
 .text.usb_handle_standard_request
                0x0000000000002994      0x2ec zephyr/libzephyr.a(usb_device.c.obj)
 .text.usb_write
                0x0000000000002c80       0x64 zephyr/libzephyr.a(usb_device.c.obj)
                0x0000000000002c80                usb_write
 .text.usb_data_to_host
                0x0000000000002ce4       0x54 zephyr/libzephyr.a(usb_device.c.obj)
 .text.usb_handle_control_transfer
                0x0000000000002d38      0x100 zephyr/libzephyr.a(usb_device.c.obj)
 .text.usb_set_config
                0x0000000000002e38       0x2c zephyr/libzephyr.a(usb_device.c.obj)
                0x0000000000002e38                usb_set_config
 .text.usb_device_init
                0x0000000000002e64       0x2c zephyr/libzephyr.a(usb_device.c.obj)
 .text.usb_enable
                0x0000000000002e90      0x128 zephyr/libzephyr.a(usb_device.c.obj)
                0x0000000000002e90                usb_enable
 .text.usb_update_sn_string_descriptor
                0x0000000000002fb8       0x88 zephyr/libzephyr.a(usb_descriptor.c.obj)
                0x0000000000002fb8                usb_update_sn_string_descriptor
 .text.usb_get_device_descriptor
                0x0000000000003040      0x244 zephyr/libzephyr.a(usb_descriptor.c.obj)
                0x0000000000003040                usb_get_device_descriptor
 .text.usb_ep_get_transfer
                0x0000000000003284       0x2c zephyr/libzephyr.a(usb_transfer.c.obj)
 .text.usb_transfer_work
                0x00000000000032b0      0x15c zephyr/libzephyr.a(usb_transfer.c.obj)
 .text.usb_cancel_transfer
                0x000000000000340c       0x3c zephyr/libzephyr.a(usb_transfer.c.obj)
                0x000000000000340c                usb_cancel_transfer
 .text.usb_cancel_transfers
                0x0000000000003448       0x48 zephyr/libzephyr.a(usb_transfer.c.obj)
                0x0000000000003448                usb_cancel_transfers
 .text.usb_transfer_init
                0x0000000000003490       0x34 zephyr/libzephyr.a(usb_transfer.c.obj)
                0x0000000000003490                usb_transfer_init
 .text.nrf_cc3xx_platform_abort_init
                0x00000000000034c4        0xc zephyr/libzephyr.a(nrf_cc3xx_platform_abort_zephyr.c.obj)
                0x00000000000034c4                nrf_cc3xx_platform_abort_init
 .text.mutex_free_platform
                0x00000000000034d0       0x54 zephyr/libzephyr.a(nrf_cc3xx_platform_mutex_zephyr.c.obj)
 .text.mutex_lock_platform
                0x0000000000003524       0x60 zephyr/libzephyr.a(nrf_cc3xx_platform_mutex_zephyr.c.obj)
 .text.mutex_unlock_platform
                0x0000000000003584       0x58 zephyr/libzephyr.a(nrf_cc3xx_platform_mutex_zephyr.c.obj)
 .text.mutex_init_platform
                0x00000000000035dc       0x94 zephyr/libzephyr.a(nrf_cc3xx_platform_mutex_zephyr.c.obj)
 .text.nrf_cc3xx_platform_mutex_init
                0x0000000000003670       0x2c zephyr/libzephyr.a(nrf_cc3xx_platform_mutex_zephyr.c.obj)
                0x0000000000003670                nrf_cc3xx_platform_mutex_init
 .text.z_arm_cpu_idle_init
                0x000000000000369c        0xc zephyr/arch/arch/arm/core/aarch32/libarch__arm__core__aarch32.a(cpu_idle.S.obj)
                0x000000000000369c                z_arm_cpu_idle_init
 .text.arch_cpu_idle
                0x00000000000036a8       0x1c zephyr/arch/arch/arm/core/aarch32/libarch__arm__core__aarch32.a(cpu_idle.S.obj)
                0x00000000000036a8                arch_cpu_idle
 .text.arch_cpu_atomic_idle
                0x00000000000036c4       0x18 zephyr/arch/arch/arm/core/aarch32/libarch__arm__core__aarch32.a(cpu_idle.S.obj)
                0x00000000000036c4                arch_cpu_atomic_idle
 .text.z_arm_fatal_error
                0x00000000000036dc       0xcc zephyr/arch/arch/arm/core/aarch32/libarch__arm__core__aarch32.a(fatal.c.obj)
                0x00000000000036dc                z_arm_fatal_error
 .text.arch_irq_enable
                0x00000000000037a8       0x1c zephyr/arch/arch/arm/core/aarch32/libarch__arm__core__aarch32.a(irq_manage.c.obj)
                0x00000000000037a8                arch_irq_enable
 .text.arch_irq_disable
                0x00000000000037c4       0x28 zephyr/arch/arch/arm/core/aarch32/libarch__arm__core__aarch32.a(irq_manage.c.obj)
                0x00000000000037c4                arch_irq_disable
 .text.arch_irq_is_enabled
                0x00000000000037ec       0x1c zephyr/arch/arch/arm/core/aarch32/libarch__arm__core__aarch32.a(irq_manage.c.obj)
                0x00000000000037ec                arch_irq_is_enabled
 .text.z_arm_irq_priority_set
                0x0000000000003808       0x30 zephyr/arch/arch/arm/core/aarch32/libarch__arm__core__aarch32.a(irq_manage.c.obj)
                0x0000000000003808                z_arm_irq_priority_set
 .text.z_SysNmiOnReset
                0x0000000000003838        0x8 zephyr/arch/arch/arm/core/aarch32/libarch__arm__core__aarch32.a(nmi_on_reset.S.obj)
                0x0000000000003838                z_SysNmiOnReset
 .text.z_arm_prep_c
                0x0000000000003840       0x38 zephyr/arch/arch/arm/core/aarch32/libarch__arm__core__aarch32.a(prep_c.c.obj)
                0x0000000000003840                z_arm_prep_c
 .text.arch_swap
                0x0000000000003878       0x34 zephyr/arch/arch/arm/core/aarch32/libarch__arm__core__aarch32.a(swap.c.obj)
                0x0000000000003878                arch_swap
 .text.z_arm_pendsv
                0x00000000000038ac       0x54 zephyr/arch/arch/arm/core/aarch32/libarch__arm__core__aarch32.a(swap_helper.S.obj)
                0x00000000000038ac                z_arm_pendsv
 .text.z_arm_svc
                0x0000000000003900       0x20 zephyr/arch/arch/arm/core/aarch32/libarch__arm__core__aarch32.a(swap_helper.S.obj)
                0x0000000000003900                z_arm_svc
 .text.arch_new_thread
                0x0000000000003920       0x38 zephyr/arch/arch/arm/core/aarch32/libarch__arm__core__aarch32.a(thread.c.obj)
                0x0000000000003920                arch_new_thread
 .text.z_check_thread_stack_fail
                0x0000000000003958       0x2c zephyr/arch/arch/arm/core/aarch32/libarch__arm__core__aarch32.a(thread.c.obj)
                0x0000000000003958                z_check_thread_stack_fail
 .text.arch_switch_to_main_thread
                0x0000000000003984       0x2c zephyr/arch/arch/arm/core/aarch32/libarch__arm__core__aarch32.a(thread.c.obj)
                0x0000000000003984                arch_switch_to_main_thread
 .text._isr_wrapper
                0x00000000000039b0       0x40 zephyr/arch/arch/arm/core/aarch32/libarch__arm__core__aarch32.a(isr_wrapper.S.obj)
                0x00000000000039b0                _isr_wrapper
 .text._HandlerModeExit
                0x00000000000039f0       0x1c zephyr/arch/arch/arm/core/aarch32/cortex_m/libarch__arm__core__aarch32__cortex_m.a(exc_exit.S.obj)
                0x00000000000039f0                z_arm_int_exit
                0x00000000000039f0                z_arm_exc_exit
 .text.bus_fault.constprop.0
                0x0000000000003a0c      0x154 zephyr/arch/arch/arm/core/aarch32/cortex_m/libarch__arm__core__aarch32__cortex_m.a(fault.c.obj)
 .text.usage_fault.constprop.0
                0x0000000000003b60      0x104 zephyr/arch/arch/arm/core/aarch32/cortex_m/libarch__arm__core__aarch32__cortex_m.a(fault.c.obj)
 .text.mem_manage_fault
                0x0000000000003c64      0x178 zephyr/arch/arch/arm/core/aarch32/cortex_m/libarch__arm__core__aarch32__cortex_m.a(fault.c.obj)
 .text.z_arm_fault
                0x0000000000003ddc      0x218 zephyr/arch/arch/arm/core/aarch32/cortex_m/libarch__arm__core__aarch32__cortex_m.a(fault.c.obj)
                0x0000000000003ddc                z_arm_fault
 .text.z_arm_fault_init
                0x0000000000003ff4       0x10 zephyr/arch/arch/arm/core/aarch32/cortex_m/libarch__arm__core__aarch32__cortex_m.a(fault.c.obj)
                0x0000000000003ff4                z_arm_fault_init
 .text.__fault  0x0000000000004004       0x14 zephyr/arch/arch/arm/core/aarch32/cortex_m/libarch__arm__core__aarch32__cortex_m.a(fault_s.S.obj)
                0x0000000000004004                z_arm_usage_fault
                0x0000000000004004                z_arm_mpu_fault
                0x0000000000004004                z_arm_exc_spurious
                0x0000000000004004                z_arm_debug_monitor
                0x0000000000004004                z_arm_hard_fault
                0x0000000000004004                z_arm_bus_fault
 .text.z_arm_interrupt_init
                0x0000000000004018       0x18 zephyr/arch/arch/arm/core/aarch32/cortex_m/libarch__arm__core__aarch32__cortex_m.a(irq_init.c.obj)
                0x0000000000004018                z_arm_interrupt_init
 .text._reset_section
                0x0000000000004030       0x54 zephyr/arch/arch/arm/core/aarch32/cortex_m/libarch__arm__core__aarch32__cortex_m.a(reset.S.obj)
                0x0000000000004030                __start
                0x0000000000004030                z_arm_reset
 .text.z_arm_clear_arm_mpu_config
                0x0000000000004084       0x24 zephyr/arch/arch/arm/core/aarch32/cortex_m/libarch__arm__core__aarch32__cortex_m.a(scb.c.obj)
                0x0000000000004084                z_arm_clear_arm_mpu_config
 .text.z_arm_init_arch_hw_at_boot
                0x00000000000040a8       0x64 zephyr/arch/arch/arm/core/aarch32/cortex_m/libarch__arm__core__aarch32__cortex_m.a(scb.c.obj)
                0x00000000000040a8                z_arm_init_arch_hw_at_boot
 .text.z_impl_k_thread_abort
                0x000000000000410c       0x2c zephyr/arch/arch/arm/core/aarch32/cortex_m/libarch__arm__core__aarch32__cortex_m.a(thread_abort.c.obj)
                0x000000000000410c                z_impl_k_thread_abort
 .text.z_arm_configure_static_mpu_regions
                0x0000000000004138       0x18 zephyr/arch/arch/arm/core/aarch32/mpu/libarch__arm__core__aarch32__mpu.a(arm_core_mpu.c.obj)
                0x0000000000004138                z_arm_configure_static_mpu_regions
 .text.z_arm_configure_dynamic_mpu_regions
                0x0000000000004150       0x20 zephyr/arch/arch/arm/core/aarch32/mpu/libarch__arm__core__aarch32__mpu.a(arm_core_mpu.c.obj)
                0x0000000000004150                z_arm_configure_dynamic_mpu_regions
 .text.mpu_configure_regions
                0x0000000000004170       0xcc zephyr/arch/arch/arm/core/aarch32/mpu/libarch__arm__core__aarch32__mpu.a(arm_mpu.c.obj)
 .text.arm_core_mpu_enable
                0x000000000000423c       0x18 zephyr/arch/arch/arm/core/aarch32/mpu/libarch__arm__core__aarch32__mpu.a(arm_mpu.c.obj)
                0x000000000000423c                arm_core_mpu_enable
 .text.arm_core_mpu_disable
                0x0000000000004254       0x14 zephyr/arch/arch/arm/core/aarch32/mpu/libarch__arm__core__aarch32__mpu.a(arm_mpu.c.obj)
                0x0000000000004254                arm_core_mpu_disable
 .text.arm_core_mpu_configure_static_mpu_regions
                0x0000000000004268       0x14 zephyr/arch/arch/arm/core/aarch32/mpu/libarch__arm__core__aarch32__mpu.a(arm_mpu.c.obj)
                0x0000000000004268                arm_core_mpu_configure_static_mpu_regions
 .text.arm_core_mpu_configure_dynamic_mpu_regions
                0x000000000000427c       0x30 zephyr/arch/arch/arm/core/aarch32/mpu/libarch__arm__core__aarch32__mpu.a(arm_mpu.c.obj)
                0x000000000000427c                arm_core_mpu_configure_dynamic_mpu_regions
 .text.z_arm_mpu_init
                0x00000000000042ac       0x60 zephyr/arch/arch/arm/core/aarch32/mpu/libarch__arm__core__aarch32__mpu.a(arm_mpu.c.obj)
                0x00000000000042ac                z_arm_mpu_init
 .text.__stdout_hook_install
                0x000000000000430c        0xc zephyr/lib/libc/minimal/liblib__libc__minimal.a(stdout_console.c.obj)
                0x000000000000430c                __stdout_hook_install
 .text.nordicsemi_nrf52_init
                0x0000000000004318       0x60 zephyr/soc/arm/nordic_nrf/nrf52/libsoc__arm__nordic_nrf__nrf52.a(soc.c.obj)
 .text.sys_arch_reboot
                0x0000000000004378       0x2c zephyr/soc/arm/nordic_nrf/nrf52/libsoc__arm__nordic_nrf__nrf52.a(soc.c.obj)
                0x0000000000004378                sys_arch_reboot
 .text.arch_busy_wait
                0x00000000000043a4       0x14 zephyr/soc/arm/nordic_nrf/nrf52/libsoc__arm__nordic_nrf__nrf52.a(soc.c.obj)
                0x00000000000043a4                arch_busy_wait
 .text.endpoint_ctx
                0x00000000000043b8       0x60 zephyr/drivers/usb/device/libdrivers__usb__device.a(usb_dc_nrfx.c.obj)
 .text.usbd_work_schedule
                0x0000000000004418       0x10 zephyr/drivers/usb/device/libdrivers__usb__device.a(usb_dc_nrfx.c.obj)
 .text.usbd_evt_put
                0x0000000000004428        0xc zephyr/drivers/usb/device/libdrivers__usb__device.a(usb_dc_nrfx.c.obj)
 .text.usbd_evt_get
                0x0000000000004434       0x10 zephyr/drivers/usb/device/libdrivers__usb__device.a(usb_dc_nrfx.c.obj)
 .text.usbd_evt_flush
                0x0000000000004444       0x1c zephyr/drivers/usb/device/libdrivers__usb__device.a(usb_dc_nrfx.c.obj)
 .text.usbd_evt_alloc
                0x0000000000004460       0x78 zephyr/drivers/usb/device/libdrivers__usb__device.a(usb_dc_nrfx.c.obj)
 .text.usb_dc_power_event_handler
                0x00000000000044d8       0x5c zephyr/drivers/usb/device/libdrivers__usb__device.a(usb_dc_nrfx.c.obj)
 .text.usbd_event_transfer_data
                0x0000000000004534       0xe0 zephyr/drivers/usb/device/libdrivers__usb__device.a(usb_dc_nrfx.c.obj)
 .text.usb_init
                0x0000000000004614       0x70 zephyr/drivers/usb/device/libdrivers__usb__device.a(usb_dc_nrfx.c.obj)
 .text.hfxo_stop.constprop.0.isra.0
                0x0000000000004684       0x40 zephyr/drivers/usb/device/libdrivers__usb__device.a(usb_dc_nrfx.c.obj)
 .text.usbd_event_handler
                0x00000000000046c4      0x170 zephyr/drivers/usb/device/libdrivers__usb__device.a(usb_dc_nrfx.c.obj)
 .text.eps_ctx_init
                0x0000000000004834       0x68 zephyr/drivers/usb/device/libdrivers__usb__device.a(usb_dc_nrfx.c.obj)
 .text.usbd_work_handler
                0x000000000000489c      0x3a4 zephyr/drivers/usb/device/libdrivers__usb__device.a(usb_dc_nrfx.c.obj)
 .text.usb_dc_attach
                0x0000000000004c40       0x64 zephyr/drivers/usb/device/libdrivers__usb__device.a(usb_dc_nrfx.c.obj)
                0x0000000000004c40                usb_dc_attach
 .text.usb_dc_set_address
                0x0000000000004ca4       0x24 zephyr/drivers/usb/device/libdrivers__usb__device.a(usb_dc_nrfx.c.obj)
                0x0000000000004ca4                usb_dc_set_address
 .text.usb_dc_ep_check_cap
                0x0000000000004cc8       0x64 zephyr/drivers/usb/device/libdrivers__usb__device.a(usb_dc_nrfx.c.obj)
                0x0000000000004cc8                usb_dc_ep_check_cap
 .text.usb_dc_ep_configure
                0x0000000000004d2c       0x68 zephyr/drivers/usb/device/libdrivers__usb__device.a(usb_dc_nrfx.c.obj)
                0x0000000000004d2c                usb_dc_ep_configure
 .text.usb_dc_ep_set_stall
                0x0000000000004d94       0x74 zephyr/drivers/usb/device/libdrivers__usb__device.a(usb_dc_nrfx.c.obj)
                0x0000000000004d94                usb_dc_ep_set_stall
 .text.usb_dc_ep_clear_stall
                0x0000000000004e08       0x40 zephyr/drivers/usb/device/libdrivers__usb__device.a(usb_dc_nrfx.c.obj)
                0x0000000000004e08                usb_dc_ep_clear_stall
 .text.usb_dc_ep_is_stalled
                0x0000000000004e48       0x38 zephyr/drivers/usb/device/libdrivers__usb__device.a(usb_dc_nrfx.c.obj)
                0x0000000000004e48                usb_dc_ep_is_stalled
 .text.usb_dc_ep_enable
                0x0000000000004e80       0x54 zephyr/drivers/usb/device/libdrivers__usb__device.a(usb_dc_nrfx.c.obj)
                0x0000000000004e80                usb_dc_ep_enable
 .text.usb_dc_ep_write
                0x0000000000004ed4      0x144 zephyr/drivers/usb/device/libdrivers__usb__device.a(usb_dc_nrfx.c.obj)
                0x0000000000004ed4                usb_dc_ep_write
 .text.usb_dc_ep_read_wait
                0x0000000000005018       0xcc zephyr/drivers/usb/device/libdrivers__usb__device.a(usb_dc_nrfx.c.obj)
                0x0000000000005018                usb_dc_ep_read_wait
 .text.usb_dc_ep_read_continue
                0x00000000000050e4       0xb0 zephyr/drivers/usb/device/libdrivers__usb__device.a(usb_dc_nrfx.c.obj)
                0x00000000000050e4                usb_dc_ep_read_continue
 .text.usb_dc_ep_set_callback
                0x0000000000005194       0x28 zephyr/drivers/usb/device/libdrivers__usb__device.a(usb_dc_nrfx.c.obj)
                0x0000000000005194                usb_dc_ep_set_callback
 .text.usb_dc_set_status_callback
                0x00000000000051bc        0xc zephyr/drivers/usb/device/libdrivers__usb__device.a(usb_dc_nrfx.c.obj)
                0x00000000000051bc                usb_dc_set_status_callback
 .text.usb_dc_ep_mps
                0x00000000000051c8       0x24 zephyr/drivers/usb/device/libdrivers__usb__device.a(usb_dc_nrfx.c.obj)
                0x00000000000051c8                usb_dc_ep_mps
 .text.onoff_stop
                0x00000000000051ec       0x30 zephyr/drivers/clock_control/libdrivers__clock_control.a(clock_control_nrf.c.obj)
 .text.onoff_start
                0x000000000000521c       0x44 zephyr/drivers/clock_control/libdrivers__clock_control.a(clock_control_nrf.c.obj)
 .text.clk_init
                0x0000000000005260       0x58 zephyr/drivers/clock_control/libdrivers__clock_control.a(clock_control_nrf.c.obj)
 .text.clkstarted_handle.constprop.0
                0x00000000000052b8       0x34 zephyr/drivers/clock_control/libdrivers__clock_control.a(clock_control_nrf.c.obj)
 .text.clock_event_handler
                0x00000000000052ec       0x1c zephyr/drivers/clock_control/libdrivers__clock_control.a(clock_control_nrf.c.obj)
 .text.generic_hfclk_start
                0x0000000000005308       0x64 zephyr/drivers/clock_control/libdrivers__clock_control.a(clock_control_nrf.c.obj)
 .text.api_blocking_start
                0x000000000000536c       0x3c zephyr/drivers/clock_control/libdrivers__clock_control.a(clock_control_nrf.c.obj)
 .text.generic_hfclk_stop
                0x00000000000053a8       0x34 zephyr/drivers/clock_control/libdrivers__clock_control.a(clock_control_nrf.c.obj)
 .text.z_nrf_clock_control_get_onoff
                0x00000000000053dc       0x10 zephyr/drivers/clock_control/libdrivers__clock_control.a(clock_control_nrf.c.obj)
                0x00000000000053dc                z_nrf_clock_control_get_onoff
 .text.z_nrf_clock_control_lf_on
                0x00000000000053ec       0xfc zephyr/drivers/clock_control/libdrivers__clock_control.a(clock_control_nrf.c.obj)
                0x00000000000053ec                z_nrf_clock_control_lf_on
 .text.uart_console_init
                0x00000000000054e8       0x28 zephyr/drivers/console/libdrivers__console.a(uart_console.c.obj)
 .text.console_out
                0x0000000000005510       0x28 zephyr/drivers/console/libdrivers__console.a(uart_console.c.obj)
 .text.gpio_nrfx_pin_interrupt_configure
                0x0000000000005538       0xd4 zephyr/drivers/gpio/libdrivers__gpio.a(gpio_nrfx.c.obj)
 .text.gpio_nrfx_init
                0x000000000000560c       0x38 zephyr/drivers/gpio/libdrivers__gpio.a(gpio_nrfx.c.obj)
 .text.nrfx_gpio_handler
                0x0000000000005644       0x4c zephyr/drivers/gpio/libdrivers__gpio.a(gpio_nrfx.c.obj)
 .text.gpio_nrfx_pin_configure
                0x0000000000005690      0x128 zephyr/drivers/gpio/libdrivers__gpio.a(gpio_nrfx.c.obj)
 .text.timer_callback
                0x00000000000057b8        0xc zephyr/drivers/lora/libloramac-node.a(hal_common.c.obj)
 .text.RtcGetTimerElapsedTime
                0x00000000000057c4       0x14 zephyr/drivers/lora/libloramac-node.a(hal_common.c.obj)
                0x00000000000057c4                RtcGetTimerElapsedTime
 .text.RtcStopAlarm
                0x00000000000057d8        0xc zephyr/drivers/lora/libloramac-node.a(hal_common.c.obj)
                0x00000000000057d8                RtcStopAlarm
 .text.RtcSetAlarm
                0x00000000000057e4       0x34 zephyr/drivers/lora/libloramac-node.a(hal_common.c.obj)
                0x00000000000057e4                RtcSetAlarm
 .text.RtcSetTimerContext
                0x0000000000005818       0x10 zephyr/drivers/lora/libloramac-node.a(hal_common.c.obj)
                0x0000000000005818                RtcSetTimerContext
 .text.RtcGetTimerContext
                0x0000000000005828        0xc zephyr/drivers/lora/libloramac-node.a(hal_common.c.obj)
                0x0000000000005828                RtcGetTimerContext
 .text.sx12xx_ev_rx_done
                0x0000000000005834       0xac zephyr/drivers/lora/libloramac-node.a(sx12xx_common.c.obj)
 .text.modem_release.constprop.0
                0x00000000000058e0       0x54 zephyr/drivers/lora/libloramac-node.a(sx12xx_common.c.obj)
 .text.sx12xx_ev_tx_done
                0x0000000000005934       0x20 zephyr/drivers/lora/libloramac-node.a(sx12xx_common.c.obj)
 .text.__sx12xx_configure_pin
                0x0000000000005954       0xd0 zephyr/drivers/lora/libloramac-node.a(sx12xx_common.c.obj)
                0x0000000000005954                __sx12xx_configure_pin
 .text.sx12xx_lora_send_async
                0x0000000000005a24       0x4c zephyr/drivers/lora/libloramac-node.a(sx12xx_common.c.obj)
                0x0000000000005a24                sx12xx_lora_send_async
 .text.sx12xx_lora_send
                0x0000000000005a70      0x118 zephyr/drivers/lora/libloramac-node.a(sx12xx_common.c.obj)
                0x0000000000005a70                sx12xx_lora_send
 .text.sx12xx_lora_recv
                0x0000000000005b88       0xc8 zephyr/drivers/lora/libloramac-node.a(sx12xx_common.c.obj)
                0x0000000000005b88                sx12xx_lora_recv
 .text.sx12xx_lora_recv_async
                0x0000000000005c50       0x54 zephyr/drivers/lora/libloramac-node.a(sx12xx_common.c.obj)
                0x0000000000005c50                sx12xx_lora_recv_async
 .text.sx12xx_lora_config
                0x0000000000005ca4       0xb0 zephyr/drivers/lora/libloramac-node.a(sx12xx_common.c.obj)
                0x0000000000005ca4                sx12xx_lora_config
 .text.sx12xx_lora_test_cw
                0x0000000000005d54       0x40 zephyr/drivers/lora/libloramac-node.a(sx12xx_common.c.obj)
                0x0000000000005d54                sx12xx_lora_test_cw
 .text.sx12xx_init
                0x0000000000005d94       0x58 zephyr/drivers/lora/libloramac-node.a(sx12xx_common.c.obj)
                0x0000000000005d94                sx12xx_init
 .text.sx127x_dio_work_handle
                0x0000000000005dec       0x18 zephyr/drivers/lora/libloramac-node.a(sx127x.c.obj)
 .text.sx127x_irq_callback
                0x0000000000005e04       0x20 zephyr/drivers/lora/libloramac-node.a(sx127x.c.obj)
 .text.SX1276WriteBuffer.part.0
                0x0000000000005e24       0x2c zephyr/drivers/lora/libloramac-node.a(sx127x.c.obj)
 .text.SX1276ReadBuffer.part.0
                0x0000000000005e50       0x2c zephyr/drivers/lora/libloramac-node.a(sx127x.c.obj)
 .text.gpio_pin_set_dt.constprop.0.isra.0
                0x0000000000005e7c       0x24 zephyr/drivers/lora/libloramac-node.a(sx127x.c.obj)
 .text.SX1276IoIrqInit
                0x0000000000005ea0       0xd4 zephyr/drivers/lora/libloramac-node.a(sx127x.c.obj)
                0x0000000000005ea0                SX1276IoIrqInit
 .text.sx127x_read
                0x0000000000005f74       0x3c zephyr/drivers/lora/libloramac-node.a(sx127x.c.obj)
                0x0000000000005f74                sx127x_read
 .text.sx127x_lora_init
                0x0000000000005fb0       0xf4 zephyr/drivers/lora/libloramac-node.a(sx127x.c.obj)
 .text.sx127x_write
                0x00000000000060a4       0x3c zephyr/drivers/lora/libloramac-node.a(sx127x.c.obj)
                0x00000000000060a4                sx127x_write
 .text.SX1276SetRfTxPower
                0x00000000000060e0       0xb0 zephyr/drivers/lora/libloramac-node.a(sx127x.c.obj)
                0x00000000000060e0                SX1276SetRfTxPower
 .text.TimerInsertNewHeadTimer
                0x0000000000006190       0x18 zephyr/drivers/lora/libloramac-node.a(timer.c.obj)
 .text.TimerStart
                0x00000000000061a8       0x70 zephyr/drivers/lora/libloramac-node.a(timer.c.obj)
                0x00000000000061a8                TimerStart
 .text.TimerIrqHandler
                0x0000000000006218       0x7c zephyr/drivers/lora/libloramac-node.a(timer.c.obj)
                0x0000000000006218                TimerIrqHandler
 .text.TimerStop
                0x0000000000006294       0x54 zephyr/drivers/lora/libloramac-node.a(timer.c.obj)
                0x0000000000006294                TimerStop
 .text.GetFskBandwidthRegValue
                0x00000000000062e8       0x2c zephyr/drivers/lora/libloramac-node.a(sx1276.c.obj)
 .text.SX1276OnDio4Irq
                0x0000000000006314       0x1c zephyr/drivers/lora/libloramac-node.a(sx1276.c.obj)
 .text.SX1276GetStatus
                0x0000000000006330        0xc zephyr/drivers/lora/libloramac-node.a(sx1276.c.obj)
                0x0000000000006330                SX1276GetStatus
 .text.SX1276GetTimeOnAir
                0x000000000000633c       0xdc zephyr/drivers/lora/libloramac-node.a(sx1276.c.obj)
                0x000000000000633c                SX1276GetTimeOnAir
 .text.SX1276SetChannel
                0x0000000000006418       0x48 zephyr/drivers/lora/libloramac-node.a(sx1276.c.obj)
                0x0000000000006418                SX1276SetChannel
 .text.SX1276OnDio3Irq
                0x0000000000006460       0x50 zephyr/drivers/lora/libloramac-node.a(sx1276.c.obj)
 .text.SX1276OnDio2Irq
                0x00000000000064b0       0xd4 zephyr/drivers/lora/libloramac-node.a(sx1276.c.obj)
 .text.SX1276OnDio1Irq
                0x0000000000006584      0x118 zephyr/drivers/lora/libloramac-node.a(sx1276.c.obj)
 .text.SX1276OnDio0Irq
                0x000000000000669c      0x260 zephyr/drivers/lora/libloramac-node.a(sx1276.c.obj)
 .text.RxChainCalibration
                0x00000000000068fc       0x94 zephyr/drivers/lora/libloramac-node.a(sx1276.c.obj)
 .text.SX1276SetSleep
                0x0000000000006990       0x3c zephyr/drivers/lora/libloramac-node.a(sx1276.c.obj)
                0x0000000000006990                SX1276SetSleep
 .text.SX1276SetStby
                0x00000000000069cc       0x34 zephyr/drivers/lora/libloramac-node.a(sx1276.c.obj)
                0x00000000000069cc                SX1276SetStby
 .text.SX1276Send
                0x0000000000006a00      0x194 zephyr/drivers/lora/libloramac-node.a(sx1276.c.obj)
                0x0000000000006a00                SX1276Send
 .text.SX1276SetRx
                0x0000000000006b94      0x220 zephyr/drivers/lora/libloramac-node.a(sx1276.c.obj)
                0x0000000000006b94                SX1276SetRx
 .text.SX1276ReadRssi
                0x0000000000006db4       0x48 zephyr/drivers/lora/libloramac-node.a(sx1276.c.obj)
                0x0000000000006db4                SX1276ReadRssi
 .text.SX1276SetModem
                0x0000000000006dfc       0x74 zephyr/drivers/lora/libloramac-node.a(sx1276.c.obj)
                0x0000000000006dfc                SX1276SetModem
 .text.SX1276Init
                0x0000000000006e70       0x80 zephyr/drivers/lora/libloramac-node.a(sx1276.c.obj)
                0x0000000000006e70                SX1276Init
 .text.SX1276SetRxConfig
                0x0000000000006ef0      0x2a8 zephyr/drivers/lora/libloramac-node.a(sx1276.c.obj)
                0x0000000000006ef0                SX1276SetRxConfig
 .text.SX1276SetTxConfig
                0x0000000000007198      0x23c zephyr/drivers/lora/libloramac-node.a(sx1276.c.obj)
                0x0000000000007198                SX1276SetTxConfig
 .text.SX1276SetTxContinuousWave
                0x00000000000073d4       0x84 zephyr/drivers/lora/libloramac-node.a(sx1276.c.obj)
                0x00000000000073d4                SX1276SetTxContinuousWave
 .text.SX1276SetMaxPayloadLength
                0x0000000000007458       0x34 zephyr/drivers/lora/libloramac-node.a(sx1276.c.obj)
                0x0000000000007458                SX1276SetMaxPayloadLength
 .text.SX1276SetPublicNetwork
                0x000000000000748c       0x28 zephyr/drivers/lora/libloramac-node.a(sx1276.c.obj)
                0x000000000000748c                SX1276SetPublicNetwork
 .text.SX1276OnTimeoutIrq
                0x00000000000074b4       0xc8 zephyr/drivers/lora/libloramac-node.a(sx1276.c.obj)
 .text.pinctrl_configure_pins
                0x000000000000757c      0x174 zephyr/drivers/pinctrl/libdrivers__pinctrl.a(pinctrl_nrf.c.obj)
                0x000000000000757c                pinctrl_configure_pins
 .text.uarte_nrfx_configure
                0x00000000000076f0      0x168 zephyr/drivers/serial/libdrivers__serial.a(uart_nrfx_uarte.c.obj)
 .text.uarte_0_init
                0x0000000000007858      0x118 zephyr/drivers/serial/libdrivers__serial.a(uart_nrfx_uarte.c.obj)
 .text.uarte_nrfx_poll_out
                0x0000000000007970       0xcc zephyr/drivers/serial/libdrivers__serial.a(uart_nrfx_uarte.c.obj)
 .text.spi_nrfx_init
                0x0000000000007a3c       0xdc zephyr/drivers/spi/libdrivers__spi.a(spi_nrfx_spi.c.obj)
 .text.transfer_next_chunk
                0x0000000000007b18       0x6c zephyr/drivers/spi/libdrivers__spi.a(spi_nrfx_spi.c.obj)
 .text.event_handler
                0x0000000000007b84       0xd8 zephyr/drivers/spi/libdrivers__spi.a(spi_nrfx_spi.c.obj)
 .text.spi_nrfx_transceive
                0x0000000000007c5c      0x358 zephyr/drivers/spi/libdrivers__spi.a(spi_nrfx_spi.c.obj)
 .text.spi_nrfx_init
                0x0000000000007fb4       0xdc zephyr/drivers/spi/libdrivers__spi.a(spi_nrfx_spim.c.obj)
 .text.transfer_next_chunk
                0x0000000000008090       0x98 zephyr/drivers/spi/libdrivers__spi.a(spi_nrfx_spim.c.obj)
 .text.event_handler
                0x0000000000008128       0xd8 zephyr/drivers/spi/libdrivers__spi.a(spi_nrfx_spim.c.obj)
 .text.spi_nrfx_transceive
                0x0000000000008200      0x388 zephyr/drivers/spi/libdrivers__spi.a(spi_nrfx_spim.c.obj)
 .text.compare_int_lock
                0x0000000000008588       0x48 zephyr/drivers/timer/libdrivers__timer.a(nrf_rtc_timer.c.obj)
 .text.sys_clock_timeout_handler
                0x00000000000085d0       0x48 zephyr/drivers/timer/libdrivers__timer.a(nrf_rtc_timer.c.obj)
 .text.compare_int_unlock
                0x0000000000008618       0x5c zephyr/drivers/timer/libdrivers__timer.a(nrf_rtc_timer.c.obj)
 .text.z_nrf_rtc_timer_read
                0x0000000000008674       0x44 zephyr/drivers/timer/libdrivers__timer.a(nrf_rtc_timer.c.obj)
                0x0000000000008674                z_nrf_rtc_timer_read
 .text.compare_set
                0x00000000000086b8      0x11c zephyr/drivers/timer/libdrivers__timer.a(nrf_rtc_timer.c.obj)
 .text.sys_clock_driver_init
                0x00000000000087d4       0x8c zephyr/drivers/timer/libdrivers__timer.a(nrf_rtc_timer.c.obj)
 .text.rtc_nrf_isr
                0x0000000000008860       0xd4 zephyr/drivers/timer/libdrivers__timer.a(nrf_rtc_timer.c.obj)
                0x0000000000008860                rtc_nrf_isr
 .text.sys_clock_set_timeout
                0x0000000000008934       0x64 zephyr/drivers/timer/libdrivers__timer.a(nrf_rtc_timer.c.obj)
                0x0000000000008934                sys_clock_set_timeout
 .text.sys_clock_elapsed
                0x0000000000008998       0x14 zephyr/drivers/timer/libdrivers__timer.a(nrf_rtc_timer.c.obj)
                0x0000000000008998                sys_clock_elapsed
 .text.sys_clock_disable
                0x00000000000089ac       0x30 zephyr/drivers/timer/libdrivers__timer.a(nrf_rtc_timer.c.obj)
                0x00000000000089ac                sys_clock_disable
 .text.k_sys_fatal_error_handler
                0x00000000000089dc       0x2c modules/nrf/lib/fatal_error/lib..__nrf__lib__fatal_error.a(fatal_error.c.obj)
                0x00000000000089dc                k_sys_fatal_error_handler
 .text.nrf52_errata_98
                0x0000000000008a08       0x24 modules/hal_nordic/nrfx/libmodules__hal_nordic__nrfx.a(system_nrf52840.c.obj)
 .text.nvmc_wait
                0x0000000000008a2c       0x10 modules/hal_nordic/nrfx/libmodules__hal_nordic__nrfx.a(system_nrf52840.c.obj)
                0x0000000000008a2c                nvmc_wait
 .text.SystemInit
                0x0000000000008a3c      0x1bc modules/hal_nordic/nrfx/libmodules__hal_nordic__nrfx.a(system_nrf52840.c.obj)
                0x0000000000008a3c                SystemInit
 .text.nrfx_flag32_alloc
                0x0000000000008bf8       0x40 modules/hal_nordic/nrfx/libmodules__hal_nordic__nrfx.a(nrfx_flag32_allocator.c.obj)
                0x0000000000008bf8                nrfx_flag32_alloc
 .text.nrfx_flag32_free
                0x0000000000008c38       0x40 modules/hal_nordic/nrfx/libmodules__hal_nordic__nrfx.a(nrfx_flag32_allocator.c.obj)
                0x0000000000008c38                nrfx_flag32_free
 .text.clock_stop
                0x0000000000008c78       0xc8 modules/hal_nordic/nrfx/libmodules__hal_nordic__nrfx.a(nrfx_clock.c.obj)
 .text.nrfx_clock_init
                0x0000000000008d40       0x20 modules/hal_nordic/nrfx/libmodules__hal_nordic__nrfx.a(nrfx_clock.c.obj)
                0x0000000000008d40                nrfx_clock_init
 .text.nrfx_clock_enable
                0x0000000000008d60       0x24 modules/hal_nordic/nrfx/libmodules__hal_nordic__nrfx.a(nrfx_clock.c.obj)
                0x0000000000008d60                nrfx_clock_enable
 .text.nrfx_clock_irq_handler
                0x0000000000008d84       0x68 modules/hal_nordic/nrfx/libmodules__hal_nordic__nrfx.a(nrfx_clock.c.obj)
                0x0000000000008d84                nrfx_clock_irq_handler
 .text.nrf_gpio_pin_port_decode
                0x0000000000008dec       0x1c modules/hal_nordic/nrfx/libmodules__hal_nordic__nrfx.a(nrfx_gpiote.c.obj)
 .text.pin_in_use_by_te
                0x0000000000008e08       0x14 modules/hal_nordic/nrfx/libmodules__hal_nordic__nrfx.a(nrfx_gpiote.c.obj)
 .text.call_handler
                0x0000000000008e1c       0x3c modules/hal_nordic/nrfx/libmodules__hal_nordic__nrfx.a(nrfx_gpiote.c.obj)
 .text.release_handler
                0x0000000000008e58       0x54 modules/hal_nordic/nrfx/libmodules__hal_nordic__nrfx.a(nrfx_gpiote.c.obj)
 .text.pin_handler_trigger_uninit
                0x0000000000008eac       0x38 modules/hal_nordic/nrfx/libmodules__hal_nordic__nrfx.a(nrfx_gpiote.c.obj)
 .text.nrfx_gpiote_input_configure
                0x0000000000008ee4      0x15c modules/hal_nordic/nrfx/libmodules__hal_nordic__nrfx.a(nrfx_gpiote.c.obj)
                0x0000000000008ee4                nrfx_gpiote_input_configure
 .text.nrfx_gpiote_output_configure
                0x0000000000009040       0xe4 modules/hal_nordic/nrfx/libmodules__hal_nordic__nrfx.a(nrfx_gpiote.c.obj)
                0x0000000000009040                nrfx_gpiote_output_configure
 .text.nrfx_gpiote_global_callback_set
                0x0000000000009124        0xc modules/hal_nordic/nrfx/libmodules__hal_nordic__nrfx.a(nrfx_gpiote.c.obj)
                0x0000000000009124                nrfx_gpiote_global_callback_set
 .text.nrfx_gpiote_channel_get
                0x0000000000009130       0x2c modules/hal_nordic/nrfx/libmodules__hal_nordic__nrfx.a(nrfx_gpiote.c.obj)
                0x0000000000009130                nrfx_gpiote_channel_get
 .text.nrfx_gpiote_init
                0x000000000000915c       0x50 modules/hal_nordic/nrfx/libmodules__hal_nordic__nrfx.a(nrfx_gpiote.c.obj)
                0x000000000000915c                nrfx_gpiote_init
 .text.nrfx_gpiote_is_init
                0x00000000000091ac       0x14 modules/hal_nordic/nrfx/libmodules__hal_nordic__nrfx.a(nrfx_gpiote.c.obj)
                0x00000000000091ac                nrfx_gpiote_is_init
 .text.nrfx_gpiote_channel_free
                0x00000000000091c0        0xc modules/hal_nordic/nrfx/libmodules__hal_nordic__nrfx.a(nrfx_gpiote.c.obj)
                0x00000000000091c0                nrfx_gpiote_channel_free
 .text.nrfx_gpiote_channel_alloc
                0x00000000000091cc        0xc modules/hal_nordic/nrfx/libmodules__hal_nordic__nrfx.a(nrfx_gpiote.c.obj)
                0x00000000000091cc                nrfx_gpiote_channel_alloc
 .text.nrfx_gpiote_trigger_enable
                0x00000000000091d8       0x90 modules/hal_nordic/nrfx/libmodules__hal_nordic__nrfx.a(nrfx_gpiote.c.obj)
                0x00000000000091d8                nrfx_gpiote_trigger_enable
 .text.nrfx_gpiote_trigger_disable
                0x0000000000009268       0x50 modules/hal_nordic/nrfx/libmodules__hal_nordic__nrfx.a(nrfx_gpiote.c.obj)
                0x0000000000009268                nrfx_gpiote_trigger_disable
 .text.nrfx_gpiote_pin_uninit
                0x00000000000092b8       0x48 modules/hal_nordic/nrfx/libmodules__hal_nordic__nrfx.a(nrfx_gpiote.c.obj)
                0x00000000000092b8                nrfx_gpiote_pin_uninit
 .text.nrfx_gpiote_irq_handler
                0x0000000000009300      0x1bc modules/hal_nordic/nrfx/libmodules__hal_nordic__nrfx.a(nrfx_gpiote.c.obj)
                0x0000000000009300                nrfx_gpiote_irq_handler
 .text.nrfx_power_init
                0x00000000000094bc       0x74 modules/hal_nordic/nrfx/libmodules__hal_nordic__nrfx.a(nrfx_power.c.obj)
                0x00000000000094bc                nrfx_power_init
 .text.nrfx_power_usbevt_uninit
                0x0000000000009530       0x18 modules/hal_nordic/nrfx/libmodules__hal_nordic__nrfx.a(nrfx_power.c.obj)
                0x0000000000009530                nrfx_power_usbevt_uninit
 .text.nrfx_power_usbevt_init
                0x0000000000009548       0x14 modules/hal_nordic/nrfx/libmodules__hal_nordic__nrfx.a(nrfx_power.c.obj)
                0x0000000000009548                nrfx_power_usbevt_init
 .text.nrfx_power_irq_handler
                0x000000000000955c       0xa0 modules/hal_nordic/nrfx/libmodules__hal_nordic__nrfx.a(nrfx_power.c.obj)
                0x000000000000955c                nrfx_power_irq_handler
 .text.nrfx_ppi_channel_alloc
                0x00000000000095fc        0xc modules/hal_nordic/nrfx/libmodules__hal_nordic__nrfx.a(nrfx_ppi.c.obj)
                0x00000000000095fc                nrfx_ppi_channel_alloc
 .text.nrf_gpio_pin_port_decode
                0x0000000000009608       0x1c modules/hal_nordic/nrfx/libmodules__hal_nordic__nrfx.a(nrfx_spi.c.obj)
 .text.nrfx_spi_init
                0x0000000000009624      0x15c modules/hal_nordic/nrfx/libmodules__hal_nordic__nrfx.a(nrfx_spi.c.obj)
                0x0000000000009624                nrfx_spi_init
 .text.nrfx_spi_uninit
                0x0000000000009780       0x70 modules/hal_nordic/nrfx/libmodules__hal_nordic__nrfx.a(nrfx_spi.c.obj)
                0x0000000000009780                nrfx_spi_uninit
 .text.nrfx_spi_xfer
                0x00000000000097f0       0xfc modules/hal_nordic/nrfx/libmodules__hal_nordic__nrfx.a(nrfx_spi.c.obj)
                0x00000000000097f0                nrfx_spi_xfer
 .text.nrfx_spi_1_irq_handler
                0x00000000000098ec       0x40 modules/hal_nordic/nrfx/libmodules__hal_nordic__nrfx.a(nrfx_spi.c.obj)
                0x00000000000098ec                nrfx_spi_1_irq_handler
 .text.nrf_gpio_pin_port_decode
                0x000000000000992c       0x1c modules/hal_nordic/nrfx/libmodules__hal_nordic__nrfx.a(nrfx_spim.c.obj)
 .text.nrfx_spim_init
                0x0000000000009948      0x200 modules/hal_nordic/nrfx/libmodules__hal_nordic__nrfx.a(nrfx_spim.c.obj)
                0x0000000000009948                nrfx_spim_init
 .text.nrfx_spim_uninit
                0x0000000000009b48       0xbc modules/hal_nordic/nrfx/libmodules__hal_nordic__nrfx.a(nrfx_spim.c.obj)
                0x0000000000009b48                nrfx_spim_uninit
 .text.nrfx_spim_xfer
                0x0000000000009c04      0x178 modules/hal_nordic/nrfx/libmodules__hal_nordic__nrfx.a(nrfx_spim.c.obj)
                0x0000000000009c04                nrfx_spim_xfer
 .text.nrfx_spim_3_irq_handler
                0x0000000000009d7c       0x4c modules/hal_nordic/nrfx/libmodules__hal_nordic__nrfx.a(nrfx_spim.c.obj)
                0x0000000000009d7c                nrfx_spim_3_irq_handler
 .text.nrf52_errata_187
                0x0000000000009dc8       0x28 modules/hal_nordic/nrfx/libmodules__hal_nordic__nrfx.a(nrfx_usbd.c.obj)
 .text.ep_state_access
                0x0000000000009df0       0x1c modules/hal_nordic/nrfx/libmodules__hal_nordic__nrfx.a(nrfx_usbd.c.obj)
 .text.ev_usbreset_handler
                0x0000000000009e0c       0x2c modules/hal_nordic/nrfx/libmodules__hal_nordic__nrfx.a(nrfx_usbd.c.obj)
 .text.ev_usbevent_handler
                0x0000000000009e38       0x74 modules/hal_nordic/nrfx/libmodules__hal_nordic__nrfx.a(nrfx_usbd.c.obj)
 .text.usbd_errata_187_211_begin
                0x0000000000009eac       0x40 modules/hal_nordic/nrfx/libmodules__hal_nordic__nrfx.a(nrfx_usbd.c.obj)
 .text.usbd_errata_187_211_end
                0x0000000000009eec       0x40 modules/hal_nordic/nrfx/libmodules__hal_nordic__nrfx.a(nrfx_usbd.c.obj)
 .text.nrfx_usbd_feeder_flash
                0x0000000000009f2c       0x38 modules/hal_nordic/nrfx/libmodules__hal_nordic__nrfx.a(nrfx_usbd.c.obj)
                0x0000000000009f2c                nrfx_usbd_feeder_flash
 .text.nrfx_usbd_feeder_flash_zlp
                0x0000000000009f64       0x3c modules/hal_nordic/nrfx/libmodules__hal_nordic__nrfx.a(nrfx_usbd.c.obj)
                0x0000000000009f64                nrfx_usbd_feeder_flash_zlp
 .text.ev_sof_handler
                0x0000000000009fa0       0x44 modules/hal_nordic/nrfx/libmodules__hal_nordic__nrfx.a(nrfx_usbd.c.obj)
 .text.atomic_and.constprop.0.isra.0
                0x0000000000009fe4       0x20 modules/hal_nordic/nrfx/libmodules__hal_nordic__nrfx.a(nrfx_usbd.c.obj)
 .text.usbd_dma_pending_clear
                0x000000000000a004       0x24 modules/hal_nordic/nrfx/libmodules__hal_nordic__nrfx.a(nrfx_usbd.c.obj)
 .text.nrf_usbd_ep0in_dma_handler
                0x000000000000a028       0x2c modules/hal_nordic/nrfx/libmodules__hal_nordic__nrfx.a(nrfx_usbd.c.obj)
 .text.usbd_ep_data_handler
                0x000000000000a054       0x8c modules/hal_nordic/nrfx/libmodules__hal_nordic__nrfx.a(nrfx_usbd.c.obj)
 .text.ev_setup_data_handler
                0x000000000000a0e0       0x1c modules/hal_nordic/nrfx/libmodules__hal_nordic__nrfx.a(nrfx_usbd.c.obj)
 .text.ev_dma_epout8_handler
                0x000000000000a0fc       0x40 modules/hal_nordic/nrfx/libmodules__hal_nordic__nrfx.a(nrfx_usbd.c.obj)
 .text.ev_dma_epin8_handler
                0x000000000000a13c       0x50 modules/hal_nordic/nrfx/libmodules__hal_nordic__nrfx.a(nrfx_usbd.c.obj)
 .text.nrfx_usbd_uninit
                0x000000000000a18c       0x14 modules/hal_nordic/nrfx/libmodules__hal_nordic__nrfx.a(nrfx_usbd.c.obj)
                0x000000000000a18c                nrfx_usbd_uninit
 .text.nrfx_usbd_enable
                0x000000000000a1a0      0x14c modules/hal_nordic/nrfx/libmodules__hal_nordic__nrfx.a(nrfx_usbd.c.obj)
                0x000000000000a1a0                nrfx_usbd_enable
 .text.nrfx_usbd_start
                0x000000000000a2ec       0x3c modules/hal_nordic/nrfx/libmodules__hal_nordic__nrfx.a(nrfx_usbd.c.obj)
                0x000000000000a2ec                nrfx_usbd_start
 .text.nrfx_usbd_is_enabled
                0x000000000000a328       0x14 modules/hal_nordic/nrfx/libmodules__hal_nordic__nrfx.a(nrfx_usbd.c.obj)
                0x000000000000a328                nrfx_usbd_is_enabled
 .text.nrfx_usbd_suspend
                0x000000000000a33c       0x58 modules/hal_nordic/nrfx/libmodules__hal_nordic__nrfx.a(nrfx_usbd.c.obj)
                0x000000000000a33c                nrfx_usbd_suspend
 .text.nrfx_usbd_init
                0x000000000000a394       0x84 modules/hal_nordic/nrfx/libmodules__hal_nordic__nrfx.a(nrfx_usbd.c.obj)
                0x000000000000a394                nrfx_usbd_init
 .text.nrfx_usbd_ep_transfer
                0x000000000000a418       0xf4 modules/hal_nordic/nrfx/libmodules__hal_nordic__nrfx.a(nrfx_usbd.c.obj)
                0x000000000000a418                nrfx_usbd_ep_transfer
 .text.nrfx_usbd_epout_size_get
                0x000000000000a50c       0x28 modules/hal_nordic/nrfx/libmodules__hal_nordic__nrfx.a(nrfx_usbd.c.obj)
                0x000000000000a50c                nrfx_usbd_epout_size_get
 .text.usbd_dmareq_process
                0x000000000000a534      0x188 modules/hal_nordic/nrfx/libmodules__hal_nordic__nrfx.a(nrfx_usbd.c.obj)
 .text.ev_epdata_handler
                0x000000000000a6bc       0x44 modules/hal_nordic/nrfx/libmodules__hal_nordic__nrfx.a(nrfx_usbd.c.obj)
 .text.nrf_usbd_epout_dma_handler
                0x000000000000a700       0x64 modules/hal_nordic/nrfx/libmodules__hal_nordic__nrfx.a(nrfx_usbd.c.obj)
 .text.nrfx_usbd_ep_stall
                0x000000000000a764       0x10 modules/hal_nordic/nrfx/libmodules__hal_nordic__nrfx.a(nrfx_usbd.c.obj)
                0x000000000000a764                nrfx_usbd_ep_stall
 .text.nrfx_usbd_ep_stall_check
                0x000000000000a774       0x34 modules/hal_nordic/nrfx/libmodules__hal_nordic__nrfx.a(nrfx_usbd.c.obj)
                0x000000000000a774                nrfx_usbd_ep_stall_check
 .text.nrfx_usbd_ep_dtoggle_clear
                0x000000000000a7a8       0x18 modules/hal_nordic/nrfx/libmodules__hal_nordic__nrfx.a(nrfx_usbd.c.obj)
                0x000000000000a7a8                nrfx_usbd_ep_dtoggle_clear
 .text.nrfx_usbd_setup_get
                0x000000000000a7c0       0x4c modules/hal_nordic/nrfx/libmodules__hal_nordic__nrfx.a(nrfx_usbd.c.obj)
                0x000000000000a7c0                nrfx_usbd_setup_get
 .text.nrfx_usbd_setup_data_clear
                0x000000000000a80c       0x10 modules/hal_nordic/nrfx/libmodules__hal_nordic__nrfx.a(nrfx_usbd.c.obj)
                0x000000000000a80c                nrfx_usbd_setup_data_clear
 .text.ev_dma_epout0_handler
                0x000000000000a81c       0x50 modules/hal_nordic/nrfx/libmodules__hal_nordic__nrfx.a(nrfx_usbd.c.obj)
 .text.nrfx_usbd_setup_clear
                0x000000000000a86c       0x10 modules/hal_nordic/nrfx/libmodules__hal_nordic__nrfx.a(nrfx_usbd.c.obj)
                0x000000000000a86c                nrfx_usbd_setup_clear
 .text.nrfx_usbd_setup_stall
                0x000000000000a87c       0x10 modules/hal_nordic/nrfx/libmodules__hal_nordic__nrfx.a(nrfx_usbd.c.obj)
                0x000000000000a87c                nrfx_usbd_setup_stall
 .text.nrfx_usbd_last_setup_dir_get
                0x000000000000a88c        0xc modules/hal_nordic/nrfx/libmodules__hal_nordic__nrfx.a(nrfx_usbd.c.obj)
                0x000000000000a88c                nrfx_usbd_last_setup_dir_get
 .text.nrfx_usbd_transfer_out_drop
                0x000000000000a898       0x54 modules/hal_nordic/nrfx/libmodules__hal_nordic__nrfx.a(nrfx_usbd.c.obj)
                0x000000000000a898                nrfx_usbd_transfer_out_drop
 .text.usbd_ep_abort
                0x000000000000a8ec       0xf4 modules/hal_nordic/nrfx/libmodules__hal_nordic__nrfx.a(nrfx_usbd.c.obj)
 .text.ev_setup_handler
                0x000000000000a9e0       0x68 modules/hal_nordic/nrfx/libmodules__hal_nordic__nrfx.a(nrfx_usbd.c.obj)
 .text.nrfx_usbd_irq_handler
                0x000000000000aa48       0x7c modules/hal_nordic/nrfx/libmodules__hal_nordic__nrfx.a(nrfx_usbd.c.obj)
                0x000000000000aa48                nrfx_usbd_irq_handler
 .text.nrfx_usbd_stop
                0x000000000000aac4       0x80 modules/hal_nordic/nrfx/libmodules__hal_nordic__nrfx.a(nrfx_usbd.c.obj)
                0x000000000000aac4                nrfx_usbd_stop
 .text.nrfx_usbd_disable
                0x000000000000ab44       0x30 modules/hal_nordic/nrfx/libmodules__hal_nordic__nrfx.a(nrfx_usbd.c.obj)
                0x000000000000ab44                nrfx_usbd_disable
 .text.nrfx_usbd_ep_disable
                0x000000000000ab74       0x58 modules/hal_nordic/nrfx/libmodules__hal_nordic__nrfx.a(nrfx_usbd.c.obj)
                0x000000000000ab74                nrfx_usbd_ep_disable
 .text.nrfx_usbd_ep_enable
                0x000000000000abcc       0xa8 modules/hal_nordic/nrfx/libmodules__hal_nordic__nrfx.a(nrfx_usbd.c.obj)
                0x000000000000abcc                nrfx_usbd_ep_enable
 .text.nrfx_usbd_ep_stall_clear
                0x000000000000ac74       0x20 modules/hal_nordic/nrfx/libmodules__hal_nordic__nrfx.a(nrfx_usbd.c.obj)
                0x000000000000ac74                nrfx_usbd_ep_stall_clear
 .text._DoInit  0x000000000000ac94       0x60 modules/segger/libmodules__segger.a(SEGGER_RTT.c.obj)
 .text.SEGGER_RTT_WriteSkipNoLock
                0x000000000000acf4       0x90 modules/segger/libmodules__segger.a(SEGGER_RTT.c.obj)
                0x000000000000acf4                SEGGER_RTT_WriteSkipNoLock
 .text.SEGGER_RTT_HasDataUp
                0x000000000000ad84       0x14 modules/segger/libmodules__segger.a(SEGGER_RTT.c.obj)
                0x000000000000ad84                SEGGER_RTT_HasDataUp
 .text.zephyr_rtt_mutex_lock
                0x000000000000ad98       0x14 modules/segger/libmodules__segger.a(SEGGER_RTT_zephyr.c.obj)
                0x000000000000ad98                zephyr_rtt_mutex_lock
 .text.zephyr_rtt_mutex_unlock
                0x000000000000adac        0xc modules/segger/libmodules__segger.a(SEGGER_RTT_zephyr.c.obj)
                0x000000000000adac                zephyr_rtt_mutex_unlock
 .text.z_fatal_error
                0x000000000000adb8       0xfc zephyr/kernel/libkernel.a(fatal.c.obj)
                0x000000000000adb8                z_fatal_error
 .text.z_sys_init_run_level
                0x000000000000aeb4       0x48 zephyr/kernel/libkernel.a(init.c.obj)
 .text.bg_thread_main
                0x000000000000aefc       0x34 zephyr/kernel/libkernel.a(init.c.obj)
 .text.z_bss_zero
                0x000000000000af30       0x18 zephyr/kernel/libkernel.a(init.c.obj)
                0x000000000000af30                z_bss_zero
 .text.z_init_cpu
                0x000000000000af48       0x70 zephyr/kernel/libkernel.a(init.c.obj)
                0x000000000000af48                z_init_cpu
 .text.z_cstart
                0x000000000000afb8       0xe0 zephyr/kernel/libkernel.a(init.c.obj)
                0x000000000000afb8                z_cstart
 .text.init_mem_slab_module
                0x000000000000b098       0x24 zephyr/kernel/libkernel.a(mem_slab.c.obj)
 .text.k_mem_slab_alloc
                0x000000000000b0bc       0x5c zephyr/kernel/libkernel.a(mem_slab.c.obj)
                0x000000000000b0bc                k_mem_slab_alloc
 .text.z_setup_new_thread
                0x000000000000b118       0x64 zephyr/kernel/libkernel.a(thread.c.obj)
                0x000000000000b118                z_setup_new_thread
 .text.z_impl_k_thread_create
                0x000000000000b17c       0x58 zephyr/kernel/libkernel.a(thread.c.obj)
                0x000000000000b17c                z_impl_k_thread_create
 .text.z_init_static_threads
                0x000000000000b1d4       0xb8 zephyr/kernel/libkernel.a(thread.c.obj)
                0x000000000000b1d4                z_init_static_threads
 .text.idle     0x000000000000b28c       0x38 zephyr/kernel/libkernel.a(idle.c.obj)
                0x000000000000b28c                idle
 .text.z_impl_k_mutex_lock
                0x000000000000b2c4       0xf4 zephyr/kernel/libkernel.a(mutex.c.obj)
                0x000000000000b2c4                z_impl_k_mutex_lock
 .text.z_impl_k_mutex_unlock
                0x000000000000b3b8       0x78 zephyr/kernel/libkernel.a(mutex.c.obj)
                0x000000000000b3b8                z_impl_k_mutex_unlock
 .text.z_impl_k_queue_get
                0x000000000000b430       0x68 zephyr/kernel/libkernel.a(queue.c.obj)
                0x000000000000b430                z_impl_k_queue_get
 .text.z_impl_k_sem_give
                0x000000000000b498       0x4c zephyr/kernel/libkernel.a(sem.c.obj)
                0x000000000000b498                z_impl_k_sem_give
 .text.z_impl_k_sem_take
                0x000000000000b4e4       0x50 zephyr/kernel/libkernel.a(sem.c.obj)
                0x000000000000b4e4                z_impl_k_sem_take
 .text.z_impl_k_sem_reset
                0x000000000000b534       0x44 zephyr/kernel/libkernel.a(sem.c.obj)
                0x000000000000b534                z_impl_k_sem_reset
 .text.k_sys_work_q_init
                0x000000000000b578       0x34 zephyr/kernel/libkernel.a(system_work_q.c.obj)
 .text.work_queue_main
                0x000000000000b5ac      0x138 zephyr/kernel/libkernel.a(work.c.obj)
 .text.submit_to_queue_locked
                0x000000000000b6e4       0xb4 zephyr/kernel/libkernel.a(work.c.obj)
 .text.k_work_submit
                0x000000000000b798        0xc zephyr/kernel/libkernel.a(work.c.obj)
                0x000000000000b798                k_work_submit
 .text.k_work_queue_start
                0x000000000000b7a4       0x70 zephyr/kernel/libkernel.a(work.c.obj)
                0x000000000000b7a4                k_work_queue_start
 .text.sliceable
                0x000000000000b814       0x3c zephyr/kernel/libkernel.a(sched.c.obj)
 .text.slice_timeout
                0x000000000000b850       0x20 zephyr/kernel/libkernel.a(sched.c.obj)
 .text.z_reset_time_slice
                0x000000000000b870       0x50 zephyr/kernel/libkernel.a(sched.c.obj)
                0x000000000000b870                z_reset_time_slice
 .text.update_cache
                0x000000000000b8c0       0x3c zephyr/kernel/libkernel.a(sched.c.obj)
 .text.move_thread_to_end_of_prio_q
                0x000000000000b8fc       0x74 zephyr/kernel/libkernel.a(sched.c.obj)
 .text.ready_thread
                0x000000000000b970       0x68 zephyr/kernel/libkernel.a(sched.c.obj)
 .text.unready_thread
                0x000000000000b9d8       0x30 zephyr/kernel/libkernel.a(sched.c.obj)
 .text.pend_locked
                0x000000000000ba08       0x30 zephyr/kernel/libkernel.a(sched.c.obj)
 .text.z_time_slice
                0x000000000000ba38       0x60 zephyr/kernel/libkernel.a(sched.c.obj)
                0x000000000000ba38                z_time_slice
 .text.z_pend_curr
                0x000000000000ba98       0x3c zephyr/kernel/libkernel.a(sched.c.obj)
                0x000000000000ba98                z_pend_curr
 .text.z_set_prio
                0x000000000000bad4       0x8c zephyr/kernel/libkernel.a(sched.c.obj)
                0x000000000000bad4                z_set_prio
 .text.z_reschedule
                0x000000000000bb60       0x24 zephyr/kernel/libkernel.a(sched.c.obj)
                0x000000000000bb60                z_reschedule
 .text.z_sched_start
                0x000000000000bb84       0x3c zephyr/kernel/libkernel.a(sched.c.obj)
                0x000000000000bb84                z_sched_start
 .text.z_impl_k_thread_suspend
                0x000000000000bbc0       0x64 zephyr/kernel/libkernel.a(sched.c.obj)
                0x000000000000bbc0                z_impl_k_thread_suspend
 .text.k_sched_lock
                0x000000000000bc24       0x28 zephyr/kernel/libkernel.a(sched.c.obj)
                0x000000000000bc24                k_sched_lock
 .text.k_sched_unlock
                0x000000000000bc4c       0x38 zephyr/kernel/libkernel.a(sched.c.obj)
                0x000000000000bc4c                k_sched_unlock
 .text.z_sched_init
                0x000000000000bc84       0x10 zephyr/kernel/libkernel.a(sched.c.obj)
                0x000000000000bc84                z_sched_init
 .text.z_impl_k_yield
                0x000000000000bc94       0x7c zephyr/kernel/libkernel.a(sched.c.obj)
                0x000000000000bc94                z_impl_k_yield
 .text.z_tick_sleep
                0x000000000000bd10       0x88 zephyr/kernel/libkernel.a(sched.c.obj)
 .text.z_impl_k_sleep
                0x000000000000bd98       0x34 zephyr/kernel/libkernel.a(sched.c.obj)
                0x000000000000bd98                z_impl_k_sleep
 .text.z_impl_k_usleep
                0x000000000000bdcc       0x34 zephyr/kernel/libkernel.a(sched.c.obj)
                0x000000000000bdcc                z_impl_k_usleep
 .text.z_impl_z_current_get
                0x000000000000be00        0xc zephyr/kernel/libkernel.a(sched.c.obj)
                0x000000000000be00                z_impl_z_current_get
 .text.z_thread_abort
                0x000000000000be0c       0xc0 zephyr/kernel/libkernel.a(sched.c.obj)
                0x000000000000be0c                z_thread_abort
 .text.z_sched_wait
                0x000000000000becc       0x24 zephyr/kernel/libkernel.a(sched.c.obj)
                0x000000000000becc                z_sched_wait
 .text.z_data_copy
                0x000000000000bef0       0x34 zephyr/kernel/libkernel.a(xip.c.obj)
                0x000000000000bef0                z_data_copy
 .text.elapsed  0x000000000000bf24       0x14 zephyr/kernel/libkernel.a(timeout.c.obj)
 .text.next_timeout
                0x000000000000bf38       0x40 zephyr/kernel/libkernel.a(timeout.c.obj)
 .text.remove_timeout
                0x000000000000bf78       0x38 zephyr/kernel/libkernel.a(timeout.c.obj)
 .text.z_add_timeout
                0x000000000000bfb0       0xec zephyr/kernel/libkernel.a(timeout.c.obj)
                0x000000000000bfb0                z_add_timeout
 .text.sys_clock_announce
                0x000000000000c09c       0xd4 zephyr/kernel/libkernel.a(timeout.c.obj)
                0x000000000000c09c                sys_clock_announce
 .text.sys_clock_tick_get
                0x000000000000c170       0x34 zephyr/kernel/libkernel.a(timeout.c.obj)
                0x000000000000c170                sys_clock_tick_get
 .text.z_timer_expiration_handler
                0x000000000000c1a4       0xe4 zephyr/kernel/libkernel.a(timer.c.obj)
                0x000000000000c1a4                z_timer_expiration_handler
 .text.z_impl_k_timer_start
                0x000000000000c288       0x60 zephyr/kernel/libkernel.a(timer.c.obj)
                0x000000000000c288                z_impl_k_timer_start
 .text.z_impl_k_poll
                0x000000000000c2e8       0xb8 zephyr/kernel/libkernel.a(poll.c.obj)
                0x000000000000c2e8                z_impl_k_poll
 .text.z_impl_k_poll_signal_raise
                0x000000000000c3a0       0x50 zephyr/kernel/libkernel.a(poll.c.obj)
                0x000000000000c3a0                z_impl_k_poll_signal_raise
 .text.z_thread_aligned_alloc
                0x000000000000c3f0       0x40 zephyr/kernel/libkernel.a(mempool.c.obj)
                0x000000000000c3f0                z_thread_aligned_alloc
 .text.boot_banner
                0x000000000000c430        0xc zephyr/kernel/libkernel.a(banner.c.obj)
                0x000000000000c430                boot_banner
 .text.statics_init
                0x000000000000c43c       0x24 zephyr/kernel/libkernel.a(kheap.c.obj)
 .text.nrf_cc3xx_platform_init_no_rng
                0x000000000000c460       0x38 C:/ncs/v2.4.0/nrfxlib/crypto/nrf_cc310_platform/lib/cortex-m4/soft-float/no-interrupts/libnrf_cc310_platform_0.9.17.a(nrf_cc3xx_platform.c.obj)
                0x000000000000c460                nrf_cc3xx_platform_init_no_rng
 .text.nrf_cc3xx_platform_abort
                0x000000000000c498       0x24 C:/ncs/v2.4.0/nrfxlib/crypto/nrf_cc310_platform/lib/cortex-m4/soft-float/no-interrupts/libnrf_cc310_platform_0.9.17.a(nrf_cc3xx_platform_abort.c.obj)
 .text.CC_PalAbort
                0x000000000000c4bc       0x34 C:/ncs/v2.4.0/nrfxlib/crypto/nrf_cc310_platform/lib/cortex-m4/soft-float/no-interrupts/libnrf_cc310_platform_0.9.17.a(nrf_cc3xx_platform_abort.c.obj)
                0x000000000000c4bc                CC_PalAbort
 .text.nrf_cc3xx_platform_set_abort
                0x000000000000c4f0       0x10 C:/ncs/v2.4.0/nrfxlib/crypto/nrf_cc310_platform/lib/cortex-m4/soft-float/no-interrupts/libnrf_cc310_platform_0.9.17.a(nrf_cc3xx_platform_abort.c.obj)
                0x000000000000c4f0                nrf_cc3xx_platform_set_abort
 .text.mutex_free
                0x000000000000c500       0x34 C:/ncs/v2.4.0/nrfxlib/crypto/nrf_cc310_platform/lib/cortex-m4/soft-float/no-interrupts/libnrf_cc310_platform_0.9.17.a(nrf_cc3xx_platform_mutex.c.obj)
 .text.mutex_lock
                0x000000000000c534       0x48 C:/ncs/v2.4.0/nrfxlib/crypto/nrf_cc310_platform/lib/cortex-m4/soft-float/no-interrupts/libnrf_cc310_platform_0.9.17.a(nrf_cc3xx_platform_mutex.c.obj)
 .text.mutex_unlock
                0x000000000000c57c       0x38 C:/ncs/v2.4.0/nrfxlib/crypto/nrf_cc310_platform/lib/cortex-m4/soft-float/no-interrupts/libnrf_cc310_platform_0.9.17.a(nrf_cc3xx_platform_mutex.c.obj)
 .text.mutex_init
                0x000000000000c5b4       0x20 C:/ncs/v2.4.0/nrfxlib/crypto/nrf_cc310_platform/lib/cortex-m4/soft-float/no-interrupts/libnrf_cc310_platform_0.9.17.a(nrf_cc3xx_platform_mutex.c.obj)
 .text.nrf_cc3xx_platform_set_mutexes
                0x000000000000c5d4       0x74 C:/ncs/v2.4.0/nrfxlib/crypto/nrf_cc310_platform/lib/cortex-m4/soft-float/no-interrupts/libnrf_cc310_platform_0.9.17.a(nrf_cc3xx_platform_mutex.c.obj)
                0x000000000000c5d4                nrf_cc3xx_platform_set_mutexes
 .text.CC_LibInitNoRng
                0x000000000000c648       0x64 C:/ncs/v2.4.0/nrfxlib/crypto/nrf_cc310_platform/lib/cortex-m4/soft-float/no-interrupts/libnrf_cc310_platform_0.9.17.a(cc_lib.c.obj)
                0x000000000000c648                CC_LibInitNoRng
 .text.CC_HalInit
                0x000000000000c6ac        0x4 C:/ncs/v2.4.0/nrfxlib/crypto/nrf_cc310_platform/lib/cortex-m4/soft-float/no-interrupts/libnrf_cc310_platform_0.9.17.a(cc_hal.c.obj)
                0x000000000000c6ac                CC_HalInit
 .text.CC_HalTerminate
                0x000000000000c6b0        0x4 C:/ncs/v2.4.0/nrfxlib/crypto/nrf_cc310_platform/lib/cortex-m4/soft-float/no-interrupts/libnrf_cc310_platform_0.9.17.a(cc_hal.c.obj)
                0x000000000000c6b0                CC_HalTerminate
 .text.CC_HalMaskInterrupt
                0x000000000000c6b4        0xc C:/ncs/v2.4.0/nrfxlib/crypto/nrf_cc310_platform/lib/cortex-m4/soft-float/no-interrupts/libnrf_cc310_platform_0.9.17.a(cc_hal.c.obj)
                0x000000000000c6b4                CC_HalMaskInterrupt
 .text.CC_PalInit
                0x000000000000c6c0       0x5c C:/ncs/v2.4.0/nrfxlib/crypto/nrf_cc310_platform/lib/cortex-m4/soft-float/no-interrupts/libnrf_cc310_platform_0.9.17.a(cc_pal.c.obj)
                0x000000000000c6c0                CC_PalInit
 .text.CC_PalTerminate
                0x000000000000c71c       0x34 C:/ncs/v2.4.0/nrfxlib/crypto/nrf_cc310_platform/lib/cortex-m4/soft-float/no-interrupts/libnrf_cc310_platform_0.9.17.a(cc_pal.c.obj)
                0x000000000000c71c                CC_PalTerminate
 .text.CC_PalDmaInit
                0x000000000000c750        0x4 C:/ncs/v2.4.0/nrfxlib/crypto/nrf_cc310_platform/lib/cortex-m4/soft-float/no-interrupts/libnrf_cc310_platform_0.9.17.a(cc_pal_dma.c.obj)
                0x000000000000c750                CC_PalDmaInit
 .text.CC_PalDmaTerminate
                0x000000000000c754        0x4 C:/ncs/v2.4.0/nrfxlib/crypto/nrf_cc310_platform/lib/cortex-m4/soft-float/no-interrupts/libnrf_cc310_platform_0.9.17.a(cc_pal_dma.c.obj)
                0x000000000000c754                CC_PalDmaTerminate
 .text.CC_PalMutexCreate
                0x000000000000c758       0x14 C:/ncs/v2.4.0/nrfxlib/crypto/nrf_cc310_platform/lib/cortex-m4/soft-float/no-interrupts/libnrf_cc310_platform_0.9.17.a(cc_pal_mutex.c.obj)
                0x000000000000c758                CC_PalMutexCreate
 .text.CC_PalMutexDestroy
                0x000000000000c76c       0x14 C:/ncs/v2.4.0/nrfxlib/crypto/nrf_cc310_platform/lib/cortex-m4/soft-float/no-interrupts/libnrf_cc310_platform_0.9.17.a(cc_pal_mutex.c.obj)
                0x000000000000c76c                CC_PalMutexDestroy
 .text.CC_PalPowerSaveModeInit
                0x000000000000c780       0x3c C:/ncs/v2.4.0/nrfxlib/crypto/nrf_cc310_platform/lib/cortex-m4/soft-float/no-interrupts/libnrf_cc310_platform_0.9.17.a(cc_pal_pm.c.obj)
                0x000000000000c780                CC_PalPowerSaveModeInit
 .text.CC_PalPowerSaveModeSelect
                0x000000000000c7bc       0x84 C:/ncs/v2.4.0/nrfxlib/crypto/nrf_cc310_platform/lib/cortex-m4/soft-float/no-interrupts/libnrf_cc310_platform_0.9.17.a(cc_pal_pm.c.obj)
                0x000000000000c7bc                CC_PalPowerSaveModeSelect
 .text.cbpprintf_external
                0x000000000000c840       0x62 zephyr/libzephyr.a(cbprintf_packaged.c.obj)
                0x000000000000c840                cbpprintf_external
 .text.is_ptr   0x000000000000c8a2       0x4a zephyr/libzephyr.a(cbprintf_packaged.c.obj)
                0x000000000000c8a2                is_ptr
 .text.arch_printk_char_out
                0x000000000000c8ec        0x4 zephyr/libzephyr.a(printk.c.obj)
                0x000000000000c8ec                arch_printk_char_out
 .text.str_out  0x000000000000c8f0       0x26 zephyr/libzephyr.a(printk.c.obj)
 .text.printk   0x000000000000c916       0x1a zephyr/libzephyr.a(printk.c.obj)
                0x000000000000c916                printk
 .text.snprintk
                0x000000000000c930       0x1a zephyr/libzephyr.a(printk.c.obj)
                0x000000000000c930                snprintk
 .text.z_thread_entry
                0x000000000000c94a       0x14 zephyr/libzephyr.a(thread_entry.c.obj)
                0x000000000000c94a                z_thread_entry
 .text.chunk_size
                0x000000000000c95e        0xa zephyr/libzephyr.a(heap.c.obj)
 .text.free_list_add
                0x000000000000c968       0x4e zephyr/libzephyr.a(heap.c.obj)
 .text.free_list_remove_bidx
                0x000000000000c9b6       0x3a zephyr/libzephyr.a(heap.c.obj)
 .text.free_list_remove
                0x000000000000c9f0       0x1a zephyr/libzephyr.a(heap.c.obj)
 .text.alloc_chunk
                0x000000000000ca0a       0x6e zephyr/libzephyr.a(heap.c.obj)
 .text.merge_chunks
                0x000000000000ca78       0x2c zephyr/libzephyr.a(heap.c.obj)
 .text.split_chunks
                0x000000000000caa4       0x34 zephyr/libzephyr.a(heap.c.obj)
 .text.free_chunk
                0x000000000000cad8       0x62 zephyr/libzephyr.a(heap.c.obj)
 .text.sys_heap_free
                0x000000000000cb3a       0x1e zephyr/libzephyr.a(heap.c.obj)
                0x000000000000cb3a                sys_heap_free
 .text.sys_heap_alloc
                0x000000000000cb58       0x52 zephyr/libzephyr.a(heap.c.obj)
                0x000000000000cb58                sys_heap_alloc
 .text.sys_heap_aligned_alloc
                0x000000000000cbaa       0xce zephyr/libzephyr.a(heap.c.obj)
                0x000000000000cbaa                sys_heap_aligned_alloc
 .text.sys_heap_init
                0x000000000000cc78       0x70 zephyr/libzephyr.a(heap.c.obj)
                0x000000000000cc78                sys_heap_init
 .text.sys_slist_find_and_remove
                0x000000000000cce8       0x36 zephyr/libzephyr.a(onoff.c.obj)
 .text.process_recheck
                0x000000000000cd1e       0x38 zephyr/libzephyr.a(onoff.c.obj)
 .text.validate_args
                0x000000000000cd56       0x20 zephyr/libzephyr.a(onoff.c.obj)
 .text.notify_one
                0x000000000000cd76       0x2c zephyr/libzephyr.a(onoff.c.obj)
 .text.transition_complete
                0x000000000000cda2       0x1c zephyr/libzephyr.a(onoff.c.obj)
 .text.onoff_manager_init
                0x000000000000cdbe       0x26 zephyr/libzephyr.a(onoff.c.obj)
                0x000000000000cdbe                onoff_manager_init
 .text.onoff_request
                0x000000000000cde4       0xb0 zephyr/libzephyr.a(onoff.c.obj)
                0x000000000000cde4                onoff_request
 .text.onoff_release
                0x000000000000ce94       0x4a zephyr/libzephyr.a(onoff.c.obj)
                0x000000000000ce94                onoff_release
 .text.onoff_cancel
                0x000000000000cede       0x38 zephyr/libzephyr.a(onoff.c.obj)
                0x000000000000cede                onoff_cancel
 .text.sys_notify_validate
                0x000000000000cf16       0x28 zephyr/libzephyr.a(notify.c.obj)
                0x000000000000cf16                sys_notify_validate
 .text.sys_notify_finalize
                0x000000000000cf3e       0x32 zephyr/libzephyr.a(notify.c.obj)
                0x000000000000cf3e                sys_notify_finalize
 .text.encode_uint
                0x000000000000cf70       0x8c zephyr/libzephyr.a(cbprintf_complete.c.obj)
 .text.outs     0x000000000000cffc       0x2e zephyr/libzephyr.a(cbprintf_complete.c.obj)
 .text.free_space
                0x000000000000d02a       0x26 zephyr/libzephyr.a(mpsc_pbuf.c.obj)
 .text.get_usage
                0x000000000000d050       0x22 zephyr/libzephyr.a(mpsc_pbuf.c.obj)
 .text.idx_inc  0x000000000000d072       0x1c zephyr/libzephyr.a(mpsc_pbuf.c.obj)
 .text.rd_idx_inc
                0x000000000000d08e       0x18 zephyr/libzephyr.a(mpsc_pbuf.c.obj)
 .text.add_skip_item
                0x000000000000d0a6       0x3a zephyr/libzephyr.a(mpsc_pbuf.c.obj)
 .text.drop_item_locked
                0x000000000000d0e0       0xee zephyr/libzephyr.a(mpsc_pbuf.c.obj)
 .text.post_drop_action
                0x000000000000d1ce       0x36 zephyr/libzephyr.a(mpsc_pbuf.c.obj)
 .text.max_utilization_update
                0x000000000000d204       0x1a zephyr/libzephyr.a(mpsc_pbuf.c.obj)
 .text.mpsc_pbuf_init
                0x000000000000d21e       0x42 zephyr/libzephyr.a(mpsc_pbuf.c.obj)
                0x000000000000d21e                mpsc_pbuf_init
 .text.mpsc_pbuf_alloc
                0x000000000000d260       0xfc zephyr/libzephyr.a(mpsc_pbuf.c.obj)
                0x000000000000d260                mpsc_pbuf_alloc
 .text.mpsc_pbuf_commit
                0x000000000000d35c       0x40 zephyr/libzephyr.a(mpsc_pbuf.c.obj)
                0x000000000000d35c                mpsc_pbuf_commit
 .text.mpsc_pbuf_claim
                0x000000000000d39c       0xa4 zephyr/libzephyr.a(mpsc_pbuf.c.obj)
                0x000000000000d39c                mpsc_pbuf_claim
 .text.mpsc_pbuf_free
                0x000000000000d440       0x78 zephyr/libzephyr.a(mpsc_pbuf.c.obj)
                0x000000000000d440                mpsc_pbuf_free
 .text.mpsc_pbuf_is_pending
                0x000000000000d4b8       0x1a zephyr/libzephyr.a(mpsc_pbuf.c.obj)
                0x000000000000d4b8                mpsc_pbuf_is_pending
 .text._ConfigAbsSyms
                0x000000000000d4d2        0x2 zephyr/libzephyr.a(configs.c.obj)
                0x000000000000d4d2                _ConfigAbsSyms
 .text.log_msg_generic_get_wlen
                0x000000000000d4d4       0x20 zephyr/libzephyr.a(log_core.c.obj)
 .text.dummy_timestamp
                0x000000000000d4f4        0x4 zephyr/libzephyr.a(log_core.c.obj)
 .text.default_get_timestamp
                0x000000000000d4f8        0x4 zephyr/libzephyr.a(log_core.c.obj)
 .text.atomic_inc
                0x000000000000d4fc       0x1a zephyr/libzephyr.a(log_core.c.obj)
 .text.z_log_vprintk
                0x000000000000d516       0x1c zephyr/libzephyr.a(log_core.c.obj)
                0x000000000000d516                z_log_vprintk
 .text.z_log_notify_drop
                0x000000000000d532        0x6 zephyr/libzephyr.a(log_core.c.obj)
 .text.z_log_get_tag
                0x000000000000d538        0x4 zephyr/libzephyr.a(log_core.c.obj)
                0x000000000000d538                z_log_get_tag
 .text.z_cbprintf_cpy
                0x000000000000d53c       0x2c zephyr/libzephyr.a(log_msg.c.obj)
 .text.z_log_msg_finalize
                0x000000000000d568       0x32 zephyr/libzephyr.a(log_msg.c.obj)
                0x000000000000d568                z_log_msg_finalize
 .text.buffer_write
                0x000000000000d59a       0x1a zephyr/libzephyr.a(log_output.c.obj)
 .text.cbvprintf
                0x000000000000d5b4        0xe zephyr/libzephyr.a(log_output.c.obj)
 .text.log_output_flush
                0x000000000000d5c2       0x1a zephyr/libzephyr.a(log_output.c.obj)
                0x000000000000d5c2                log_output_flush
 .text.out_func
                0x000000000000d5dc       0x36 zephyr/libzephyr.a(log_output.c.obj)
 .text.cr_out_func
                0x000000000000d612       0x1c zephyr/libzephyr.a(log_output.c.obj)
 .text.log_backend_uart_init
                0x000000000000d62e        0x2 zephyr/libzephyr.a(log_backend_uart.c.obj)
 .text.z_log_msg_static_create.constprop.0
                0x000000000000d630        0x6 zephyr/libzephyr.a(usb_device.c.obj)
 .text.get_ep_bm_from_addr
                0x000000000000d636       0x1c zephyr/libzephyr.a(usb_device.c.obj)
 .text.abort_function
                0x000000000000d652        0x8 zephyr/libzephyr.a(nrf_cc3xx_platform_abort_zephyr.c.obj)
 .text.z_do_kernel_oops
                0x000000000000d65a        0x8 zephyr/arch/arch/arm/core/aarch32/libarch__arm__core__aarch32.a(fatal.c.obj)
                0x000000000000d65a                z_do_kernel_oops
 .text.z_irq_spurious
                0x000000000000d662        0x8 zephyr/arch/arch/arm/core/aarch32/libarch__arm__core__aarch32.a(irq_manage.c.obj)
                0x000000000000d662                z_irq_spurious
 .text.z_arm_nmi
                0x000000000000d66a        0xe zephyr/arch/arch/arm/core/aarch32/libarch__arm__core__aarch32.a(nmi.c.obj)
                0x000000000000d66a                z_arm_nmi
 .text.z_log_msg_static_create.constprop.0
                0x000000000000d678        0x6 zephyr/arch/arch/arm/core/aarch32/cortex_m/libarch__arm__core__aarch32__cortex_m.a(fault.c.obj)
 .text.strcpy   0x000000000000d67e       0x14 zephyr/lib/libc/minimal/liblib__libc__minimal.a(string.c.obj)
                0x000000000000d67e                strcpy
 .text.strlen   0x000000000000d692        0xe zephyr/lib/libc/minimal/liblib__libc__minimal.a(string.c.obj)
                0x000000000000d692                strlen
 .text.strnlen  0x000000000000d6a0       0x12 zephyr/lib/libc/minimal/liblib__libc__minimal.a(string.c.obj)
                0x000000000000d6a0                strnlen
 .text.memcpy   0x000000000000d6b2       0x16 zephyr/lib/libc/minimal/liblib__libc__minimal.a(string.c.obj)
                0x000000000000d6b2                memcpy
 .text.memset   0x000000000000d6c8       0x12 zephyr/lib/libc/minimal/liblib__libc__minimal.a(string.c.obj)
                0x000000000000d6c8                memset
 .text._stdout_hook_default
                0x000000000000d6da        0x6 zephyr/lib/libc/minimal/liblib__libc__minimal.a(stdout_console.c.obj)
 .text.pm_state_set
                0x000000000000d6e0       0x18 zephyr/soc/arm/nordic_nrf/nrf52/libsoc__arm__nordic_nrf__nrf52.a(power.c.obj)
                0x000000000000d6e0                pm_state_set
 .text.pm_state_exit_post_ops
                0x000000000000d6f8        0xc zephyr/soc/arm/nordic_nrf/nrf52/libsoc__arm__nordic_nrf__nrf52.a(power.c.obj)
                0x000000000000d6f8                pm_state_exit_post_ops
 .text.ep_ctx_reset
                0x000000000000d704       0x26 zephyr/drivers/usb/device/libdrivers__usb__device.a(usb_dc_nrfx.c.obj)
 .text.z_log_msg_static_create.constprop.0
                0x000000000000d72a        0x6 zephyr/drivers/usb/device/libdrivers__usb__device.a(usb_dc_nrfx.c.obj)
 .text.k_mutex_lock.constprop.0.isra.0
                0x000000000000d730        0x4 zephyr/drivers/usb/device/libdrivers__usb__device.a(usb_dc_nrfx.c.obj)
 .text.k_mutex_unlock.isra.0
                0x000000000000d734        0x4 zephyr/drivers/usb/device/libdrivers__usb__device.a(usb_dc_nrfx.c.obj)
 .text.usb_dc_ep_disable
                0x000000000000d738       0x32 zephyr/drivers/usb/device/libdrivers__usb__device.a(usb_dc_nrfx.c.obj)
                0x000000000000d738                usb_dc_ep_disable
 .text.usb_dc_ep_read
                0x000000000000d76a       0x1e zephyr/drivers/usb/device/libdrivers__usb__device.a(usb_dc_nrfx.c.obj)
                0x000000000000d76a                usb_dc_ep_read
 .text.get_status
                0x000000000000d788       0x12 zephyr/drivers/clock_control/libdrivers__clock_control.a(clock_control_nrf.c.obj)
 .text.set_on_state
                0x000000000000d79a       0x26 zephyr/drivers/clock_control/libdrivers__clock_control.a(clock_control_nrf.c.obj)
 .text.stop     0x000000000000d7c0       0x52 zephyr/drivers/clock_control/libdrivers__clock_control.a(clock_control_nrf.c.obj)
 .text.api_stop
                0x000000000000d812        0x6 zephyr/drivers/clock_control/libdrivers__clock_control.a(clock_control_nrf.c.obj)
 .text.async_start
                0x000000000000d818       0x5c zephyr/drivers/clock_control/libdrivers__clock_control.a(clock_control_nrf.c.obj)
 .text.api_start
                0x000000000000d874        0xe zephyr/drivers/clock_control/libdrivers__clock_control.a(clock_control_nrf.c.obj)
 .text.onoff_started_callback
                0x000000000000d882       0x12 zephyr/drivers/clock_control/libdrivers__clock_control.a(clock_control_nrf.c.obj)
 .text.lfclk_start
                0x000000000000d894        0x6 zephyr/drivers/clock_control/libdrivers__clock_control.a(clock_control_nrf.c.obj)
 .text.lfclk_stop
                0x000000000000d89a        0x6 zephyr/drivers/clock_control/libdrivers__clock_control.a(clock_control_nrf.c.obj)
 .text.blocking_start_callback
                0x000000000000d8a0        0x6 zephyr/drivers/clock_control/libdrivers__clock_control.a(clock_control_nrf.c.obj)
 .text.gpio_nrfx_port_get_raw
                0x000000000000d8a6        0xe zephyr/drivers/gpio/libdrivers__gpio.a(gpio_nrfx.c.obj)
 .text.gpio_nrfx_port_set_masked_raw
                0x000000000000d8b4       0x18 zephyr/drivers/gpio/libdrivers__gpio.a(gpio_nrfx.c.obj)
 .text.gpio_nrfx_port_set_bits_raw
                0x000000000000d8cc        0xc zephyr/drivers/gpio/libdrivers__gpio.a(gpio_nrfx.c.obj)
 .text.gpio_nrfx_port_clear_bits_raw
                0x000000000000d8d8        0xc zephyr/drivers/gpio/libdrivers__gpio.a(gpio_nrfx.c.obj)
 .text.gpio_nrfx_port_toggle_bits
                0x000000000000d8e4       0x1a zephyr/drivers/gpio/libdrivers__gpio.a(gpio_nrfx.c.obj)
 .text.gpio_nrfx_manage_callback
                0x000000000000d8fe       0x52 zephyr/drivers/gpio/libdrivers__gpio.a(gpio_nrfx.c.obj)
 .text.z_impl_hwinfo_get_device_id
                0x000000000000d950       0x28 zephyr/drivers/hwinfo/libdrivers__hwinfo.a(hwinfo_nrf.c.obj)
                0x000000000000d950                z_impl_hwinfo_get_device_id
 .text.timer_work_handler
                0x000000000000d978        0x4 zephyr/drivers/lora/libloramac-node.a(hal_common.c.obj)
 .text.k_uptime_get_32
                0x000000000000d97c       0x1a zephyr/drivers/lora/libloramac-node.a(hal_common.c.obj)
 .text.RtcGetTimerValue
                0x000000000000d996        0x4 zephyr/drivers/lora/libloramac-node.a(hal_common.c.obj)
                0x000000000000d996                RtcGetTimerValue
 .text.RtcGetMinimumTimeout
                0x000000000000d99a        0x4 zephyr/drivers/lora/libloramac-node.a(hal_common.c.obj)
                0x000000000000d99a                RtcGetMinimumTimeout
 .text.DelayMsMcu
                0x000000000000d99e       0x20 zephyr/drivers/lora/libloramac-node.a(hal_common.c.obj)
                0x000000000000d99e                DelayMsMcu
 .text.RtcMs2Tick
                0x000000000000d9be        0x2 zephyr/drivers/lora/libloramac-node.a(hal_common.c.obj)
                0x000000000000d9be                RtcMs2Tick
 .text.RtcTick2Ms
                0x000000000000d9c0        0x2 zephyr/drivers/lora/libloramac-node.a(hal_common.c.obj)
                0x000000000000d9c0                RtcTick2Ms
 .text.BoardCriticalSectionBegin
                0x000000000000d9c2       0x14 zephyr/drivers/lora/libloramac-node.a(hal_common.c.obj)
                0x000000000000d9c2                BoardCriticalSectionBegin
 .text.BoardCriticalSectionEnd
                0x000000000000d9d6        0xc zephyr/drivers/lora/libloramac-node.a(hal_common.c.obj)
                0x000000000000d9d6                BoardCriticalSectionEnd
 .text.sx12xx_ev_tx_timed_out
                0x000000000000d9e2        0x4 zephyr/drivers/lora/libloramac-node.a(sx12xx_common.c.obj)
 .text.SX1276CheckRfFrequency