Archive member included to satisfy reference by file (symbol)

app/libapp.a(main.c.obj)      (--whole-archive)
app/libapp.a(lora.c.obj)      (--whole-archive)
zephyr/libzephyr.a(cbprintf_packaged.c.obj)
                              (--whole-archive)
zephyr/libzephyr.a(dec.c.obj)
                              (--whole-archive)
zephyr/libzephyr.a(fdtable.c.obj)
                              (--whole-archive)
zephyr/libzephyr.a(hex.c.obj)
                              (--whole-archive)
zephyr/libzephyr.a(printk.c.obj)
                              (--whole-archive)
zephyr/libzephyr.a(rb.c.obj)  (--whole-archive)
zephyr/libzephyr.a(sem.c.obj)
                              (--whole-archive)
zephyr/libzephyr.a(thread_entry.c.obj)
                              (--whole-archive)
zephyr/libzephyr.a(timeutil.c.obj)
                              (--whole-archive)
zephyr/libzephyr.a(heap.c.obj)
                              (--whole-archive)
zephyr/libzephyr.a(heap-validate.c.obj)
                              (--whole-archive)
zephyr/libzephyr.a(bitarray.c.obj)
                              (--whole-archive)
zephyr/libzephyr.a(multi_heap.c.obj)
                              (--whole-archive)
zephyr/libzephyr.a(onoff.c.obj)
                              (--whole-archive)
zephyr/libzephyr.a(notify.c.obj)
                              (--whole-archive)
zephyr/libzephyr.a(crc32c_sw.c.obj)
                              (--whole-archive)
zephyr/libzephyr.a(crc32_sw.c.obj)
                              (--whole-archive)
zephyr/libzephyr.a(crc16_sw.c.obj)
                              (--whole-archive)
zephyr/libzephyr.a(crc8_sw.c.obj)
                              (--whole-archive)
zephyr/libzephyr.a(crc7_sw.c.obj)
                              (--whole-archive)
zephyr/libzephyr.a(cbprintf_complete.c.obj)
                              (--whole-archive)
zephyr/libzephyr.a(cbprintf.c.obj)
                              (--whole-archive)
zephyr/libzephyr.a(ring_buffer.c.obj)
                              (--whole-archive)
zephyr/libzephyr.a(assert.c.obj)
                              (--whole-archive)
zephyr/libzephyr.a(mpsc_pbuf.c.obj)
                              (--whole-archive)
zephyr/libzephyr.a(reboot.c.obj)
                              (--whole-archive)
zephyr/libzephyr.a(configs.c.obj)
                              (--whole-archive)
zephyr/libzephyr.a(soc_nrf_common.S.obj)
                              (--whole-archive)
zephyr/libzephyr.a(validate_base_addresses.c.obj)
                              (--whole-archive)
zephyr/libzephyr.a(validate_enabled_instances.c.obj)
                              (--whole-archive)
zephyr/libzephyr.a(log_core.c.obj)
                              (--whole-archive)
zephyr/libzephyr.a(log_mgmt.c.obj)
                              (--whole-archive)
zephyr/libzephyr.a(log_cache.c.obj)
                              (--whole-archive)
zephyr/libzephyr.a(log_msg.c.obj)
                              (--whole-archive)
zephyr/libzephyr.a(log_output.c.obj)
                              (--whole-archive)
zephyr/libzephyr.a(log_backend_uart.c.obj)
                              (--whole-archive)
zephyr/libzephyr.a(pm.c.obj)  (--whole-archive)
zephyr/libzephyr.a(policy.c.obj)
                              (--whole-archive)
zephyr/libzephyr.a(state.c.obj)
                              (--whole-archive)
zephyr/libzephyr.a(tracing_none.c.obj)
                              (--whole-archive)
zephyr/libzephyr.a(usb_device.c.obj)
                              (--whole-archive)
zephyr/libzephyr.a(usb_descriptor.c.obj)
                              (--whole-archive)
zephyr/libzephyr.a(usb_transfer.c.obj)
                              (--whole-archive)
zephyr/libzephyr.a(cdc_acm.c.obj)
                              (--whole-archive)
zephyr/libzephyr.a(usb_work_q.c.obj)
                              (--whole-archive)
zephyr/libzephyr.a(nrf_cc3xx_platform_abort_zephyr.c.obj)
                              (--whole-archive)
zephyr/libzephyr.a(nrf_cc3xx_platform_mutex_zephyr.c.obj)
                              (--whole-archive)
zephyr/arch/common/libarch__common.a(sw_isr_common.c.obj)
                              (--whole-archive)
zephyr/arch/arch/arm/core/aarch32/libarch__arm__core__aarch32.a(cpu_idle.S.obj)
                              (--whole-archive)
zephyr/arch/arch/arm/core/aarch32/libarch__arm__core__aarch32.a(fatal.c.obj)
                              (--whole-archive)
zephyr/arch/arch/arm/core/aarch32/libarch__arm__core__aarch32.a(irq_manage.c.obj)
                              (--whole-archive)
zephyr/arch/arch/arm/core/aarch32/libarch__arm__core__aarch32.a(nmi.c.obj)
                              (--whole-archive)
zephyr/arch/arch/arm/core/aarch32/libarch__arm__core__aarch32.a(nmi_on_reset.S.obj)
                              (--whole-archive)
zephyr/arch/arch/arm/core/aarch32/libarch__arm__core__aarch32.a(prep_c.c.obj)
                              (--whole-archive)
[...]
Memory Configuration

Name             Origin             Length             Attributes
FLASH            0x0000000000000000 0x0000000000100000 xr
RAM              0x0000000020000000 0x0000000000040000 xw
IDT_LIST         0x00000000fffff7ff 0x0000000000000800 xw
*default*        0x0000000000000000 0xffffffffffffffff

Linker script and memory map

LOAD zephyr/CMakeFiles/zephyr_pre1.dir/misc/empty_file.c.obj
LOAD zephyr/CMakeFiles/zephyr_pre1.dir/dev_handles.c.obj
                0x0000000000000020                _region_min_align = 0x20

.rel.plt        0x0000000000000000        0x0
 *(SORT_BY_ALIGNMENT(.rel.plt))
                [!provide]                        PROVIDE (__rel_iplt_start = .)
 *(SORT_BY_ALIGNMENT(.rel.iplt))
 .rel.iplt      0x0000000000000000        0x0 app/libapp.a(main.c.obj)
                [!provide]                        PROVIDE (__rel_iplt_end = .)

.rela.plt       0x0000000000000000        0x0
 *(SORT_BY_ALIGNMENT(.rela.plt))
                [!provide]                        PROVIDE (__rela_iplt_start = .)
 *(SORT_BY_ALIGNMENT(.rela.iplt))
                [!provide]                        PROVIDE (__rela_iplt_end = .)

.rel.dyn
 *(SORT_BY_ALIGNMENT(.rel.*))

.rela.dyn
 *(SORT_BY_ALIGNMENT(.rela.*))

/DISCARD/
 *(SORT_BY_ALIGNMENT(.plt))

/DISCARD/
 *(SORT_BY_ALIGNMENT(.iplt))
                0x0000000000000000                __rom_region_start = 0x0

rom_start       0x0000000000000000      0x100
                0x0000000000000000                . = 0x0
                0x0000000000000000                . = ALIGN (0x4)
                0x0000000000000000                . = ALIGN (0x80)
                0x0000000000000000                . = ALIGN (0x100)
                0x0000000000000000                _vector_start = .
 *(SORT_BY_ALIGNMENT(.exc_vector_table))
 *(SORT_BY_ALIGNMENT(.exc_vector_table.*))
 .exc_vector_table._vector_table_section
                0x0000000000000000       0x40 zephyr/arch/arch/arm/core/aarch32/cortex_m/libarch__arm__core__aarch32__cortex_m.a(vector_table.S.obj)
                0x0000000000000000                _vector_table
 *(SORT_BY_ALIGNMENT(.vectors))
                0x0000000000000100                _vector_end = .
                0x0000000000000040                . = ALIGN (0x4)
 *(SORT_BY_ALIGNMENT(.gnu.linkonce.irq_vector_table*))
 .gnu.linkonce.irq_vector_table
                0x0000000000000040       0xc0 zephyr/arch/common/libisr_tables.a(isr_tables.c.obj)
                0x0000000000000040                _irq_vector_table
                0x0000000000000100                _vector_end = .

text            0x0000000000000100     0xe6dc
                0x0000000000000100                __text_region_start = .
 *(SORT_BY_ALIGNMENT(.text))
 .text          0x0000000000000100       0x30 c:/ncs/toolchains/31f4403e35/opt/zephyr-sdk/arm-zephyr-eabi/bin/../lib/gcc/arm-zephyr-eabi/12.2.0/thumb/v7e-m/nofp\libgcc.a(_aeabi_uldivmod.o)
                0x0000000000000100                __aeabi_uldivmod
 .text          0x0000000000000130        0x4 c:/ncs/toolchains/31f4403e35/opt/zephyr-sdk/arm-zephyr-eabi/bin/../lib/gcc/arm-zephyr-eabi/12.2.0/thumb/v7e-m/nofp\libgcc.a(_dvmd_tls.o)
                0x0000000000000130                __aeabi_idiv0
                0x0000000000000130                __aeabi_ldiv0
 .text          0x0000000000000134      0x2a0 c:/ncs/toolchains/31f4403e35/opt/zephyr-sdk/arm-zephyr-eabi/bin/../lib/gcc/arm-zephyr-eabi/12.2.0/thumb/v7e-m/nofp\libgcc.a(_udivmoddi4.o)
                0x0000000000000134                __udivmoddi4
 *(SORT_BY_ALIGNMENT(.text.*))
 .text.lora_receive_cb
                0x00000000000003d4       0x80 app/libapp.a(lora.c.obj)
                0x00000000000003d4                lora_receive_cb
 .text.Initialize_LoRa
                0x0000000000000454       0xac app/libapp.a(lora.c.obj)
                0x0000000000000454                Initialize_LoRa
 .text.Setup_LoRa_receive
                0x0000000000000500       0x44 app/libapp.a(lora.c.obj)
                0x0000000000000500                Setup_LoRa_receive
 .text.cbvprintf_package
                0x0000000000000544      0x3ac zephyr/libzephyr.a(cbprintf_packaged.c.obj)
                0x0000000000000544                cbvprintf_package
 .text.cbprintf_package_convert
                0x00000000000008f0      0x3bc zephyr/libzephyr.a(cbprintf_packaged.c.obj)
                0x00000000000008f0                cbprintf_package_convert
 .text.__printk_hook_install
                0x0000000000000cac        0xc zephyr/libzephyr.a(printk.c.obj)
                0x0000000000000cac                __printk_hook_install
 .text.vsnprintk
                0x0000000000000cb8       0x2c zephyr/libzephyr.a(printk.c.obj)
                0x0000000000000cb8                vsnprintk
 .text.process_event
                0x0000000000000ce4      0x21c zephyr/libzephyr.a(onoff.c.obj)
 .text.z_cbvprintf_impl
                0x0000000000000f00      0x764 zephyr/libzephyr.a(cbprintf_complete.c.obj)
                0x0000000000000f00                z_cbvprintf_impl
 .text.sys_reboot
                0x0000000000001664       0x30 zephyr/libzephyr.a(reboot.c.obj)
                0x0000000000001664                sys_reboot
 .text.z_arm_platform_init
                0x0000000000001694        0x4 zephyr/libzephyr.a(soc_nrf_common.S.obj)
                0x0000000000001694                z_arm_platform_init
 .text.activate_foreach_backend
                0x0000000000001698       0x64 zephyr/libzephyr.a(log_core.c.obj)
 .text.enable_logger
                0x00000000000016fc       0x5c zephyr/libzephyr.a(log_core.c.obj)
 .text.log_process_thread_timer_expiry_fn
                0x0000000000001758        0xc zephyr/libzephyr.a(log_core.c.obj)
 .text.z_log_init
                0x0000000000001764       0x90 zephyr/libzephyr.a(log_core.c.obj)
 .text.log_format_func_t_get
                0x00000000000017f4        0xc zephyr/libzephyr.a(log_core.c.obj)
                0x00000000000017f4                log_format_func_t_get
 .text.log_set_timestamp_func
                0x0000000000001800       0x20 zephyr/libzephyr.a(log_core.c.obj)
                0x0000000000001800                log_set_timestamp_func
 .text.z_log_notify_backend_enabled
                0x0000000000001820       0x1c zephyr/libzephyr.a(log_core.c.obj)
                0x0000000000001820                z_log_notify_backend_enabled
 .text.z_log_dropped
                0x000000000000183c       0x30 zephyr/libzephyr.a(log_core.c.obj)
                0x000000000000183c                z_log_dropped
 .text.z_log_dropped_read_and_clear
                0x000000000000186c       0x20 zephyr/libzephyr.a(log_core.c.obj)
                0x000000000000186c                z_log_dropped_read_and_clear
 .text.dropped_notify
                0x000000000000188c       0x30 zephyr/libzephyr.a(log_core.c.obj)
                0x000000000000188c                dropped_notify
 .text.z_log_msg_init
                0x00000000000018bc       0x20 zephyr/libzephyr.a(log_core.c.obj)
                0x00000000000018bc                z_log_msg_init
 .text.log_core_init
                0x00000000000018dc       0x34 zephyr/libzephyr.a(log_core.c.obj)
                0x00000000000018dc                log_core_init
 .text.z_log_msg_alloc
                0x0000000000001910       0x10 zephyr/libzephyr.a(log_core.c.obj)
                0x0000000000001910                z_log_msg_alloc
 .text.z_log_msg_local_claim
                0x0000000000001920        0xc zephyr/libzephyr.a(log_core.c.obj)
                0x0000000000001920                z_log_msg_local_claim
 .text.z_log_msg_free
                0x000000000000192c       0x10 zephyr/libzephyr.a(log_core.c.obj)
                0x000000000000192c                z_log_msg_free
 .text.z_log_msg_pending
                0x000000000000193c        0xc zephyr/libzephyr.a(log_core.c.obj)
                0x000000000000193c                z_log_msg_pending
 .text.z_impl_log_process
                0x0000000000001948       0xbc zephyr/libzephyr.a(log_core.c.obj)
                0x0000000000001948                z_impl_log_process
 .text.z_impl_log_panic
                0x0000000000001a04       0x44 zephyr/libzephyr.a(log_core.c.obj)
                0x0000000000001a04                z_impl_log_panic
 .text.log_process_thread_func
                0x0000000000001a48       0x9c zephyr/libzephyr.a(log_core.c.obj)
 .text.z_log_msg_post_finalize
                0x0000000000001ae4       0x78 zephyr/libzephyr.a(log_core.c.obj)
 .text.z_log_msg_commit
                0x0000000000001b5c       0x24 zephyr/libzephyr.a(log_core.c.obj)
                0x0000000000001b5c                z_log_msg_commit
 .text.log_source_name_get
                0x0000000000001b80       0x1c zephyr/libzephyr.a(log_mgmt.c.obj)
                0x0000000000001b80                log_source_name_get
 .text.log_backend_enable
                0x0000000000001b9c       0x28 zephyr/libzephyr.a(log_mgmt.c.obj)
                0x0000000000001b9c                log_backend_enable
 .text.z_impl_z_log_msg_static_create
                0x0000000000001bc4      0x108 zephyr/libzephyr.a(log_msg.c.obj)
                0x0000000000001bc4                z_impl_z_log_msg_static_create
 .text.z_impl_z_log_msg_runtime_vcreate
                0x0000000000001ccc       0x8c zephyr/libzephyr.a(log_msg.c.obj)
                0x0000000000001ccc                z_impl_z_log_msg_runtime_vcreate
 .text.print_formatted
                0x0000000000001d58       0x24 zephyr/libzephyr.a(log_output.c.obj)
 .text.newline_print
                0x0000000000001d7c       0x1c zephyr/libzephyr.a(log_output.c.obj)
 .text.log_output_process
                0x0000000000001d98      0x2a4 zephyr/libzephyr.a(log_output.c.obj)
                0x0000000000001d98                log_output_process
 .text.log_output_msg_process
                0x000000000000203c       0x6c zephyr/libzephyr.a(log_output.c.obj)
                0x000000000000203c                log_output_msg_process
 .text.log_output_dropped_process
                0x00000000000020a8       0x58 zephyr/libzephyr.a(log_output.c.obj)
                0x00000000000020a8                log_output_dropped_process
 .text.log_output_timestamp_freq_set
                0x0000000000002100       0x2c zephyr/libzephyr.a(log_output.c.obj)
                0x0000000000002100                log_output_timestamp_freq_set
 .text.format_set
                0x000000000000212c        0xc zephyr/libzephyr.a(log_backend_uart.c.obj)
 .text.panic    0x0000000000002138       0x14 zephyr/libzephyr.a(log_backend_uart.c.obj)
 .text.dropped  0x000000000000214c        0xc zephyr/libzephyr.a(log_backend_uart.c.obj)
 .text.process  0x0000000000002158       0x24 zephyr/libzephyr.a(log_backend_uart.c.obj)
 .text.char_out
                0x000000000000217c       0x24 zephyr/libzephyr.a(log_backend_uart.c.obj)
 .text.pm_state_notify
                0x00000000000021a0       0x5c zephyr/libzephyr.a(pm.c.obj)
 .text.pm_system_resume
                0x00000000000021fc       0x78 zephyr/libzephyr.a(pm.c.obj)
                0x00000000000021fc                pm_system_resume
 .text.pm_system_suspend
                0x0000000000002274       0xf8 zephyr/libzephyr.a(pm.c.obj)
                0x0000000000002274                pm_system_suspend
 .text.pm_policy_next_state
                0x000000000000236c       0x94 zephyr/libzephyr.a(policy.c.obj)
                0x000000000000236c                pm_policy_next_state
 .text.pm_state_cpu_get_all
                0x0000000000002400       0x10 zephyr/libzephyr.a(state.c.obj)
                0x0000000000002400                pm_state_cpu_get_all
 .text.class_handler
                0x0000000000002410       0x40 zephyr/libzephyr.a(usb_device.c.obj)
 .text.custom_handler
                0x0000000000002450       0x60 zephyr/libzephyr.a(usb_device.c.obj)
 .text.vendor_handler
                0x00000000000024b0       0x3c zephyr/libzephyr.a(usb_device.c.obj)
 .text.usb_reset_alt_setting
                0x00000000000024ec       0x10 zephyr/libzephyr.a(usb_device.c.obj)
 .text.is_ep_valid.part.0
                0x00000000000024fc       0x38 zephyr/libzephyr.a(usb_device.c.obj)
 .text.usb_handle_request.constprop.0
                0x0000000000002534       0x2c zephyr/libzephyr.a(usb_device.c.obj)
 .text.usb_device_init.part.0
                0x0000000000002560       0x28 zephyr/libzephyr.a(usb_device.c.obj)
 .text.get_ep_bm_from_addr.part.0
                0x0000000000002588       0x2c zephyr/libzephyr.a(usb_device.c.obj)
 .text.disable_endpoint
                0x00000000000025b4       0x80 zephyr/libzephyr.a(usb_device.c.obj)
 .text.forward_status_cb
                0x0000000000002634       0xb0 zephyr/libzephyr.a(usb_device.c.obj)
 .text.usb_halt_endpoint_req.isra.0
                0x00000000000026e4       0x9c zephyr/libzephyr.a(usb_device.c.obj)
 .text.set_endpoint
                0x0000000000002780      0x104 zephyr/libzephyr.a(usb_device.c.obj)
 .text.usb_handle_standard_request
                0x0000000000002884      0x2ec zephyr/libzephyr.a(usb_device.c.obj)
 .text.usb_write
                0x0000000000002b70       0x64 zephyr/libzephyr.a(usb_device.c.obj)
                0x0000000000002b70                usb_write
 .text.usb_data_to_host
                0x0000000000002bd4       0x54 zephyr/libzephyr.a(usb_device.c.obj)
 .text.usb_handle_control_transfer
                0x0000000000002c28      0x100 zephyr/libzephyr.a(usb_device.c.obj)
 .text.usb_set_config
                0x0000000000002d28       0x2c zephyr/libzephyr.a(usb_device.c.obj)
                0x0000000000002d28                usb_set_config
 .text.usb_device_init
                0x0000000000002d54       0x2c zephyr/libzephyr.a(usb_device.c.obj)
 .text.usb_enable
                0x0000000000002d80      0x128 zephyr/libzephyr.a(usb_device.c.obj)
                0x0000000000002d80                usb_enable
 .text.usb_update_sn_string_descriptor
                0x0000000000002ea8       0x88 zephyr/libzephyr.a(usb_descriptor.c.obj)
                0x0000000000002ea8                usb_update_sn_string_descriptor
 .text.usb_get_device_descriptor
                0x0000000000002f30      0x244 zephyr/libzephyr.a(usb_descriptor.c.obj)
                0x0000000000002f30                usb_get_device_descriptor
 .text.usb_ep_get_transfer
                0x0000000000003174       0x2c zephyr/libzephyr.a(usb_transfer.c.obj)
 .text.usb_transfer_work
                0x00000000000031a0      0x15c zephyr/libzephyr.a(usb_transfer.c.obj)
 .text.usb_transfer_ep_callback
                0x00000000000032fc       0x78 zephyr/libzephyr.a(usb_transfer.c.obj)
                0x00000000000032fc                usb_transfer_ep_callback
 .text.usb_transfer
                0x0000000000003374      0x148 zephyr/libzephyr.a(usb_transfer.c.obj)
                0x0000000000003374                usb_transfer
 .text.usb_cancel_transfer
                0x00000000000034bc       0x3c zephyr/libzephyr.a(usb_transfer.c.obj)
                0x00000000000034bc                usb_cancel_transfer
 .text.usb_cancel_transfers
                0x00000000000034f8       0x48 zephyr/libzephyr.a(usb_transfer.c.obj)
                0x00000000000034f8                usb_cancel_transfers
 .text.usb_transfer_init
                0x0000000000003540       0x34 zephyr/libzephyr.a(usb_transfer.c.obj)
                0x0000000000003540                usb_transfer_init
 .text.cdc_acm_class_handle_req
                0x0000000000003574       0x58 zephyr/libzephyr.a(cdc_acm.c.obj)
                0x0000000000003574                cdc_acm_class_handle_req
 .text.cdc_acm_int_in
                0x00000000000035cc       0x18 zephyr/libzephyr.a(cdc_acm.c.obj)
 .text.cdc_acm_irq_rx_enable
                0x00000000000035e4       0x20 zephyr/libzephyr.a(cdc_acm.c.obj)
 .text.cdc_acm_irq_tx_enable
                0x0000000000003604       0x20 zephyr/libzephyr.a(cdc_acm.c.obj)
 .text.cdc_acm_reset_port
                0x0000000000003624       0x3c zephyr/libzephyr.a(cdc_acm.c.obj)
 .text.cdc_acm_fifo_fill
                0x0000000000003660       0x38 zephyr/libzephyr.a(cdc_acm.c.obj)
 .text.cdc_acm_poll_out
                0x0000000000003698       0x64 zephyr/libzephyr.a(cdc_acm.c.obj)
 .text.tx_work_handler
                0x00000000000036fc       0x5c zephyr/libzephyr.a(cdc_acm.c.obj)
 .text.cdc_acm_write_cb
                0x0000000000003758       0x44 zephyr/libzephyr.a(cdc_acm.c.obj)
 .text.cdc_acm_init
                0x000000000000379c       0x48 zephyr/libzephyr.a(cdc_acm.c.obj)
 .text.cdc_acm_send_notification.isra.0
                0x00000000000037e4       0x44 zephyr/libzephyr.a(cdc_acm.c.obj)
 .text.cdc_acm_read_cb
                0x0000000000003828       0x6c zephyr/libzephyr.a(cdc_acm.c.obj)
 .text.cdc_acm_dev_status_cb
                0x0000000000003894       0x88 zephyr/libzephyr.a(cdc_acm.c.obj)
 .text.z_usb_work_q_init
                0x000000000000391c       0x34 zephyr/libzephyr.a(usb_work_q.c.obj)
 .text.nrf_cc3xx_platform_abort_init
                0x0000000000003950        0xc zephyr/libzephyr.a(nrf_cc3xx_platform_abort_zephyr.c.obj)
                0x0000000000003950                nrf_cc3xx_platform_abort_init
 .text.mutex_free_platform
                0x000000000000395c       0x54 zephyr/libzephyr.a(nrf_cc3xx_platform_mutex_zephyr.c.obj)
 .text.mutex_lock_platform
                0x00000000000039b0       0x60 zephyr/libzephyr.a(nrf_cc3xx_platform_mutex_zephyr.c.obj)
 .text.mutex_unlock_platform
                0x0000000000003a10       0x58 zephyr/libzephyr.a(nrf_cc3xx_platform_mutex_zephyr.c.obj)
 .text.mutex_init_platform
                0x0000000000003a68       0x94 zephyr/libzephyr.a(nrf_cc3xx_platform_mutex_zephyr.c.obj)
 .text.nrf_cc3xx_platform_mutex_init
                0x0000000000003afc       0x2c zephyr/libzephyr.a(nrf_cc3xx_platform_mutex_zephyr.c.obj)
                0x0000000000003afc                nrf_cc3xx_platform_mutex_init
 .text.z_arm_cpu_idle_init
                0x0000000000003b28        0xc zephyr/arch/arch/arm/core/aarch32/libarch__arm__core__aarch32.a(cpu_idle.S.obj)
                0x0000000000003b28                z_arm_cpu_idle_init
 .text.arch_cpu_idle
                0x0000000000003b34       0x1c zephyr/arch/arch/arm/core/aarch32/libarch__arm__core__aarch32.a(cpu_idle.S.obj)
                0x0000000000003b34                arch_cpu_idle
 .text.arch_cpu_atomic_idle
                0x0000000000003b50       0x18 zephyr/arch/arch/arm/core/aarch32/libarch__arm__core__aarch32.a(cpu_idle.S.obj)
                0x0000000000003b50                arch_cpu_atomic_idle
 .text.z_arm_fatal_error
                0x0000000000003b68       0xcc zephyr/arch/arch/arm/core/aarch32/libarch__arm__core__aarch32.a(fatal.c.obj)
                0x0000000000003b68                z_arm_fatal_error
 .text.arch_irq_enable
                0x0000000000003c34       0x1c zephyr/arch/arch/arm/core/aarch32/libarch__arm__core__aarch32.a(irq_manage.c.obj)
                0x0000000000003c34                arch_irq_enable
 .text.arch_irq_disable
                0x0000000000003c50       0x28 zephyr/arch/arch/arm/core/aarch32/libarch__arm__core__aarch32.a(irq_manage.c.obj)
                0x0000000000003c50                arch_irq_disable
 .text.arch_irq_is_enabled
                0x0000000000003c78       0x1c zephyr/arch/arch/arm/core/aarch32/libarch__arm__core__aarch32.a(irq_manage.c.obj)
                0x0000000000003c78                arch_irq_is_enabled
 .text.z_arm_irq_priority_set
                0x0000000000003c94       0x30 zephyr/arch/arch/arm/core/aarch32/libarch__arm__core__aarch32.a(irq_manage.c.obj)
                0x0000000000003c94                z_arm_irq_priority_set
 .text.z_SysNmiOnReset
                0x0000000000003cc4        0x8 zephyr/arch/arch/arm/core/aarch32/libarch__arm__core__aarch32.a(nmi_on_reset.S.obj)
                0x0000000000003cc4                z_SysNmiOnReset
 .text.z_arm_prep_c
                0x0000000000003ccc       0x38 zephyr/arch/arch/arm/core/aarch32/libarch__arm__core__aarch32.a(prep_c.c.obj)
                0x0000000000003ccc                z_arm_prep_c
 .text.arch_swap
                0x0000000000003d04       0x34 zephyr/arch/arch/arm/core/aarch32/libarch__arm__core__aarch32.a(swap.c.obj)
                0x0000000000003d04                arch_swap
 .text.z_arm_pendsv
                0x0000000000003d38       0x48 zephyr/arch/arch/arm/core/aarch32/libarch__arm__core__aarch32.a(swap_helper.S.obj)
                0x0000000000003d38                z_arm_pendsv
 .text.z_arm_svc
                0x0000000000003d80       0x20 zephyr/arch/arch/arm/core/aarch32/libarch__arm__core__aarch32.a(swap_helper.S.obj)
                0x0000000000003d80                z_arm_svc
 .text.arch_new_thread
                0x0000000000003da0       0x38 zephyr/arch/arch/arm/core/aarch32/libarch__arm__core__aarch32.a(thread.c.obj)
                0x0000000000003da0                arch_new_thread
 .text.arch_switch_to_main_thread
                0x0000000000003dd8       0x24 zephyr/arch/arch/arm/core/aarch32/libarch__arm__core__aarch32.a(thread.c.obj)
                0x0000000000003dd8                arch_switch_to_main_thread
 .text._isr_wrapper
                0x0000000000003dfc       0x40 zephyr/arch/arch/arm/core/aarch32/libarch__arm__core__aarch32.a(isr_wrapper.S.obj)
                0x0000000000003dfc                _isr_wrapper
 .text._HandlerModeExit
                0x0000000000003e3c       0x1c zephyr/arch/arch/arm/core/aarch32/cortex_m/libarch__arm__core__aarch32__cortex_m.a(exc_exit.S.obj)
                0x0000000000003e3c                z_arm_int_exit
                0x0000000000003e3c                z_arm_exc_exit
 .text.mem_manage_fault.constprop.0
                0x0000000000003e58      0x144 zephyr/arch/arch/arm/core/aarch32/cortex_m/libarch__arm__core__aarch32__cortex_m.a(fault.c.obj)
 .text.bus_fault.constprop.0
                0x0000000000003f9c      0x154 zephyr/arch/arch/arm/core/aarch32/cortex_m/libarch__arm__core__aarch32__cortex_m.a(fault.c.obj)
 .text.usage_fault.constprop.0
                0x00000000000040f0      0x104 zephyr/arch/arch/arm/core/aarch32/cortex_m/libarch__arm__core__aarch32__cortex_m.a(fault.c.obj)
 .text.z_arm_fault
                0x00000000000041f4      0x214 zephyr/arch/arch/arm/core/aarch32/cortex_m/libarch__arm__core__aarch32__cortex_m.a(fault.c.obj)
                0x00000000000041f4                z_arm_fault
 .text.z_arm_fault_init
                0x0000000000004408       0x10 zephyr/arch/arch/arm/core/aarch32/cortex_m/libarch__arm__core__aarch32__cortex_m.a(fault.c.obj)
                0x0000000000004408                z_arm_fault_init
 .text.__fault  0x0000000000004418       0x14 zephyr/arch/arch/arm/core/aarch32/cortex_m/libarch__arm__core__aarch32__cortex_m.a(fault_s.S.obj)
                0x0000000000004418                z_arm_usage_fault
                0x0000000000004418                z_arm_mpu_fault
                0x0000000000004418                z_arm_exc_spurious
                0x0000000000004418                z_arm_debug_monitor
                0x0000000000004418                z_arm_hard_fault
                0x0000000000004418                z_arm_bus_fault
 .text.z_arm_interrupt_init
                0x000000000000442c       0x18 zephyr/arch/arch/arm/core/aarch32/cortex_m/libarch__arm__core__aarch32__cortex_m.a(irq_init.c.obj)
                0x000000000000442c                z_arm_interrupt_init
 .text._reset_section
                0x0000000000004444       0x54 zephyr/arch/arch/arm/core/aarch32/cortex_m/libarch__arm__core__aarch32__cortex_m.a(reset.S.obj)
                0x0000000000004444                __start
                0x0000000000004444                z_arm_reset
 .text.z_arm_clear_arm_mpu_config
                0x0000000000004498       0x24 zephyr/arch/arch/arm/core/aarch32/cortex_m/libarch__arm__core__aarch32__cortex_m.a(scb.c.obj)
                0x0000000000004498                z_arm_clear_arm_mpu_config
 .text.z_arm_init_arch_hw_at_boot
                0x00000000000044bc       0x64 zephyr/arch/arch/arm/core/aarch32/cortex_m/libarch__arm__core__aarch32__cortex_m.a(scb.c.obj)
                0x00000000000044bc                z_arm_init_arch_hw_at_boot
 .text.z_impl_k_thread_abort
                0x0000000000004520       0x2c zephyr/arch/arch/arm/core/aarch32/cortex_m/libarch__arm__core__aarch32__cortex_m.a(thread_abort.c.obj)
                0x0000000000004520                z_impl_k_thread_abort
 .text.z_arm_configure_static_mpu_regions
                0x000000000000454c       0x18 zephyr/arch/arch/arm/core/aarch32/mpu/libarch__arm__core__aarch32__mpu.a(arm_core_mpu.c.obj)
                0x000000000000454c                z_arm_configure_static_mpu_regions
 .text.mpu_configure_regions
                0x0000000000004564       0xcc zephyr/arch/arch/arm/core/aarch32/mpu/libarch__arm__core__aarch32__mpu.a(arm_mpu.c.obj)
 .text.arm_core_mpu_enable
                0x0000000000004630       0x18 zephyr/arch/arch/arm/core/aarch32/mpu/libarch__arm__core__aarch32__mpu.a(arm_mpu.c.obj)
                0x0000000000004630                arm_core_mpu_enable
 .text.arm_core_mpu_disable
                0x0000000000004648       0x14 zephyr/arch/arch/arm/core/aarch32/mpu/libarch__arm__core__aarch32__mpu.a(arm_mpu.c.obj)
                0x0000000000004648                arm_core_mpu_disable
 .text.arm_core_mpu_configure_static_mpu_regions
                0x000000000000465c       0x14 zephyr/arch/arch/arm/core/aarch32/mpu/libarch__arm__core__aarch32__mpu.a(arm_mpu.c.obj)
                0x000000000000465c                arm_core_mpu_configure_static_mpu_regions
 .text.z_arm_mpu_init
                0x0000000000004670       0x60 zephyr/arch/arch/arm/core/aarch32/mpu/libarch__arm__core__aarch32__mpu.a(arm_mpu.c.obj)
                0x0000000000004670                z_arm_mpu_init
 .text.__stdout_hook_install
                0x00000000000046d0        0xc zephyr/lib/libc/minimal/liblib__libc__minimal.a(stdout_console.c.obj)
                0x00000000000046d0                __stdout_hook_install
 .text.nordicsemi_nrf52_init
                0x00000000000046dc       0x30 zephyr/soc/arm/nordic_nrf/nrf52/libsoc__arm__nordic_nrf__nrf52.a(soc.c.obj)
 .text.sys_arch_reboot
                0x000000000000470c       0x2c zephyr/soc/arm/nordic_nrf/nrf52/libsoc__arm__nordic_nrf__nrf52.a(soc.c.obj)
                0x000000000000470c                sys_arch_reboot
 .text.arch_busy_wait
                0x0000000000004738       0x14 zephyr/soc/arm/nordic_nrf/nrf52/libsoc__arm__nordic_nrf__nrf52.a(soc.c.obj)
                0x0000000000004738                arch_busy_wait
 .text.endpoint_ctx
                0x000000000000474c       0x60 zephyr/drivers/usb/device/libdrivers__usb__device.a(usb_dc_nrfx.c.obj)
 .text.usbd_work_schedule
                0x00000000000047ac       0x10 zephyr/drivers/usb/device/libdrivers__usb__device.a(usb_dc_nrfx.c.obj)
 .text.usbd_evt_put
                0x00000000000047bc        0xc zephyr/drivers/usb/device/libdrivers__usb__device.a(usb_dc_nrfx.c.obj)
 .text.usbd_evt_get
                0x00000000000047c8       0x10 zephyr/drivers/usb/device/libdrivers__usb__device.a(usb_dc_nrfx.c.obj)
 .text.usbd_evt_flush
                0x00000000000047d8       0x1c zephyr/drivers/usb/device/libdrivers__usb__device.a(usb_dc_nrfx.c.obj)
 .text.usbd_evt_alloc
                0x00000000000047f4       0x78 zephyr/drivers/usb/device/libdrivers__usb__device.a(usb_dc_nrfx.c.obj)
 .text.usb_dc_power_event_handler
                0x000000000000486c       0x5c zephyr/drivers/usb/device/libdrivers__usb__device.a(usb_dc_nrfx.c.obj)
 .text.usbd_event_transfer_data
                0x00000000000048c8       0xe0 zephyr/drivers/usb/device/libdrivers__usb__device.a(usb_dc_nrfx.c.obj)
 .text.usb_init
                0x00000000000049a8       0x70 zephyr/drivers/usb/device/libdrivers__usb__device.a(usb_dc_nrfx.c.obj)
 .text.hfxo_stop.constprop.0.isra.0
                0x0000000000004a18       0x40 zephyr/drivers/usb/device/libdrivers__usb__device.a(usb_dc_nrfx.c.obj)
 .text.usbd_event_handler
                0x0000000000004a58      0x170 zephyr/drivers/usb/device/libdrivers__usb__device.a(usb_dc_nrfx.c.obj)
 .text.eps_ctx_init
                0x0000000000004bc8       0x68 zephyr/drivers/usb/device/libdrivers__usb__device.a(usb_dc_nrfx.c.obj)
 .text.usbd_work_handler
                0x0000000000004c30      0x3a4 zephyr/drivers/usb/device/libdrivers__usb__device.a(usb_dc_nrfx.c.obj)
 .text.usb_dc_attach
                0x0000000000004fd4       0x64 zephyr/drivers/usb/device/libdrivers__usb__device.a(usb_dc_nrfx.c.obj)
                0x0000000000004fd4                usb_dc_attach
 .text.usb_dc_set_address
                0x0000000000005038       0x24 zephyr/drivers/usb/device/libdrivers__usb__device.a(usb_dc_nrfx.c.obj)
                0x0000000000005038                usb_dc_set_address
 .text.usb_dc_ep_check_cap
                0x000000000000505c       0x64 zephyr/drivers/usb/device/libdrivers__usb__device.a(usb_dc_nrfx.c.obj)
                0x000000000000505c                usb_dc_ep_check_cap
 .text.usb_dc_ep_configure
                0x00000000000050c0       0x68 zephyr/drivers/usb/device/libdrivers__usb__device.a(usb_dc_nrfx.c.obj)
                0x00000000000050c0                usb_dc_ep_configure
 .text.usb_dc_ep_set_stall
                0x0000000000005128       0x74 zephyr/drivers/usb/device/libdrivers__usb__device.a(usb_dc_nrfx.c.obj)
                0x0000000000005128                usb_dc_ep_set_stall
 .text.usb_dc_ep_clear_stall
                0x000000000000519c       0x40 zephyr/drivers/usb/device/libdrivers__usb__device.a(usb_dc_nrfx.c.obj)
                0x000000000000519c                usb_dc_ep_clear_stall
 .text.usb_dc_ep_is_stalled
                0x00000000000051dc       0x38 zephyr/drivers/usb/device/libdrivers__usb__device.a(usb_dc_nrfx.c.obj)
                0x00000000000051dc                usb_dc_ep_is_stalled
 .text.usb_dc_ep_enable
                0x0000000000005214       0x54 zephyr/drivers/usb/device/libdrivers__usb__device.a(usb_dc_nrfx.c.obj)
                0x0000000000005214                usb_dc_ep_enable
 .text.usb_dc_ep_write
                0x0000000000005268      0x144 zephyr/drivers/usb/device/libdrivers__usb__device.a(usb_dc_nrfx.c.obj)
                0x0000000000005268                usb_dc_ep_write
 .text.usb_dc_ep_read_wait
                0x00000000000053ac       0xcc zephyr/drivers/usb/device/libdrivers__usb__device.a(usb_dc_nrfx.c.obj)
                0x00000000000053ac                usb_dc_ep_read_wait
 .text.usb_dc_ep_read_continue
                0x0000000000005478       0xb0 zephyr/drivers/usb/device/libdrivers__usb__device.a(usb_dc_nrfx.c.obj)
                0x0000000000005478                usb_dc_ep_read_continue
 .text.usb_dc_ep_set_callback
                0x0000000000005528       0x28 zephyr/drivers/usb/device/libdrivers__usb__device.a(usb_dc_nrfx.c.obj)
                0x0000000000005528                usb_dc_ep_set_callback
 .text.usb_dc_set_status_callback
                0x0000000000005550        0xc zephyr/drivers/usb/device/libdrivers__usb__device.a(usb_dc_nrfx.c.obj)
                0x0000000000005550                usb_dc_set_status_callback
 .text.usb_dc_ep_mps
                0x000000000000555c       0x24 zephyr/drivers/usb/device/libdrivers__usb__device.a(usb_dc_nrfx.c.obj)
                0x000000000000555c                usb_dc_ep_mps
 .text.onoff_stop
                0x0000000000005580       0x30 zephyr/drivers/clock_control/libdrivers__clock_control.a(clock_control_nrf.c.obj)
 .text.onoff_start
                0x00000000000055b0       0x44 zephyr/drivers/clock_control/libdrivers__clock_control.a(clock_control_nrf.c.obj)
 .text.clk_init
                0x00000000000055f4       0x58 zephyr/drivers/clock_control/libdrivers__clock_control.a(clock_control_nrf.c.obj)
 .text.clkstarted_handle.constprop.0
                0x000000000000564c       0x34 zephyr/drivers/clock_control/libdrivers__clock_control.a(clock_control_nrf.c.obj)
 .text.clock_event_handler
                0x0000000000005680       0x1c zephyr/drivers/clock_control/libdrivers__clock_control.a(clock_control_nrf.c.obj)
 .text.generic_hfclk_start
                0x000000000000569c       0x64 zephyr/drivers/clock_control/libdrivers__clock_control.a(clock_control_nrf.c.obj)
 .text.api_blocking_start
                0x0000000000005700       0x3c zephyr/drivers/clock_control/libdrivers__clock_control.a(clock_control_nrf.c.obj)
 .text.generic_hfclk_stop
                0x000000000000573c       0x34 zephyr/drivers/clock_control/libdrivers__clock_control.a(clock_control_nrf.c.obj)
 .text.z_nrf_clock_control_get_onoff
                0x0000000000005770       0x10 zephyr/drivers/clock_control/libdrivers__clock_control.a(clock_control_nrf.c.obj)
                0x0000000000005770                z_nrf_clock_control_get_onoff
 .text.z_nrf_clock_control_lf_on
                0x0000000000005780       0xfc zephyr/drivers/clock_control/libdrivers__clock_control.a(clock_control_nrf.c.obj)
                0x0000000000005780                z_nrf_clock_control_lf_on
 .text.uart_console_init
                0x000000000000587c       0x28 zephyr/drivers/console/libdrivers__console.a(uart_console.c.obj)
 .text.console_out
                0x00000000000058a4       0x28 zephyr/drivers/console/libdrivers__console.a(uart_console.c.obj)
 .text.gpio_nrfx_pin_interrupt_configure
                0x00000000000058cc       0xd4 zephyr/drivers/gpio/libdrivers__gpio.a(gpio_nrfx.c.obj)
 .text.gpio_nrfx_init
                0x00000000000059a0       0x38 zephyr/drivers/gpio/libdrivers__gpio.a(gpio_nrfx.c.obj)
 .text.nrfx_gpio_handler
                0x00000000000059d8       0x4c zephyr/drivers/gpio/libdrivers__gpio.a(gpio_nrfx.c.obj)
 .text.gpio_nrfx_pin_configure
                0x0000000000005a24      0x128 zephyr/drivers/gpio/libdrivers__gpio.a(gpio_nrfx.c.obj)
 .text.timer_callback
                0x0000000000005b4c        0xc zephyr/drivers/lora/libloramac-node.a(hal_common.c.obj)
 .text.RtcGetTimerElapsedTime
                0x0000000000005b58       0x14 zephyr/drivers/lora/libloramac-node.a(hal_common.c.obj)
                0x0000000000005b58                RtcGetTimerElapsedTime
 .text.RtcStopAlarm
                0x0000000000005b6c        0xc zephyr/drivers/lora/libloramac-node.a(hal_common.c.obj)
                0x0000000000005b6c                RtcStopAlarm
 .text.RtcSetAlarm
                0x0000000000005b78       0x34 zephyr/drivers/lora/libloramac-node.a(hal_common.c.obj)
                0x0000000000005b78                RtcSetAlarm
 .text.RtcSetTimerContext
                0x0000000000005bac       0x10 zephyr/drivers/lora/libloramac-node.a(hal_common.c.obj)
                0x0000000000005bac                RtcSetTimerContext
 .text.RtcGetTimerContext
                0x0000000000005bbc        0xc zephyr/drivers/lora/libloramac-node.a(hal_common.c.obj)
                0x0000000000005bbc                RtcGetTimerContext
 .text.sx12xx_ev_rx_done
                0x0000000000005bc8       0xac zephyr/drivers/lora/libloramac-node.a(sx12xx_common.c.obj)
 .text.modem_release.constprop.0
                0x0000000000005c74       0x54 zephyr/drivers/lora/libloramac-node.a(sx12xx_common.c.obj)
 .text.sx12xx_ev_tx_done
                0x0000000000005cc8       0x20 zephyr/drivers/lora/libloramac-node.a(sx12xx_common.c.obj)
 .text.__sx12xx_configure_pin
                0x0000000000005ce8       0xd0 zephyr/drivers/lora/libloramac-node.a(sx12xx_common.c.obj)
                0x0000000000005ce8                __sx12xx_configure_pin
 .text.sx12xx_lora_send_async
                0x0000000000005db8       0x4c zephyr/drivers/lora/libloramac-node.a(sx12xx_common.c.obj)
                0x0000000000005db8                sx12xx_lora_send_async
 .text.sx12xx_lora_send
                0x0000000000005e04      0x118 zephyr/drivers/lora/libloramac-node.a(sx12xx_common.c.obj)
                0x0000000000005e04                sx12xx_lora_send
 .text.sx12xx_lora_recv
                0x0000000000005f1c       0xc8 zephyr/drivers/lora/libloramac-node.a(sx12xx_common.c.obj)
                0x0000000000005f1c                sx12xx_lora_recv
 .text.sx12xx_lora_recv_async
                0x0000000000005fe4       0x54 zephyr/drivers/lora/libloramac-node.a(sx12xx_common.c.obj)
                0x0000000000005fe4                sx12xx_lora_recv_async
 .text.sx12xx_lora_config
                0x0000000000006038       0xb0 zephyr/drivers/lora/libloramac-node.a(sx12xx_common.c.obj)
                0x0000000000006038                sx12xx_lora_config
 .text.sx12xx_lora_test_cw
                0x00000000000060e8       0x40 zephyr/drivers/lora/libloramac-node.a(sx12xx_common.c.obj)
                0x00000000000060e8                sx12xx_lora_test_cw
 .text.sx12xx_init
                0x0000000000006128       0x58 zephyr/drivers/lora/libloramac-node.a(sx12xx_common.c.obj)
                0x0000000000006128                sx12xx_init
 .text.sx127x_dio_work_handle
                0x0000000000006180       0x18 zephyr/drivers/lora/libloramac-node.a(sx127x.c.obj)
 .text.sx127x_irq_callback
                0x0000000000006198       0x24 zephyr/drivers/lora/libloramac-node.a(sx127x.c.obj)
 .text.SX1276WriteBuffer.part.0
                0x00000000000061bc       0x2c zephyr/drivers/lora/libloramac-node.a(sx127x.c.obj)
 .text.SX1276ReadBuffer.part.0
                0x00000000000061e8       0x2c zephyr/drivers/lora/libloramac-node.a(sx127x.c.obj)
 .text.gpio_pin_set_dt.constprop.0.isra.0
                0x0000000000006214       0x24 zephyr/drivers/lora/libloramac-node.a(sx127x.c.obj)
 .text.SX1276IoIrqInit
                0x0000000000006238       0xd8 zephyr/drivers/lora/libloramac-node.a(sx127x.c.obj)
                0x0000000000006238                SX1276IoIrqInit
 .text.sx127x_read
                0x0000000000006310       0x3c zephyr/drivers/lora/libloramac-node.a(sx127x.c.obj)
                0x0000000000006310                sx127x_read
 .text.sx127x_lora_init
                0x000000000000634c       0xf4 zephyr/drivers/lora/libloramac-node.a(sx127x.c.obj)
 .text.sx127x_write
                0x0000000000006440       0x3c zephyr/drivers/lora/libloramac-node.a(sx127x.c.obj)
                0x0000000000006440                sx127x_write
 .text.SX1276SetRfTxPower
                0x000000000000647c       0xb0 zephyr/drivers/lora/libloramac-node.a(sx127x.c.obj)
                0x000000000000647c                SX1276SetRfTxPower
 .text.TimerInsertNewHeadTimer
                0x000000000000652c       0x18 zephyr/drivers/lora/libloramac-node.a(timer.c.obj)
 .text.TimerStart
                0x0000000000006544       0x70 zephyr/drivers/lora/libloramac-node.a(timer.c.obj)
                0x0000000000006544                TimerStart
 .text.TimerIrqHandler
                0x00000000000065b4       0x7c zephyr/drivers/lora/libloramac-node.a(timer.c.obj)
                0x00000000000065b4                TimerIrqHandler
 .text.TimerStop
                0x0000000000006630       0x54 zephyr/drivers/lora/libloramac-node.a(timer.c.obj)
                0x0000000000006630                TimerStop
 .text.GetFskBandwidthRegValue
                0x0000000000006684       0x2c zephyr/drivers/lora/libloramac-node.a(sx1276.c.obj)
 .text.SX1276OnDio4Irq
                0x00000000000066b0       0x1c zephyr/drivers/lora/libloramac-node.a(sx1276.c.obj)
 .text.SX1276GetStatus
                0x00000000000066cc        0xc zephyr/drivers/lora/libloramac-node.a(sx1276.c.obj)
                0x00000000000066cc                SX1276GetStatus
 .text.SX1276GetTimeOnAir
                0x00000000000066d8       0xdc zephyr/drivers/lora/libloramac-node.a(sx1276.c.obj)
                0x00000000000066d8                SX1276GetTimeOnAir
 .text.SX1276SetChannel
                0x00000000000067b4       0x48 zephyr/drivers/lora/libloramac-node.a(sx1276.c.obj)
                0x00000000000067b4                SX1276SetChannel
 .text.SX1276OnDio3Irq
                0x00000000000067fc       0x50 zephyr/drivers/lora/libloramac-node.a(sx1276.c.obj)
 .text.SX1276OnDio2Irq
                0x000000000000684c       0xd4 zephyr/drivers/lora/libloramac-node.a(sx1276.c.obj)
 .text.SX1276OnDio1Irq
                0x0000000000006920      0x118 zephyr/drivers/lora/libloramac-node.a(sx1276.c.obj)
 .text.SX1276OnDio0Irq
                0x0000000000006a38      0x260 zephyr/drivers/lora/libloramac-node.a(sx1276.c.obj)
 .text.RxChainCalibration
                0x0000000000006c98       0x94 zephyr/drivers/lora/libloramac-node.a(sx1276.c.obj)
 .text.SX1276SetSleep
                0x0000000000006d2c       0x3c zephyr/drivers/lora/libloramac-node.a(sx1276.c.obj)
                0x0000000000006d2c                SX1276SetSleep
 .text.SX1276SetStby
                0x0000000000006d68       0x34 zephyr/drivers/lora/libloramac-node.a(sx1276.c.obj)
                0x0000000000006d68                SX1276SetStby
 .text.SX1276Send
                0x0000000000006d9c      0x194 zephyr/drivers/lora/libloramac-node.a(sx1276.c.obj)
                0x0000000000006d9c                SX1276Send
 .text.SX1276SetRx
                0x0000000000006f30      0x220 zephyr/drivers/lora/libloramac-node.a(sx1276.c.obj)
                0x0000000000006f30                SX1276SetRx
 .text.SX1276ReadRssi
                0x0000000000007150       0x48 zephyr/drivers/lora/libloramac-node.a(sx1276.c.obj)
                0x0000000000007150                SX1276ReadRssi
 .text.SX1276SetModem
                0x0000000000007198       0x74 zephyr/drivers/lora/libloramac-node.a(sx1276.c.obj)
                0x0000000000007198                SX1276SetModem
 .text.SX1276Init
                0x000000000000720c       0x80 zephyr/drivers/lora/libloramac-node.a(sx1276.c.obj)
                0x000000000000720c                SX1276Init
 .text.SX1276SetRxConfig
                0x000000000000728c      0x2a8 zephyr/drivers/lora/libloramac-node.a(sx1276.c.obj)
                0x000000000000728c                SX1276SetRxConfig
 .text.SX1276SetTxConfig
                0x0000000000007534      0x23c zephyr/drivers/lora/libloramac-node.a(sx1276.c.obj)
                0x0000000000007534                SX1276SetTxConfig
 .text.SX1276SetTxContinuousWave
                0x0000000000007770       0x84 zephyr/drivers/lora/libloramac-node.a(sx1276.c.obj)
                0x0000000000007770                SX1276SetTxContinuousWave
 .text.SX1276SetMaxPayloadLength
                0x00000000000077f4       0x34 zephyr/drivers/lora/libloramac-node.a(sx1276.c.obj)
                0x00000000000077f4                SX1276SetMaxPayloadLength
 .text.SX1276SetPublicNetwork
                0x0000000000007828       0x28 zephyr/drivers/lora/libloramac-node.a(sx1276.c.obj)
                0x0000000000007828                SX1276SetPublicNetwork
 .text.SX1276OnTimeoutIrq
                0x0000000000007850       0xc8 zephyr/drivers/lora/libloramac-node.a(sx1276.c.obj)
 .text.pinctrl_configure_pins
                0x0000000000007918      0x150 zephyr/drivers/pinctrl/libdrivers__pinctrl.a(pinctrl_nrf.c.obj)
                0x0000000000007918                pinctrl_configure_pins
 .text.event_txdrdy_check
                0x0000000000007a68       0x20 zephyr/drivers/serial/libdrivers__serial.a(uart_nrfx_uart.c.obj)
 .text.uart_nrfx_poll_in
                0x0000000000007a88       0x24 zephyr/drivers/serial/libdrivers__serial.a(uart_nrfx_uart.c.obj)
 .text.uart_nrfx_err_check
                0x0000000000007aac       0x10 zephyr/drivers/serial/libdrivers__serial.a(uart_nrfx_uart.c.obj)
 .text.uart_nrfx_fifo_read
                0x0000000000007abc       0x2c zephyr/drivers/serial/libdrivers__serial.a(uart_nrfx_uart.c.obj)
 .text.uart_nrfx_irq_tx_enable
                0x0000000000007ae8       0x4c zephyr/drivers/serial/libdrivers__serial.a(uart_nrfx_uart.c.obj)
 .text.uart_nrfx_irq_tx_disable
                0x0000000000007b34        0xc zephyr/drivers/serial/libdrivers__serial.a(uart_nrfx_uart.c.obj)
 .text.uart_nrfx_irq_rx_enable
                0x0000000000007b40       0x10 zephyr/drivers/serial/libdrivers__serial.a(uart_nrfx_uart.c.obj)
 .text.uart_nrfx_irq_rx_disable
                0x0000000000007b50       0x10 zephyr/drivers/serial/libdrivers__serial.a(uart_nrfx_uart.c.obj)
 .text.uart_nrfx_irq_tx_ready_complete
                0x0000000000007b60       0x28 zephyr/drivers/serial/libdrivers__serial.a(uart_nrfx_uart.c.obj)
 .text.uart_nrfx_irq_rx_ready
                0x0000000000007b88       0x14 zephyr/drivers/serial/libdrivers__serial.a(uart_nrfx_uart.c.obj)
 .text.uart_nrfx_irq_err_enable
                0x0000000000007b9c       0x10 zephyr/drivers/serial/libdrivers__serial.a(uart_nrfx_uart.c.obj)
 .text.uart_nrfx_irq_err_disable
                0x0000000000007bac       0x10 zephyr/drivers/serial/libdrivers__serial.a(uart_nrfx_uart.c.obj)
 .text.uart_nrfx_irq_is_pending
                0x0000000000007bbc       0x34 zephyr/drivers/serial/libdrivers__serial.a(uart_nrfx_uart.c.obj)
 .text.uart_nrfx_irq_callback_set
                0x0000000000007bf0       0x14 zephyr/drivers/serial/libdrivers__serial.a(uart_nrfx_uart.c.obj)
 .text.uart_nrfx_isr
                0x0000000000007c04       0x4c zephyr/drivers/serial/libdrivers__serial.a(uart_nrfx_uart.c.obj)
 .text.uart_nrfx_configure
                0x0000000000007c50      0x168 zephyr/drivers/serial/libdrivers__serial.a(uart_nrfx_uart.c.obj)
 .text.uart_nrfx_poll_out
                0x0000000000007db8       0x84 zephyr/drivers/serial/libdrivers__serial.a(uart_nrfx_uart.c.obj)
 .text.uart_nrfx_init
                0x0000000000007e3c       0x74 zephyr/drivers/serial/libdrivers__serial.a(uart_nrfx_uart.c.obj)
 .text.uart_nrfx_fifo_fill
                0x0000000000007eb0       0x40 zephyr/drivers/serial/libdrivers__serial.a(uart_nrfx_uart.c.obj)
 .text.spi_nrfx_init
                0x0000000000007ef0       0xdc zephyr/drivers/spi/libdrivers__spi.a(spi_nrfx_spi.c.obj)
 .text.transfer_next_chunk
                0x0000000000007fcc       0x6c zephyr/drivers/spi/libdrivers__spi.a(spi_nrfx_spi.c.obj)
 .text.event_handler
                0x0000000000008038       0xd8 zephyr/drivers/spi/libdrivers__spi.a(spi_nrfx_spi.c.obj)
 .text.spi_nrfx_transceive
                0x0000000000008110      0x358 zephyr/drivers/spi/libdrivers__spi.a(spi_nrfx_spi.c.obj)
 .text.compare_int_lock
                0x0000000000008468       0x48 zephyr/drivers/timer/libdrivers__timer.a(nrf_rtc_timer.c.obj)
 .text.sys_clock_timeout_handler
                0x00000000000084b0       0x48 zephyr/drivers/timer/libdrivers__timer.a(nrf_rtc_timer.c.obj)
 .text.compare_int_unlock
                0x00000000000084f8       0x5c zephyr/drivers/timer/libdrivers__timer.a(nrf_rtc_timer.c.obj)
 .text.z_nrf_rtc_timer_read
                0x0000000000008554       0x44 zephyr/drivers/timer/libdrivers__timer.a(nrf_rtc_timer.c.obj)
                0x0000000000008554                z_nrf_rtc_timer_read
 .text.compare_set
                0x0000000000008598      0x11c zephyr/drivers/timer/libdrivers__timer.a(nrf_rtc_timer.c.obj)
 .text.sys_clock_driver_init
                0x00000000000086b4       0x8c zephyr/drivers/timer/libdrivers__timer.a(nrf_rtc_timer.c.obj)
 .text.rtc_nrf_isr
                0x0000000000008740       0xd4 zephyr/drivers/timer/libdrivers__timer.a(nrf_rtc_timer.c.obj)
                0x0000000000008740                rtc_nrf_isr
 .text.sys_clock_set_timeout
                0x0000000000008814       0x64 zephyr/drivers/timer/libdrivers__timer.a(nrf_rtc_timer.c.obj)
                0x0000000000008814                sys_clock_set_timeout
 .text.sys_clock_elapsed
                0x0000000000008878       0x14 zephyr/drivers/timer/libdrivers__timer.a(nrf_rtc_timer.c.obj)
                0x0000000000008878                sys_clock_elapsed
 .text.sys_clock_disable
                0x000000000000888c       0x30 zephyr/drivers/timer/libdrivers__timer.a(nrf_rtc_timer.c.obj)
                0x000000000000888c                sys_clock_disable
 .text.k_sys_fatal_error_handler
                0x00000000000088bc       0x2c modules/nrf/lib/fatal_error/lib..__nrf__lib__fatal_error.a(fatal_error.c.obj)
                0x00000000000088bc                k_sys_fatal_error_handler
 .text.nrf52_errata_98
                0x00000000000088e8       0x24 modules/hal_nordic/nrfx/libmodules__hal_nordic__nrfx.a(system_nrf52840.c.obj)
 .text.nvmc_wait
                0x000000000000890c       0x10 modules/hal_nordic/nrfx/libmodules__hal_nordic__nrfx.a(system_nrf52840.c.obj)
                0x000000000000890c                nvmc_wait
 .text.SystemInit
                0x000000000000891c      0x1bc modules/hal_nordic/nrfx/libmodules__hal_nordic__nrfx.a(system_nrf52840.c.obj)
                0x000000000000891c                SystemInit
 .text.nrfx_flag32_alloc
                0x0000000000008ad8       0x40 modules/hal_nordic/nrfx/libmodules__hal_nordic__nrfx.a(nrfx_flag32_allocator.c.obj)
                0x0000000000008ad8                nrfx_flag32_alloc
 .text.nrfx_flag32_free
                0x0000000000008b18       0x40 modules/hal_nordic/nrfx/libmodules__hal_nordic__nrfx.a(nrfx_flag32_allocator.c.obj)
                0x0000000000008b18                nrfx_flag32_free
 .text.clock_stop
                0x0000000000008b58       0xc8 modules/hal_nordic/nrfx/libmodules__hal_nordic__nrfx.a(nrfx_clock.c.obj)
 .text.nrfx_clock_init
                0x0000000000008c20       0x20 modules/hal_nordic/nrfx/libmodules__hal_nordic__nrfx.a(nrfx_clock.c.obj)
                0x0000000000008c20                nrfx_clock_init
 .text.nrfx_clock_enable
                0x0000000000008c40       0x24 modules/hal_nordic/nrfx/libmodules__hal_nordic__nrfx.a(nrfx_clock.c.obj)
                0x0000000000008c40                nrfx_clock_enable
 .text.nrfx_clock_irq_handler
                0x0000000000008c64       0x68 modules/hal_nordic/nrfx/libmodules__hal_nordic__nrfx.a(nrfx_clock.c.obj)
                0x0000000000008c64                nrfx_clock_irq_handler
 .text.nrf_gpio_pin_port_decode
                0x0000000000008ccc       0x1c modules/hal_nordic/nrfx/libmodules__hal_nordic__nrfx.a(nrfx_gpiote.c.obj)
 .text.pin_in_use_by_te
                0x0000000000008ce8       0x14 modules/hal_nordic/nrfx/libmodules__hal_nordic__nrfx.a(nrfx_gpiote.c.obj)
 .text.call_handler
                0x0000000000008cfc       0x3c modules/hal_nordic/nrfx/libmodules__hal_nordic__nrfx.a(nrfx_gpiote.c.obj)
 .text.release_handler
                0x0000000000008d38       0x54 modules/hal_nordic/nrfx/libmodules__hal_nordic__nrfx.a(nrfx_gpiote.c.obj)
 .text.pin_handler_trigger_uninit
                0x0000000000008d8c       0x38 modules/hal_nordic/nrfx/libmodules__hal_nordic__nrfx.a(nrfx_gpiote.c.obj)
 .text.nrfx_gpiote_input_configure
                0x0000000000008dc4      0x15c modules/hal_nordic/nrfx/libmodules__hal_nordic__nrfx.a(nrfx_gpiote.c.obj)
                0x0000000000008dc4                nrfx_gpiote_input_configure
 .text.nrfx_gpiote_output_configure
                0x0000000000008f20       0xe4 modules/hal_nordic/nrfx/libmodules__hal_nordic__nrfx.a(nrfx_gpiote.c.obj)
                0x0000000000008f20                nrfx_gpiote_output_configure
 .text.nrfx_gpiote_global_callback_set
                0x0000000000009004        0xc modules/hal_nordic/nrfx/libmodules__hal_nordic__nrfx.a(nrfx_gpiote.c.obj)
                0x0000000000009004                nrfx_gpiote_global_callback_set
 .text.nrfx_gpiote_channel_get
                0x0000000000009010       0x2c modules/hal_nordic/nrfx/libmodules__hal_nordic__nrfx.a(nrfx_gpiote.c.obj)
                0x0000000000009010                nrfx_gpiote_channel_get
 .text.nrfx_gpiote_init
                0x000000000000903c       0x50 modules/hal_nordic/nrfx/libmodules__hal_nordic__nrfx.a(nrfx_gpiote.c.obj)
                0x000000000000903c                nrfx_gpiote_init
 .text.nrfx_gpiote_is_init
                0x000000000000908c       0x14 modules/hal_nordic/nrfx/libmodules__hal_nordic__nrfx.a(nrfx_gpiote.c.obj)
                0x000000000000908c                nrfx_gpiote_is_init
 .text.nrfx_gpiote_channel_free
                0x00000000000090a0        0xc modules/hal_nordic/nrfx/libmodules__hal_nordic__nrfx.a(nrfx_gpiote.c.obj)
                0x00000000000090a0                nrfx_gpiote_channel_free
 .text.nrfx_gpiote_channel_alloc
                0x00000000000090ac        0xc modules/hal_nordic/nrfx/libmodules__hal_nordic__nrfx.a(nrfx_gpiote.c.obj)
                0x00000000000090ac                nrfx_gpiote_channel_alloc
 .text.nrfx_gpiote_trigger_enable
                0x00000000000090b8       0x90 modules/hal_nordic/nrfx/libmodules__hal_nordic__nrfx.a(nrfx_gpiote.c.obj)
                0x00000000000090b8                nrfx_gpiote_trigger_enable
 .text.nrfx_gpiote_trigger_disable
                0x0000000000009148       0x50 modules/hal_nordic/nrfx/libmodules__hal_nordic__nrfx.a(nrfx_gpiote.c.obj)
                0x0000000000009148                nrfx_gpiote_trigger_disable
 .text.nrfx_gpiote_pin_uninit
                0x0000000000009198       0x48 modules/hal_nordic/nrfx/libmodules__hal_nordic__nrfx.a(nrfx_gpiote.c.obj)
                0x0000000000009198                nrfx_gpiote_pin_uninit
 .text.nrfx_gpiote_irq_handler
                0x00000000000091e0      0x1bc modules/hal_nordic/nrfx/libmodules__hal_nordic__nrfx.a(nrfx_gpiote.c.obj)
                0x00000000000091e0                nrfx_gpiote_irq_handler
 .text.nrfx_power_init
                0x000000000000939c       0x74 modules/hal_nordic/nrfx/libmodules__hal_nordic__nrfx.a(nrfx_power.c.obj)
                0x000000000000939c                nrfx_power_init
 .text.nrfx_power_usbevt_uninit
                0x0000000000009410       0x18 modules/hal_nordic/nrfx/libmodules__hal_nordic__nrfx.a(nrfx_power.c.obj)
                0x0000000000009410                nrfx_power_usbevt_uninit
 .text.nrfx_power_usbevt_init
                0x0000000000009428       0x14 modules/hal_nordic/nrfx/libmodules__hal_nordic__nrfx.a(nrfx_power.c.obj)
                0x0000000000009428                nrfx_power_usbevt_init
 .text.nrfx_power_irq_handler
                0x000000000000943c       0xa0 modules/hal_nordic/nrfx/libmodules__hal_nordic__nrfx.a(nrfx_power.c.obj)
                0x000000000000943c                nrfx_power_irq_handler
 .text.nrf_gpio_pin_port_decode
                0x00000000000094dc       0x1c modules/hal_nordic/nrfx/libmodules__hal_nordic__nrfx.a(nrfx_spi.c.obj)
 .text.nrfx_spi_init
                0x00000000000094f8      0x15c modules/hal_nordic/nrfx/libmodules__hal_nordic__nrfx.a(nrfx_spi.c.obj)
                0x00000000000094f8                nrfx_spi_init
 .text.nrfx_spi_uninit
                0x0000000000009654       0x70 modules/hal_nordic/nrfx/libmodules__hal_nordic__nrfx.a(nrfx_spi.c.obj)
                0x0000000000009654                nrfx_spi_uninit
 .text.nrfx_spi_xfer
                0x00000000000096c4       0xfc modules/hal_nordic/nrfx/libmodules__hal_nordic__nrfx.a(nrfx_spi.c.obj)
                0x00000000000096c4                nrfx_spi_xfer
 .text.nrfx_spi_1_irq_handler
                0x00000000000097c0       0x40 modules/hal_nordic/nrfx/libmodules__hal_nordic__nrfx.a(nrfx_spi.c.obj)
                0x00000000000097c0                nrfx_spi_1_irq_handler
 .text.nrf52_errata_187
                0x0000000000009800       0x28 modules/hal_nordic/nrfx/libmodules__hal_nordic__nrfx.a(nrfx_usbd.c.obj)
 .text.ep_state_access
                0x0000000000009828       0x1c modules/hal_nordic/nrfx/libmodules__hal_nordic__nrfx.a(nrfx_usbd.c.obj)
 .text.ev_usbreset_handler
                0x0000000000009844       0x2c modules/hal_nordic/nrfx/libmodules__hal_nordic__nrfx.a(nrfx_usbd.c.obj)
 .text.ev_usbevent_handler
                0x0000000000009870       0x74 modules/hal_nordic/nrfx/libmodules__hal_nordic__nrfx.a(nrfx_usbd.c.obj)
 .text.usbd_errata_187_211_begin
                0x00000000000098e4       0x40 modules/hal_nordic/nrfx/libmodules__hal_nordic__nrfx.a(nrfx_usbd.c.obj)
 .text.usbd_errata_187_211_end
                0x0000000000009924       0x40 modules/hal_nordic/nrfx/libmodules__hal_nordic__nrfx.a(nrfx_usbd.c.obj)
 .text.nrfx_usbd_feeder_flash
                0x0000000000009964       0x38 modules/hal_nordic/nrfx/libmodules__hal_nordic__nrfx.a(nrfx_usbd.c.obj)
                0x0000000000009964                nrfx_usbd_feeder_flash
 .text.nrfx_usbd_feeder_flash_zlp
                0x000000000000999c       0x3c modules/hal_nordic/nrfx/libmodules__hal_nordic__nrfx.a(nrfx_usbd.c.obj)
                0x000000000000999c                nrfx_usbd_feeder_flash_zlp
 .text.ev_sof_handler
                0x00000000000099d8       0x44 modules/hal_nordic/nrfx/libmodules__hal_nordic__nrfx.a(nrfx_usbd.c.obj)
 .text.atomic_and.constprop.0.isra.0
                0x0000000000009a1c       0x20 modules/hal_nordic/nrfx/libmodules__hal_nordic__nrfx.a(nrfx_usbd.c.obj)
 .text.usbd_dma_pending_clear
                0x0000000000009a3c       0x24 modules/hal_nordic/nrfx/libmodules__hal_nordic__nrfx.a(nrfx_usbd.c.obj)
 .text.nrf_usbd_ep0in_dma_handler
                0x0000000000009a60       0x2c modules/hal_nordic/nrfx/libmodules__hal_nordic__nrfx.a(nrfx_usbd.c.obj)
 .text.usbd_ep_data_handler
                0x0000000000009a8c       0x8c modules/hal_nordic/nrfx/libmodules__hal_nordic__nrfx.a(nrfx_usbd.c.obj)
 .text.ev_setup_data_handler
                0x0000000000009b18       0x1c modules/hal_nordic/nrfx/libmodules__hal_nordic__nrfx.a(nrfx_usbd.c.obj)
 .text.ev_dma_epout8_handler
                0x0000000000009b34       0x40 modules/hal_nordic/nrfx/libmodules__hal_nordic__nrfx.a(nrfx_usbd.c.obj)
 .text.ev_dma_epin8_handler
                0x0000000000009b74       0x50 modules/hal_nordic/nrfx/libmodules__hal_nordic__nrfx.a(nrfx_usbd.c.obj)
 .text.nrfx_usbd_uninit
                0x0000000000009bc4       0x14 modules/hal_nordic/nrfx/libmodules__hal_nordic__nrfx.a(nrfx_usbd.c.obj)
                0x0000000000009bc4                nrfx_usbd_uninit
 .text.nrfx_usbd_enable
                0x0000000000009bd8      0x14c modules/hal_nordic/nrfx/libmodules__hal_nordic__nrfx.a(nrfx_usbd.c.obj)
                0x0000000000009bd8                nrfx_usbd_enable
 .text.nrfx_usbd_start
                0x0000000000009d24       0x3c modules/hal_nordic/nrfx/libmodules__hal_nordic__nrfx.a(nrfx_usbd.c.obj)
                0x0000000000009d24                nrfx_usbd_start
 .text.nrfx_usbd_is_enabled
                0x0000000000009d60       0x14 modules/hal_nordic/nrfx/libmodules__hal_nordic__nrfx.a(nrfx_usbd.c.obj)
                0x0000000000009d60                nrfx_usbd_is_enabled
 .text.nrfx_usbd_suspend
                0x0000000000009d74       0x58 modules/hal_nordic/nrfx/libmodules__hal_nordic__nrfx.a(nrfx_usbd.c.obj)
                0x0000000000009d74                nrfx_usbd_suspend
 .text.nrfx_usbd_init
                0x0000000000009dcc       0x84 modules/hal_nordic/nrfx/libmodules__hal_nordic__nrfx.a(nrfx_usbd.c.obj)
                0x0000000000009dcc                nrfx_usbd_init
 .text.nrfx_usbd_ep_transfer
                0x0000000000009e50       0xf4 modules/hal_nordic/nrfx/libmodules__hal_nordic__nrfx.a(nrfx_usbd.c.obj)
                0x0000000000009e50                nrfx_usbd_ep_transfer
 .text.nrfx_usbd_epout_size_get
                0x0000000000009f44       0x28 modules/hal_nordic/nrfx/libmodules__hal_nordic__nrfx.a(nrfx_usbd.c.obj)
                0x0000000000009f44                nrfx_usbd_epout_size_get
 .text.usbd_dmareq_process
                0x0000000000009f6c      0x188 modules/hal_nordic/nrfx/libmodules__hal_nordic__nrfx.a(nrfx_usbd.c.obj)
 .text.ev_epdata_handler
                0x000000000000a0f4       0x44 modules/hal_nordic/nrfx/libmodules__hal_nordic__nrfx.a(nrfx_usbd.c.obj)
 .text.nrf_usbd_epout_dma_handler
                0x000000000000a138       0x64 modules/hal_nordic/nrfx/libmodules__hal_nordic__nrfx.a(nrfx_usbd.c.obj)
 .text.nrfx_usbd_ep_stall
                0x000000000000a19c       0x10 modules/hal_nordic/nrfx/libmodules__hal_nordic__nrfx.a(nrfx_usbd.c.obj)
                0x000000000000a19c                nrfx_usbd_ep_stall
 .text.nrfx_usbd_ep_stall_check
                0x000000000000a1ac       0x34 modules/hal_nordic/nrfx/libmodules__hal_nordic__nrfx.a(nrfx_usbd.c.obj)
                0x000000000000a1ac                nrfx_usbd_ep_stall_check
 .text.nrfx_usbd_ep_dtoggle_clear
                0x000000000000a1e0       0x18 modules/hal_nordic/nrfx/libmodules__hal_nordic__nrfx.a(nrfx_usbd.c.obj)
                0x000000000000a1e0                nrfx_usbd_ep_dtoggle_clear
 .text.nrfx_usbd_setup_get
                0x000000000000a1f8       0x4c modules/hal_nordic/nrfx/libmodules__hal_nordic__nrfx.a(nrfx_usbd.c.obj)
                0x000000000000a1f8                nrfx_usbd_setup_get
 .text.nrfx_usbd_setup_data_clear
                0x000000000000a244       0x10 modules/hal_nordic/nrfx/libmodules__hal_nordic__nrfx.a(nrfx_usbd.c.obj)
                0x000000000000a244                nrfx_usbd_setup_data_clear
 .text.ev_dma_epout0_handler
                0x000000000000a254       0x50 modules/hal_nordic/nrfx/libmodules__hal_nordic__nrfx.a(nrfx_usbd.c.obj)
 .text.nrfx_usbd_setup_clear
                0x000000000000a2a4       0x10 modules/hal_nordic/nrfx/libmodules__hal_nordic__nrfx.a(nrfx_usbd.c.obj)
                0x000000000000a2a4                nrfx_usbd_setup_clear
 .text.nrfx_usbd_setup_stall
                0x000000000000a2b4       0x10 modules/hal_nordic/nrfx/libmodules__hal_nordic__nrfx.a(nrfx_usbd.c.obj)
                0x000000000000a2b4                nrfx_usbd_setup_stall
 .text.nrfx_usbd_last_setup_dir_get
                0x000000000000a2c4        0xc modules/hal_nordic/nrfx/libmodules__hal_nordic__nrfx.a(nrfx_usbd.c.obj)
                0x000000000000a2c4                nrfx_usbd_last_setup_dir_get
 .text.nrfx_usbd_transfer_out_drop
                0x000000000000a2d0       0x54 modules/hal_nordic/nrfx/libmodules__hal_nordic__nrfx.a(nrfx_usbd.c.obj)
                0x000000000000a2d0                nrfx_usbd_transfer_out_drop
 .text.usbd_ep_abort
                0x000000000000a324       0xf4 modules/hal_nordic/nrfx/libmodules__hal_nordic__nrfx.a(nrfx_usbd.c.obj)
 .text.ev_setup_handler
                0x000000000000a418       0x68 modules/hal_nordic/nrfx/libmodules__hal_nordic__nrfx.a(nrfx_usbd.c.obj)
 .text.nrfx_usbd_irq_handler
                0x000000000000a480       0x7c modules/hal_nordic/nrfx/libmodules__hal_nordic__nrfx.a(nrfx_usbd.c.obj)
                0x000000000000a480                nrfx_usbd_irq_handler
 .text.nrfx_usbd_stop
                0x000000000000a4fc       0x80 modules/hal_nordic/nrfx/libmodules__hal_nordic__nrfx.a(nrfx_usbd.c.obj)
                0x000000000000a4fc                nrfx_usbd_stop
 .text.nrfx_usbd_disable
                0x000000000000a57c       0x30 modules/hal_nordic/nrfx/libmodules__hal_nordic__nrfx.a(nrfx_usbd.c.obj)
                0x000000000000a57c                nrfx_usbd_disable
 .text.nrfx_usbd_ep_disable
                0x000000000000a5ac       0x58 modules/hal_nordic/nrfx/libmodules__hal_nordic__nrfx.a(nrfx_usbd.c.obj)
                0x000000000000a5ac                nrfx_usbd_ep_disable
 .text.nrfx_usbd_ep_enable
                0x000000000000a604       0xa8 modules/hal_nordic/nrfx/libmodules__hal_nordic__nrfx.a(nrfx_usbd.c.obj)
                0x000000000000a604                nrfx_usbd_ep_enable
 .text.nrfx_usbd_ep_stall_clear
                0x000000000000a6ac       0x20 modules/hal_nordic/nrfx/libmodules__hal_nordic__nrfx.a(nrfx_usbd.c.obj)
                0x000000000000a6ac                nrfx_usbd_ep_stall_clear
 .text.z_fatal_error
                0x000000000000a6cc       0xfc zephyr/kernel/libkernel.a(fatal.c.obj)
                0x000000000000a6cc                z_fatal_error
 .text.z_sys_init_run_level
                0x000000000000a7c8       0x48 zephyr/kernel/libkernel.a(init.c.obj)
 .text.bg_thread_main
                0x000000000000a810       0x34 zephyr/kernel/libkernel.a(init.c.obj)
 .text.z_bss_zero
                0x000000000000a844       0x18 zephyr/kernel/libkernel.a(init.c.obj)
                0x000000000000a844                z_bss_zero
 .text.z_init_cpu
                0x000000000000a85c       0x68 zephyr/kernel/libkernel.a(init.c.obj)
                0x000000000000a85c                z_init_cpu
 .text.z_cstart
                0x000000000000a8c4       0xe0 zephyr/kernel/libkernel.a(init.c.obj)
                0x000000000000a8c4                z_cstart
 .text.init_mem_slab_module
                0x000000000000a9a4       0x24 zephyr/kernel/libkernel.a(mem_slab.c.obj)
 .text.k_mem_slab_alloc
                0x000000000000a9c8       0x5c zephyr/kernel/libkernel.a(mem_slab.c.obj)
                0x000000000000a9c8                k_mem_slab_alloc
 .text.z_setup_new_thread
                0x000000000000aa24       0x60 zephyr/kernel/libkernel.a(thread.c.obj)
                0x000000000000aa24                z_setup_new_thread
 .text.z_impl_k_thread_create
                0x000000000000aa84       0x58 zephyr/kernel/libkernel.a(thread.c.obj)
                0x000000000000aa84                z_impl_k_thread_create
 .text.z_init_static_threads
                0x000000000000aadc       0xb8 zephyr/kernel/libkernel.a(thread.c.obj)
                0x000000000000aadc                z_init_static_threads
 .text.idle     0x000000000000ab94       0x38 zephyr/kernel/libkernel.a(idle.c.obj)
                0x000000000000ab94                idle
 .text.z_impl_k_mutex_lock
                0x000000000000abcc       0xf4 zephyr/kernel/libkernel.a(mutex.c.obj)
                0x000000000000abcc                z_impl_k_mutex_lock
 .text.z_impl_k_mutex_unlock
                0x000000000000acc0       0x78 zephyr/kernel/libkernel.a(mutex.c.obj)
                0x000000000000acc0                z_impl_k_mutex_unlock
 .text.z_impl_k_queue_get
                0x000000000000ad38       0x68 zephyr/kernel/libkernel.a(queue.c.obj)
                0x000000000000ad38                z_impl_k_queue_get
 .text.z_impl_k_sem_give
                0x000000000000ada0       0x4c zephyr/kernel/libkernel.a(sem.c.obj)
                0x000000000000ada0                z_impl_k_sem_give
 .text.z_impl_k_sem_take
                0x000000000000adec       0x50 zephyr/kernel/libkernel.a(sem.c.obj)
                0x000000000000adec                z_impl_k_sem_take
 .text.z_impl_k_sem_reset
                0x000000000000ae3c       0x44 zephyr/kernel/libkernel.a(sem.c.obj)
                0x000000000000ae3c                z_impl_k_sem_reset
 .text.work_queue_main
                0x000000000000ae80      0x138 zephyr/kernel/libkernel.a(work.c.obj)
 .text.submit_to_queue_locked
                0x000000000000afb8       0xb4 zephyr/kernel/libkernel.a(work.c.obj)
 .text.k_work_submit
                0x000000000000b06c        0xc zephyr/kernel/libkernel.a(work.c.obj)
                0x000000000000b06c                k_work_submit
 .text.k_work_queue_start
                0x000000000000b078       0x70 zephyr/kernel/libkernel.a(work.c.obj)
                0x000000000000b078                k_work_queue_start
 .text.k_work_schedule_for_queue
                0x000000000000b0e8       0x54 zephyr/kernel/libkernel.a(work.c.obj)
                0x000000000000b0e8                k_work_schedule_for_queue
 .text.sliceable
                0x000000000000b13c       0x3c zephyr/kernel/libkernel.a(sched.c.obj)
 .text.slice_timeout
                0x000000000000b178       0x20 zephyr/kernel/libkernel.a(sched.c.obj)
 .text.z_reset_time_slice
                0x000000000000b198       0x50 zephyr/kernel/libkernel.a(sched.c.obj)
                0x000000000000b198                z_reset_time_slice
 .text.update_cache
                0x000000000000b1e8       0x3c zephyr/kernel/libkernel.a(sched.c.obj)
 .text.move_thread_to_end_of_prio_q
                0x000000000000b224       0x74 zephyr/kernel/libkernel.a(sched.c.obj)
 .text.ready_thread
                0x000000000000b298       0x68 zephyr/kernel/libkernel.a(sched.c.obj)
 .text.unready_thread
                0x000000000000b300       0x30 zephyr/kernel/libkernel.a(sched.c.obj)
 .text.pend_locked
                0x000000000000b330       0x30 zephyr/kernel/libkernel.a(sched.c.obj)
 .text.z_time_slice
                0x000000000000b360       0x60 zephyr/kernel/libkernel.a(sched.c.obj)
                0x000000000000b360                z_time_slice
 .text.z_pend_curr
                0x000000000000b3c0       0x3c zephyr/kernel/libkernel.a(sched.c.obj)
                0x000000000000b3c0                z_pend_curr
 .text.z_set_prio
                0x000000000000b3fc       0x8c zephyr/kernel/libkernel.a(sched.c.obj)
                0x000000000000b3fc                z_set_prio
 .text.z_reschedule
                0x000000000000b488       0x24 zephyr/kernel/libkernel.a(sched.c.obj)
                0x000000000000b488                z_reschedule
 .text.z_sched_start
                0x000000000000b4ac       0x3c zephyr/kernel/libkernel.a(sched.c.obj)
                0x000000000000b4ac                z_sched_start
 .text.z_impl_k_thread_suspend
                0x000000000000b4e8       0x64 zephyr/kernel/libkernel.a(sched.c.obj)
                0x000000000000b4e8                z_impl_k_thread_suspend
 .text.k_sched_lock
                0x000000000000b54c       0x28 zephyr/kernel/libkernel.a(sched.c.obj)
                0x000000000000b54c                k_sched_lock
 .text.k_sched_unlock
                0x000000000000b574       0x38 zephyr/kernel/libkernel.a(sched.c.obj)
                0x000000000000b574                k_sched_unlock
 .text.z_sched_init
                0x000000000000b5ac       0x10 zephyr/kernel/libkernel.a(sched.c.obj)
                0x000000000000b5ac                z_sched_init
 .text.z_impl_k_yield
                0x000000000000b5bc       0x7c zephyr/kernel/libkernel.a(sched.c.obj)
                0x000000000000b5bc                z_impl_k_yield
 .text.z_tick_sleep
                0x000000000000b638       0x88 zephyr/kernel/libkernel.a(sched.c.obj)
 .text.z_impl_k_sleep
                0x000000000000b6c0       0x34 zephyr/kernel/libkernel.a(sched.c.obj)
                0x000000000000b6c0                z_impl_k_sleep
 .text.z_impl_k_usleep
                0x000000000000b6f4       0x34 zephyr/kernel/libkernel.a(sched.c.obj)
                0x000000000000b6f4                z_impl_k_usleep
 .text.z_impl_z_current_get
                0x000000000000b728        0xc zephyr/kernel/libkernel.a(sched.c.obj)
                0x000000000000b728                z_impl_z_current_get
 .text.z_thread_abort
                0x000000000000b734       0xc0 zephyr/kernel/libkernel.a(sched.c.obj)
                0x000000000000b734                z_thread_abort
 .text.z_sched_wait
                0x000000000000b7f4       0x24 zephyr/kernel/libkernel.a(sched.c.obj)
                0x000000000000b7f4                z_sched_wait
 .text.z_data_copy
                0x000000000000b818       0x34 zephyr/kernel/libkernel.a(xip.c.obj)
                0x000000000000b818                z_data_copy
 .text.elapsed  0x000000000000b84c       0x14 zephyr/kernel/libkernel.a(timeout.c.obj)
 .text.next_timeout
                0x000000000000b860       0x40 zephyr/kernel/libkernel.a(timeout.c.obj)
 .text.remove_timeout
                0x000000000000b8a0       0x38 zephyr/kernel/libkernel.a(timeout.c.obj)
 .text.z_add_timeout
                0x000000000000b8d8       0xec zephyr/kernel/libkernel.a(timeout.c.obj)
                0x000000000000b8d8                z_add_timeout
 .text.sys_clock_announce
                0x000000000000b9c4       0xd4 zephyr/kernel/libkernel.a(timeout.c.obj)
                0x000000000000b9c4                sys_clock_announce
 .text.sys_clock_tick_get
                0x000000000000ba98       0x34 zephyr/kernel/libkernel.a(timeout.c.obj)
                0x000000000000ba98                sys_clock_tick_get
 .text.z_timer_expiration_handler
                0x000000000000bacc       0xe4 zephyr/kernel/libkernel.a(timer.c.obj)
                0x000000000000bacc                z_timer_expiration_handler
 .text.z_impl_k_timer_start
                0x000000000000bbb0       0x60 zephyr/kernel/libkernel.a(timer.c.obj)
                0x000000000000bbb0                z_impl_k_timer_start
 .text.z_impl_k_poll
                0x000000000000bc10       0xb8 zephyr/kernel/libkernel.a(poll.c.obj)
                0x000000000000bc10                z_impl_k_poll
 .text.z_impl_k_poll_signal_raise
                0x000000000000bcc8       0x50 zephyr/kernel/libkernel.a(poll.c.obj)
                0x000000000000bcc8                z_impl_k_poll_signal_raise
 .text.z_thread_aligned_alloc
                0x000000000000bd18       0x40 zephyr/kernel/libkernel.a(mempool.c.obj)
                0x000000000000bd18                z_thread_aligned_alloc
 .text.boot_banner
                0x000000000000bd58        0xc zephyr/kernel/libkernel.a(banner.c.obj)
                0x000000000000bd58                boot_banner
 .text.statics_init
                0x000000000000bd64       0x24 zephyr/kernel/libkernel.a(kheap.c.obj)
 .text.k_sys_work_q_init
                0x000000000000bd88       0x34 zephyr/kernel/libkernel.a(system_work_q.c.obj)
 .text.nrf_cc3xx_platform_init_no_rng
                0x000000000000bdbc       0x38 C:/ncs/v2.4.0/nrfxlib/crypto/nrf_cc310_platform/lib/cortex-m4/soft-float/no-interrupts/libnrf_cc310_platform_0.9.17.a(nrf_cc3xx_platform.c.obj)
                0x000000000000bdbc                nrf_cc3xx_platform_init_no_rng
 .text.nrf_cc3xx_platform_abort
                0x000000000000bdf4       0x24 C:/ncs/v2.4.0/nrfxlib/crypto/nrf_cc310_platform/lib/cortex-m4/soft-float/no-interrupts/libnrf_cc310_platform_0.9.17.a(nrf_cc3xx_platform_abort.c.obj)
 .text.CC_PalAbort
                0x000000000000be18       0x34 C:/ncs/v2.4.0/nrfxlib/crypto/nrf_cc310_platform/lib/cortex-m4/soft-float/no-interrupts/libnrf_cc310_platform_0.9.17.a(nrf_cc3xx_platform_abort.c.obj)
                0x000000000000be18                CC_PalAbort
 .text.nrf_cc3xx_platform_set_abort
                0x000000000000be4c       0x10 C:/ncs/v2.4.0/nrfxlib/crypto/nrf_cc310_platform/lib/cortex-m4/soft-float/no-interrupts/libnrf_cc310_platform_0.9.17.a(nrf_cc3xx_platform_abort.c.obj)
                0x000000000000be4c                nrf_cc3xx_platform_set_abort
 .text.mutex_free
                0x000000000000be5c       0x34 C:/ncs/v2.4.0/nrfxlib/crypto/nrf_cc310_platform/lib/cortex-m4/soft-float/no-interrupts/libnrf_cc310_platform_0.9.17.a(nrf_cc3xx_platform_mutex.c.obj)
 .text.mutex_lock
                0x000000000000be90       0x48 C:/ncs/v2.4.0/nrfxlib/crypto/nrf_cc310_platform/lib/cortex-m4/soft-float/no-interrupts/libnrf_cc310_platform_0.9.17.a(nrf_cc3xx_platform_mutex.c.obj)
 .text.mutex_unlock
                0x000000000000bed8       0x38 C:/ncs/v2.4.0/nrfxlib/crypto/nrf_cc310_platform/lib/cortex-m4/soft-float/no-interrupts/libnrf_cc310_platform_0.9.17.a(nrf_cc3xx_platform_mutex.c.obj)
 .text.mutex_init
                0x000000000000bf10       0x20 C:/ncs/v2.4.0/nrfxlib/crypto/nrf_cc310_platform/lib/cortex-m4/soft-float/no-interrupts/libnrf_cc310_platform_0.9.17.a(nrf_cc3xx_platform_mutex.c.obj)
 .text.nrf_cc3xx_platform_set_mutexes
                0x000000000000bf30       0x74 C:/ncs/v2.4.0/nrfxlib/crypto/nrf_cc310_platform/lib/cortex-m4/soft-float/no-interrupts/libnrf_cc310_platform_0.9.17.a(nrf_cc3xx_platform_mutex.c.obj)
                0x000000000000bf30                nrf_cc3xx_platform_set_mutexes
 .text.CC_LibInitNoRng
                0x000000000000bfa4       0x64 C:/ncs/v2.4.0/nrfxlib/crypto/nrf_cc310_platform/lib/cortex-m4/soft-float/no-interrupts/libnrf_cc310_platform_0.9.17.a(cc_lib.c.obj)
                0x000000000000bfa4                CC_LibInitNoRng
 .text.CC_HalInit
                0x000000000000c008        0x4 C:/ncs/v2.4.0/nrfxlib/crypto/nrf_cc310_platform/lib/cortex-m4/soft-float/no-interrupts/libnrf_cc310_platform_0.9.17.a(cc_hal.c.obj)
                0x000000000000c008                CC_HalInit
 .text.CC_HalTerminate
                0x000000000000c00c        0x4 C:/ncs/v2.4.0/nrfxlib/crypto/nrf_cc310_platform/lib/cortex-m4/soft-float/no-interrupts/libnrf_cc310_platform_0.9.17.a(cc_hal.c.obj)
                0x000000000000c00c                CC_HalTerminate
 .text.CC_HalMaskInterrupt
                0x000000000000c010        0xc C:/ncs/v2.4.0/nrfxlib/crypto/nrf_cc310_platform/lib/cortex-m4/soft-float/no-interrupts/libnrf_cc310_platform_0.9.17.a(cc_hal.c.obj)
                0x000000000000c010                CC_HalMaskInterrupt
 .text.CC_PalInit
                0x000000000000c01c       0x5c C:/ncs/v2.4.0/nrfxlib/crypto/nrf_cc310_platform/lib/cortex-m4/soft-float/no-interrupts/libnrf_cc310_platform_0.9.17.a(cc_pal.c.obj)
                0x000000000000c01c                CC_PalInit
 .text.CC_PalTerminate
                0x000000000000c078       0x34 C:/ncs/v2.4.0/nrfxlib/crypto/nrf_cc310_platform/lib/cortex-m4/soft-float/no-interrupts/libnrf_cc310_platform_0.9.17.a(cc_pal.c.obj)
                0x000000000000c078                CC_PalTerminate
 .text.CC_PalDmaInit
                0x000000000000c0ac        0x4 C:/ncs/v2.4.0/nrfxlib/crypto/nrf_cc310_platform/lib/cortex-m4/soft-float/no-interrupts/libnrf_cc310_platform_0.9.17.a(cc_pal_dma.c.obj)
                0x000000000000c0ac                CC_PalDmaInit
 .text.CC_PalDmaTerminate
                0x000000000000c0b0        0x4 C:/ncs/v2.4.0/nrfxlib/crypto/nrf_cc310_platform/lib/cortex-m4/soft-float/no-interrupts/libnrf_cc310_platform_0.9.17.a(cc_pal_dma.c.obj)
                0x000000000000c0b0                CC_PalDmaTerminate
 .text.CC_PalMutexCreate
                0x000000000000c0b4       0x14 C:/ncs/v2.4.0/nrfxlib/crypto/nrf_cc310_platform/lib/cortex-m4/soft-float/no-interrupts/libnrf_cc310_platform_0.9.17.a(cc_pal_mutex.c.obj)
                0x000000000000c0b4                CC_PalMutexCreate
 .text.CC_PalMutexDestroy
                0x000000000000c0c8       0x14 C:/ncs/v2.4.0/nrfxlib/crypto/nrf_cc310_platform/lib/cortex-m4/soft-float/no-interrupts/libnrf_cc310_platform_0.9.17.a(cc_pal_mutex.c.obj)
                0x000000000000c0c8                CC_PalMutexDestroy
 .text.CC_PalPowerSaveModeInit
                0x000000000000c0dc       0x3c C:/ncs/v2.4.0/nrfxlib/crypto/nrf_cc310_platform/lib/cortex-m4/soft-float/no-interrupts/libnrf_cc310_platform_0.9.17.a(cc_pal_pm.c.obj)
                0x000000000000c0dc                CC_PalPowerSaveModeInit
 .text.CC_PalPowerSaveModeSelect
                0x000000000000c118       0x84 C:/ncs/v2.4.0/nrfxlib/crypto/nrf_cc310_platform/lib/cortex-m4/soft-float/no-interrupts/libnrf_cc310_platform_0.9.17.a(cc_pal_pm.c.obj)
                0x000000000000c118                CC_PalPowerSaveModeSelect
 .text.main     0x000000000000c19c       0x1c app/libapp.a(main.c.obj)
                0x000000000000c19c                main
 .text.cbpprintf_external
                0x000000000000c1b8       0x62 zephyr/libzephyr.a(cbprintf_packaged.c.obj)
                0x000000000000c1b8                cbpprintf_external
 .text.is_ptr   0x000000000000c21a       0x4a zephyr/libzephyr.a(cbprintf_packaged.c.obj)
                0x000000000000c21a                is_ptr
 .text.arch_printk_char_out
                0x000000000000c264        0x4 zephyr/libzephyr.a(printk.c.obj)
                0x000000000000c264                arch_printk_char_out
 .text.str_out  0x000000000000c268       0x26 zephyr/libzephyr.a(printk.c.obj)
 .text.printk   0x000000000000c28e       0x1a zephyr/libzephyr.a(printk.c.obj)
                0x000000000000c28e                printk
 .text.snprintk
                0x000000000000c2a8       0x1a zephyr/libzephyr.a(printk.c.obj)
                0x000000000000c2a8                snprintk
 .text.z_thread_entry
                0x000000000000c2c2       0x14 zephyr/libzephyr.a(thread_entry.c.obj)
                0x000000000000c2c2                z_thread_entry
 .text.chunk_size
                0x000000000000c2d6        0xa zephyr/libzephyr.a(heap.c.obj)
 .text.free_list_add
                0x000000000000c2e0       0x4e zephyr/libzephyr.a(heap.c.obj)
 .text.free_list_remove_bidx
                0x000000000000c32e       0x3a zephyr/libzephyr.a(heap.c.obj)
 .text.free_list_remove
                0x000000000000c368       0x1a zephyr/libzephyr.a(heap.c.obj)
 .text.alloc_chunk
                0x000000000000c382       0x6e zephyr/libzephyr.a(heap.c.obj)
 .text.merge_chunks
                0x000000000000c3f0       0x2c zephyr/libzephyr.a(heap.c.obj)
 .text.split_chunks
                0x000000000000c41c       0x34 zephyr/libzephyr.a(heap.c.obj)
 .text.free_chunk
                0x000000000000c450       0x62 zephyr/libzephyr.a(heap.c.obj)
 .text.sys_heap_free
                0x000000000000c4b2       0x1e zephyr/libzephyr.a(heap.c.obj)
                0x000000000000c4b2                sys_heap_free
 .text.sys_heap_alloc
                0x000000000000c4d0       0x52 zephyr/libzephyr.a(heap.c.obj)
                0x000000000000c4d0                sys_heap_alloc
 .text.sys_heap_aligned_alloc
                0x000000000000c522       0xce zephyr/libzephyr.a(heap.c.obj)
                0x000000000000c522                sys_heap_aligned_alloc
 .text.sys_heap_init
                0x000000000000c5f0       0x70 zephyr/libzephyr.a(heap.c.obj)
                0x000000000000c5f0                sys_heap_init
 .text.sys_slist_find_and_remove
                0x000000000000c660       0x36 zephyr/libzephyr.a(onoff.c.obj)
 .text.process_recheck
                0x000000000000c696       0x38 zephyr/libzephyr.a(onoff.c.obj)
 .text.validate_args
                0x000000000000c6ce       0x20 zephyr/libzephyr.a(onoff.c.obj)
 .text.notify_one
                0x000000000000c6ee       0x2c zephyr/libzephyr.a(onoff.c.obj)
 .text.transition_complete
                0x000000000000c71a       0x1c zephyr/libzephyr.a(onoff.c.obj)
 .text.onoff_manager_init
                0x000000000000c736       0x26 zephyr/libzephyr.a(onoff.c.obj)
                0x000000000000c736                onoff_manager_init
 .text.onoff_request
                0x000000000000c75c       0xb0 zephyr/libzephyr.a(onoff.c.obj)
                0x000000000000c75c                onoff_request
 .text.onoff_release
                0x000000000000c80c       0x4a zephyr/libzephyr.a(onoff.c.obj)
                0x000000000000c80c                onoff_release
 .text.onoff_cancel
                0x000000000000c856       0x38 zephyr/libzephyr.a(onoff.c.obj)
                0x000000000000c856                onoff_cancel
 .text.sys_notify_validate
                0x000000000000c88e       0x28 zephyr/libzephyr.a(notify.c.obj)
                0x000000000000c88e                sys_notify_validate
 .text.sys_notify_finalize
                0x000000000000c8b6       0x32 zephyr/libzephyr.a(notify.c.obj)
                0x000000000000c8b6                sys_notify_finalize
 .text.encode_uint
                0x000000000000c8e8       0x8c zephyr/libzephyr.a(cbprintf_complete.c.obj)
 .text.outs     0x000000000000c974       0x2e zephyr/libzephyr.a(cbprintf_complete.c.obj)
 .text.ring_buf_put_claim
                0x000000000000c9a2       0x3e zephyr/libzephyr.a(ring_buffer.c.obj)
                0x000000000000c9a2                ring_buf_put_claim
 .text.ring_buf_put_finish
                0x000000000000c9e0       0x2a zephyr/libzephyr.a(ring_buffer.c.obj)
                0x000000000000c9e0                ring_buf_put_finish
 .text.ring_buf_put
                0x000000000000ca0a       0x3e zephyr/libzephyr.a(ring_buffer.c.obj)
                0x000000000000ca0a                ring_buf_put
 .text.ring_buf_get_claim
                0x000000000000ca48       0x40 zephyr/libzephyr.a(ring_buffer.c.obj)
                0x000000000000ca48                ring_buf_get_claim
 .text.ring_buf_get_finish
                0x000000000000ca88       0x2a zephyr/libzephyr.a(ring_buffer.c.obj)
                0x000000000000ca88                ring_buf_get_finish
 .text.ring_buf_get
                0x000000000000cab2       0x40 zephyr/libzephyr.a(ring_buffer.c.obj)
                0x000000000000cab2                ring_buf_get
 .text.free_space
                0x000000000000caf2       0x26 zephyr/libzephyr.a(mpsc_pbuf.c.obj)
 .text.get_usage
                0x000000000000cb18       0x22 zephyr/libzephyr.a(mpsc_pbuf.c.obj)
 .text.idx_inc  0x000000000000cb3a       0x1c zephyr/libzephyr.a(mpsc_pbuf.c.obj)
 .text.rd_idx_inc
                0x000000000000cb56       0x18 zephyr/libzephyr.a(mpsc_pbuf.c.obj)
 .text.add_skip_item
                0x000000000000cb6e       0x3a zephyr/libzephyr.a(mpsc_pbuf.c.obj)
 .text.drop_item_locked
                0x000000000000cba8       0xee zephyr/libzephyr.a(mpsc_pbuf.c.obj)
 .text.post_drop_action
                0x000000000000cc96       0x36 zephyr/libzephyr.a(mpsc_pbuf.c.obj)
 .text.max_utilization_update
                0x000000000000cccc       0x1a zephyr/libzephyr.a(mpsc_pbuf.c.obj)
 .text.mpsc_pbuf_init
                0x000000000000cce6       0x42 zephyr/libzephyr.a(mpsc_pbuf.c.obj)
                0x000000000000cce6                mpsc_pbuf_init
 .text.mpsc_pbuf_alloc
                0x000000000000cd28       0xfc zephyr/libzephyr.a(mpsc_pbuf.c.obj)
                0x000000000000cd28                mpsc_pbuf_alloc
 .text.mpsc_pbuf_commit
                0x000000000000ce24       0x40 zephyr/libzephyr.a(mpsc_pbuf.c.obj)
                0x000000000000ce24                mpsc_pbuf_commit
 .text.mpsc_pbuf_claim
                0x000000000000ce64       0xa4 zephyr/libzephyr.a(mpsc_pbuf.c.obj)
                0x000000000000ce64                mpsc_pbuf_claim
 .text.mpsc_pbuf_free
                0x000000000000cf08       0x78 zephyr/libzephyr.a(mpsc_pbuf.c.obj)
                0x000000000000cf08                mpsc_pbuf_free
 .text.mpsc_pbuf_is_pending
                0x000000000000cf80       0x1a zephyr/libzephyr.a(mpsc_pbuf.c.obj)
                0x000000000000cf80                mpsc_pbuf_is_pending
 .text._ConfigAbsSyms
                0x000000000000cf9a        0x2 zephyr/libzephyr.a(configs.c.obj)
                0x000000000000cf9a                _ConfigAbsSyms
 .text.log_msg_generic_get_wlen
                0x000000000000cf9c       0x20 zephyr/libzephyr.a(log_core.c.obj)
 .text.dummy_timestamp
                0x000000000000cfbc        0x4 zephyr/libzephyr.a(log_core.c.obj)
 .text.default_get_timestamp
                0x000000000000cfc0        0x4 zephyr/libzephyr.a(log_core.c.obj)
 .text.atomic_inc
                0x000000000000cfc4       0x1a zephyr/libzephyr.a(log_core.c.obj)
 .text.z_log_vprintk
                0x000000000000cfde       0x1c zephyr/libzephyr.a(log_core.c.obj)
                0x000000000000cfde                z_log_vprintk
 .text.z_log_notify_drop
                0x000000000000cffa        0x6 zephyr/libzephyr.a(log_core.c.obj)
 .text.z_log_get_tag
                0x000000000000d000        0x4 zephyr/libzephyr.a(log_core.c.obj)
                0x000000000000d000                z_log_get_tag
 .text.z_cbprintf_cpy
                0x000000000000d004       0x2c zephyr/libzephyr.a(log_msg.c.obj)
 .text.z_log_msg_finalize
                0x000000000000d030       0x32 zephyr/libzephyr.a(log_msg.c.obj)
                0x000000000000d030                z_log_msg_finalize
 .text.buffer_write
                0x000000000000d062       0x1a zephyr/libzephyr.a(log_output.c.obj)
 .text.cbvprintf
                0x000000000000d07c        0xe zephyr/libzephyr.a(log_output.c.obj)
 .text.log_output_flush
                0x000000000000d08a       0x1a zephyr/libzephyr.a(log_output.c.obj)
                0x000000000000d08a                log_output_flush
 .text.out_func
                0x000000000000d0a4       0x36 zephyr/libzephyr.a(log_output.c.obj)
 .text.cr_out_func
                0x000000000000d0da       0x1c zephyr/libzephyr.a(log_output.c.obj)
 .text.log_backend_uart_init
                0x000000000000d0f6        0x2 zephyr/libzephyr.a(log_backend_uart.c.obj)
 .text.z_log_msg_static_create.constprop.0
                0x000000000000d0f8        0x6 zephyr/libzephyr.a(usb_device.c.obj)
 .text.get_ep_bm_from_addr
                0x000000000000d0fe       0x1c zephyr/libzephyr.a(usb_device.c.obj)
 .text.usb_get_dev_data_by_cfg
                0x000000000000d11a       0x18 zephyr/libzephyr.a(usb_descriptor.c.obj)
                0x000000000000d11a                usb_get_dev_data_by_cfg
 .text.usb_get_dev_data_by_iface
                0x000000000000d132       0x1c zephyr/libzephyr.a(usb_descriptor.c.obj)
                0x000000000000d132                usb_get_dev_data_by_iface
 .text.usb_get_dev_data_by_ep
                0x000000000000d14e       0x2c zephyr/libzephyr.a(usb_descriptor.c.obj)
                0x000000000000d14e                usb_get_dev_data_by_ep
 .text.usb_transfer_is_busy
                0x000000000000d17a       0x16 zephyr/libzephyr.a(usb_transfer.c.obj)
                0x000000000000d17a                usb_transfer_is_busy
 .text.cdc_interface_config
                0x000000000000d190       0x14 zephyr/libzephyr.a(cdc_acm.c.obj)
 .text.cdc_acm_irq_callback_work_handler
                0x000000000000d1a4        0xa zephyr/libzephyr.a(cdc_acm.c.obj)
 .text.cdc_acm_irq_tx_disable
                0x000000000000d1ae        0xa zephyr/libzephyr.a(cdc_acm.c.obj)
 .text.cdc_acm_irq_tx_ready
                0x000000000000d1b8        0xe zephyr/libzephyr.a(cdc_acm.c.obj)
 .text.cdc_acm_irq_rx_disable
                0x000000000000d1c6        0xa zephyr/libzephyr.a(cdc_acm.c.obj)
 .text.cdc_acm_irq_rx_ready
                0x000000000000d1d0        0x8 zephyr/libzephyr.a(cdc_acm.c.obj)
 .text.cdc_acm_irq_is_pending
                0x000000000000d1d8       0x1e zephyr/libzephyr.a(cdc_acm.c.obj)
 .text.cdc_acm_irq_update
                0x000000000000d1f6        0x4 zephyr/libzephyr.a(cdc_acm.c.obj)
 .text.cdc_acm_irq_callback_set
                0x000000000000d1fa        0x8 zephyr/libzephyr.a(cdc_acm.c.obj)
 .text.cdc_acm_line_ctrl_get
                0x000000000000d202       0x32 zephyr/libzephyr.a(cdc_acm.c.obj)
 .text.cdc_acm_configure
                0x000000000000d234        0x4 zephyr/libzephyr.a(cdc_acm.c.obj)
 .text.cdc_acm_config_get
                0x000000000000d238       0x58 zephyr/libzephyr.a(cdc_acm.c.obj)
 .text.cdc_acm_line_ctrl_set
                0x000000000000d290       0xbe zephyr/libzephyr.a(cdc_acm.c.obj)
 .text.cdc_acm_fifo_read
                0x000000000000d34e       0x54 zephyr/libzephyr.a(cdc_acm.c.obj)
 .text.cdc_acm_poll_in
                0x000000000000d3a2       0x12 zephyr/libzephyr.a(cdc_acm.c.obj)
 .text.abort_function
                0x000000000000d3b4        0x8 zephyr/libzephyr.a(nrf_cc3xx_platform_abort_zephyr.c.obj)
 .text.z_do_kernel_oops
                0x000000000000d3bc        0x8 zephyr/arch/arch/arm/core/aarch32/libarch__arm__core__aarch32.a(fatal.c.obj)
                0x000000000000d3bc                z_do_kernel_oops
 .text.z_irq_spurious
                0x000000000000d3c4        0x8 zephyr/arch/arch/arm/core/aarch32/libarch__arm__core__aarch32.a(irq_manage.c.obj)
                0x000000000000d3c4                z_irq_spurious
 .text.z_arm_nmi
                0x000000000000d3cc        0xe zephyr/arch/arch/arm/core/aarch32/libarch__arm__core__aarch32.a(nmi.c.obj)
                0x000000000000d3cc                z_arm_nmi
 .text.z_log_msg_static_create.constprop.0
                0x000000000000d3da        0x6 zephyr/arch/arch/arm/core/aarch32/cortex_m/libarch__arm__core__aarch32__cortex_m.a(fault.c.obj)
 .text.strlen   0x000000000000d3e0        0xe zephyr/lib/libc/minimal/liblib__libc__minimal.a(string.c.obj)
                0x000000000000d3e0                strlen
 .text.strnlen  0x000000000000d3ee       0x12 zephyr/lib/libc/minimal/liblib__libc__minimal.a(string.c.obj)
                0x000000000000d3ee                strnlen
 .text.memcpy   0x000000000000d400       0x16 zephyr/lib/libc/minimal/liblib__libc__minimal.a(string.c.obj)
                0x000000000000d400                memcpy
 .text.memset   0x000000000000d416       0x12 zephyr/lib/libc/minimal/liblib__libc__minimal.a(string.c.obj)
                0x000000000000d416                memset
 .text._stdout_hook_default
                0x000000000000d428        0x6 zephyr/lib/libc/minimal/liblib__libc__minimal.a(stdout_console.c.obj)
 .text.pm_state_set
                0x000000000000d42e       0x18 zephyr/soc/arm/nordic_nrf/nrf52/libsoc__arm__nordic_nrf__nrf52.a(power.c.obj)
                0x000000000000d42e                pm_state_set
 .text.pm_state_exit_post_ops
                0x000000000000d446        0xc zephyr/soc/arm/nordic_nrf/nrf52/libsoc__arm__nordic_nrf__nrf52.a(power.c.obj)
                0x000000000000d446                pm_state_exit_post_ops
 .text.ep_ctx_reset
                0x000000000000d452       0x26 zephyr/drivers/usb/device/libdrivers__usb__device.a(usb_dc_nrfx.c.obj)
 .text.z_log_msg_static_create.constprop.0
                0x000000000000d478        0x6 zephyr/drivers/usb/device/libdrivers__usb__device.a(usb_dc_nrfx.c.obj)
 .text.k_mutex_lock.constprop.0.isra.0
                0x000000000000d47e        0x4 zephyr/drivers/usb/device/libdrivers__usb__device.a(usb_dc_nrfx.c.obj)
 .text.k_mutex_unlock.isra.0
                0x000000000000d482        0x4 zephyr/drivers/usb/device/libdrivers__usb__device.a(usb_dc_nrfx.c.obj)
 .text.usb_dc_ep_disable
                0x000000000000d486       0x32 zephyr/drivers/usb/device/libdrivers__usb__device.a(usb_dc_nrfx.c.obj)
                0x000000000000d486                usb_dc_ep_disable
 .text.usb_dc_ep_read
                0x000000000000d4b8       0x1e zephyr/drivers/usb/device/libdrivers__usb__device.a(usb_dc_nrfx.c.obj)
                0x000000000000d4b8                usb_dc_ep_read
 .text.get_status
                0x000000000000d4d6       0x12 zephyr/drivers/clock_control/libdrivers__clock_control.a(clock_control_nrf.c.obj)
 .text.set_on_state
                0x000000000000d4e8       0x26 zephyr/drivers/clock_control/libdrivers__clock_control.a(clock_control_nrf.c.obj)
 .text.stop     0x000000000000d50e       0x52 zephyr/drivers/clock_control/libdrivers__clock_control.a(clock_control_nrf.c.obj)
 .text.api_stop
                0x000000000000d560        0x6 zephyr/drivers/clock_control/libdrivers__clock_control.a(clock_control_nrf.c.obj)
 .text.async_start
                0x000000000000d566       0x5c zephyr/drivers/clock_control/libdrivers__clock_control.a(clock_control_nrf.c.obj)
 .text.api_start