Archive member included to satisfy reference by file (symbol)

app/libapp.a(main.c.obj)      (--whole-archive)
app/libapp.a(lora.c.obj)      (--whole-archive)
zephyr/libzephyr.a(cbprintf_packaged.c.obj)
                              (--whole-archive)
zephyr/libzephyr.a(dec.c.obj)
                              (--whole-archive)
zephyr/libzephyr.a(fdtable.c.obj)
                              (--whole-archive)
zephyr/libzephyr.a(hex.c.obj)
                              (--whole-archive)
zephyr/libzephyr.a(printk.c.obj)
                              (--whole-archive)
zephyr/libzephyr.a(rb.c.obj)  (--whole-archive)
zephyr/libzephyr.a(sem.c.obj)
                              (--whole-archive)
zephyr/libzephyr.a(thread_entry.c.obj)
                              (--whole-archive)
zephyr/libzephyr.a(timeutil.c.obj)
                              (--whole-archive)
zephyr/libzephyr.a(heap.c.obj)
                              (--whole-archive)
zephyr/libzephyr.a(heap-validate.c.obj)
                              (--whole-archive)
zephyr/libzephyr.a(bitarray.c.obj)
                              (--whole-archive)
zephyr/libzephyr.a(multi_heap.c.obj)
                              (--whole-archive)
zephyr/libzephyr.a(onoff.c.obj)
                              (--whole-archive)
zephyr/libzephyr.a(notify.c.obj)
                              (--whole-archive)
zephyr/libzephyr.a(crc32c_sw.c.obj)
                              (--whole-archive)
zephyr/libzephyr.a(crc32_sw.c.obj)
                              (--whole-archive)
zephyr/libzephyr.a(crc16_sw.c.obj)
                              (--whole-archive)
zephyr/libzephyr.a(crc8_sw.c.obj)
                              (--whole-archive)
zephyr/libzephyr.a(crc7_sw.c.obj)
                              (--whole-archive)
zephyr/libzephyr.a(cbprintf_complete.c.obj)
                              (--whole-archive)
zephyr/libzephyr.a(cbprintf.c.obj)
                              (--whole-archive)
zephyr/libzephyr.a(ring_buffer.c.obj)
                              (--whole-archive)
zephyr/libzephyr.a(assert.c.obj)
                              (--whole-archive)
zephyr/libzephyr.a(mpsc_pbuf.c.obj)
                              (--whole-archive)
zephyr/libzephyr.a(reboot.c.obj)
                              (--whole-archive)
zephyr/libzephyr.a(configs.c.obj)
                              (--whole-archive)
zephyr/libzephyr.a(soc_nrf_common.S.obj)
                              (--whole-archive)
zephyr/libzephyr.a(validate_base_addresses.c.obj)
                              (--whole-archive)
zephyr/libzephyr.a(validate_enabled_instances.c.obj)
                              (--whole-archive)
zephyr/libzephyr.a(log_core.c.obj)
                              (--whole-archive)
zephyr/libzephyr.a(log_mgmt.c.obj)
                              (--whole-archive)
zephyr/libzephyr.a(log_cache.c.obj)
                              (--whole-archive)
zephyr/libzephyr.a(log_msg.c.obj)
                              (--whole-archive)
zephyr/libzephyr.a(log_output.c.obj)
                              (--whole-archive)
zephyr/libzephyr.a(log_backend_uart.c.obj)
                              (--whole-archive)
zephyr/libzephyr.a(pm.c.obj)  (--whole-archive)
zephyr/libzephyr.a(policy.c.obj)
                              (--whole-archive)
zephyr/libzephyr.a(state.c.obj)
                              (--whole-archive)
zephyr/libzephyr.a(tracing_none.c.obj)
                              (--whole-archive)
zephyr/libzephyr.a(usb_device.c.obj)
                              (--whole-archive)
zephyr/libzephyr.a(usb_descriptor.c.obj)
                              (--whole-archive)
zephyr/libzephyr.a(usb_transfer.c.obj)
                              (--whole-archive)
zephyr/libzephyr.a(cdc_acm.c.obj)
                              (--whole-archive)
zephyr/libzephyr.a(usb_work_q.c.obj)
                              (--whole-archive)
zephyr/libzephyr.a(nrf_cc3xx_platform_abort_zephyr.c.obj)
                              (--whole-archive)
zephyr/libzephyr.a(nrf_cc3xx_platform_mutex_zephyr.c.obj)
                              (--whole-archive)
zephyr/arch/common/libarch__common.a(sw_isr_common.c.obj)
                              (--whole-archive)
zephyr/arch/arch/arm/core/aarch32/libarch__arm__core__aarch32.a(cpu_idle.S.obj)
                              (--whole-archive)
zephyr/arch/arch/arm/core/aarch32/libarch__arm__core__aarch32.a(fatal.c.obj)
                              (--whole-archive)
zephyr/arch/arch/arm/core/aarch32/libarch__arm__core__aarch32.a(irq_manage.c.obj)
                              (--whole-archive)
zephyr/arch/arch/arm/core/aarch32/libarch__arm__core__aarch32.a(nmi.c.obj)
                              (--whole-archive)
zephyr/arch/arch/arm/core/aarch32/libarch__arm__core__aarch32.a(nmi_on_reset.S.obj)
                              (--whole-archive)
zephyr/arch/arch/arm/core/aarch32/libarch__arm__core__aarch32.a(prep_c.c.obj)
                              (--whole-archive)
[...]
Memory Configuration

Name             Origin             Length             Attributes
FLASH            0x0000000000000000 0x0000000000100000 xr
RAM              0x0000000020000000 0x0000000000040000 xw
IDT_LIST         0x00000000fffff7ff 0x0000000000000800 xw
*default*        0x0000000000000000 0xffffffffffffffff

Linker script and memory map

LOAD zephyr/CMakeFiles/zephyr_final.dir/misc/empty_file.c.obj
LOAD zephyr/CMakeFiles/zephyr_final.dir/dev_handles.c.obj
LOAD zephyr/CMakeFiles/zephyr_final.dir/isr_tables.c.obj
                0x0000000000000020                _region_min_align = 0x20

.rel.plt        0x0000000000000000        0x0
 *(SORT_BY_ALIGNMENT(.rel.plt))
                [!provide]                        PROVIDE (__rel_iplt_start = .)
 *(SORT_BY_ALIGNMENT(.rel.iplt))
 .rel.iplt      0x0000000000000000        0x0 zephyr/CMakeFiles/zephyr_final.dir/isr_tables.c.obj
                [!provide]                        PROVIDE (__rel_iplt_end = .)

.rela.plt       0x0000000000000000        0x0
 *(SORT_BY_ALIGNMENT(.rela.plt))
                [!provide]                        PROVIDE (__rela_iplt_start = .)
 *(SORT_BY_ALIGNMENT(.rela.iplt))
                [!provide]                        PROVIDE (__rela_iplt_end = .)

.rel.dyn
 *(SORT_BY_ALIGNMENT(.rel.*))

.rela.dyn
 *(SORT_BY_ALIGNMENT(.rela.*))

/DISCARD/
 *(SORT_BY_ALIGNMENT(.plt))

/DISCARD/
 *(SORT_BY_ALIGNMENT(.iplt))
                0x0000000000000000                __rom_region_start = 0x0

rom_start       0x0000000000000000      0x100
                0x0000000000000000                . = 0x0
                0x0000000000000000                . = ALIGN (0x4)
                0x0000000000000000                . = ALIGN (0x80)
                0x0000000000000000                . = ALIGN (0x100)
                0x0000000000000000                _vector_start = .
 *(SORT_BY_ALIGNMENT(.exc_vector_table))
 *(SORT_BY_ALIGNMENT(.exc_vector_table.*))
 .exc_vector_table._vector_table_section
                0x0000000000000000       0x40 zephyr/arch/arch/arm/core/aarch32/cortex_m/libarch__arm__core__aarch32__cortex_m.a(vector_table.S.obj)
                0x0000000000000000                _vector_table
 *(SORT_BY_ALIGNMENT(.vectors))
                0x0000000000000100                _vector_end = .
                0x0000000000000040                . = ALIGN (0x4)
 *(SORT_BY_ALIGNMENT(.gnu.linkonce.irq_vector_table*))
 .gnu.linkonce.irq_vector_table
                0x0000000000000040       0xc0 zephyr/CMakeFiles/zephyr_final.dir/isr_tables.c.obj
                0x0000000000000040                _irq_vector_table
                0x0000000000000100                _vector_end = .

text            0x0000000000000100     0xe69c
                0x0000000000000100                __text_region_start = .
 *(SORT_BY_ALIGNMENT(.text))
 .text          0x0000000000000100       0x30 c:/ncs/toolchains/31f4403e35/opt/zephyr-sdk/arm-zephyr-eabi/bin/../lib/gcc/arm-zephyr-eabi/12.2.0/thumb/v7e-m/nofp\libgcc.a(_aeabi_uldivmod.o)
                0x0000000000000100                __aeabi_uldivmod
 .text          0x0000000000000130        0x4 c:/ncs/toolchains/31f4403e35/opt/zephyr-sdk/arm-zephyr-eabi/bin/../lib/gcc/arm-zephyr-eabi/12.2.0/thumb/v7e-m/nofp\libgcc.a(_dvmd_tls.o)
                0x0000000000000130                __aeabi_idiv0
                0x0000000000000130                __aeabi_ldiv0
 .text          0x0000000000000134      0x2a0 c:/ncs/toolchains/31f4403e35/opt/zephyr-sdk/arm-zephyr-eabi/bin/../lib/gcc/arm-zephyr-eabi/12.2.0/thumb/v7e-m/nofp\libgcc.a(_udivmoddi4.o)
                0x0000000000000134                __udivmoddi4
 *(SORT_BY_ALIGNMENT(.text.*))
 .text.lora_receive_cb
                0x00000000000003d4       0x40 app/libapp.a(lora.c.obj)
                0x00000000000003d4                lora_receive_cb
 .text.Initialize_LoRa
                0x0000000000000414       0xac app/libapp.a(lora.c.obj)
                0x0000000000000414                Initialize_LoRa
 .text.Setup_LoRa_receive
                0x00000000000004c0       0x44 app/libapp.a(lora.c.obj)
                0x00000000000004c0                Setup_LoRa_receive
 .text.cbvprintf_package
                0x0000000000000504      0x3ac zephyr/libzephyr.a(cbprintf_packaged.c.obj)
                0x0000000000000504                cbvprintf_package
 .text.cbprintf_package_convert
                0x00000000000008b0      0x3bc zephyr/libzephyr.a(cbprintf_packaged.c.obj)
                0x00000000000008b0                cbprintf_package_convert
 .text.__printk_hook_install
                0x0000000000000c6c        0xc zephyr/libzephyr.a(printk.c.obj)
                0x0000000000000c6c                __printk_hook_install
 .text.vsnprintk
                0x0000000000000c78       0x2c zephyr/libzephyr.a(printk.c.obj)
                0x0000000000000c78                vsnprintk
 .text.process_event
                0x0000000000000ca4      0x21c zephyr/libzephyr.a(onoff.c.obj)
 .text.z_cbvprintf_impl
                0x0000000000000ec0      0x764 zephyr/libzephyr.a(cbprintf_complete.c.obj)
                0x0000000000000ec0                z_cbvprintf_impl
 .text.sys_reboot
                0x0000000000001624       0x30 zephyr/libzephyr.a(reboot.c.obj)
                0x0000000000001624                sys_reboot
 .text.z_arm_platform_init
                0x0000000000001654        0x4 zephyr/libzephyr.a(soc_nrf_common.S.obj)
                0x0000000000001654                z_arm_platform_init
 .text.activate_foreach_backend
                0x0000000000001658       0x64 zephyr/libzephyr.a(log_core.c.obj)
 .text.enable_logger
                0x00000000000016bc       0x5c zephyr/libzephyr.a(log_core.c.obj)
 .text.log_process_thread_timer_expiry_fn
                0x0000000000001718        0xc zephyr/libzephyr.a(log_core.c.obj)
 .text.z_log_init
                0x0000000000001724       0x90 zephyr/libzephyr.a(log_core.c.obj)
 .text.log_format_func_t_get
                0x00000000000017b4        0xc zephyr/libzephyr.a(log_core.c.obj)
                0x00000000000017b4                log_format_func_t_get
 .text.log_set_timestamp_func
                0x00000000000017c0       0x20 zephyr/libzephyr.a(log_core.c.obj)
                0x00000000000017c0                log_set_timestamp_func
 .text.z_log_notify_backend_enabled
                0x00000000000017e0       0x1c zephyr/libzephyr.a(log_core.c.obj)
                0x00000000000017e0                z_log_notify_backend_enabled
 .text.z_log_dropped
                0x00000000000017fc       0x30 zephyr/libzephyr.a(log_core.c.obj)
                0x00000000000017fc                z_log_dropped
 .text.z_log_dropped_read_and_clear
                0x000000000000182c       0x20 zephyr/libzephyr.a(log_core.c.obj)
                0x000000000000182c                z_log_dropped_read_and_clear
 .text.dropped_notify
                0x000000000000184c       0x30 zephyr/libzephyr.a(log_core.c.obj)
                0x000000000000184c                dropped_notify
 .text.z_log_msg_init
                0x000000000000187c       0x20 zephyr/libzephyr.a(log_core.c.obj)
                0x000000000000187c                z_log_msg_init
 .text.log_core_init
                0x000000000000189c       0x34 zephyr/libzephyr.a(log_core.c.obj)
                0x000000000000189c                log_core_init
 .text.z_log_msg_alloc
                0x00000000000018d0       0x10 zephyr/libzephyr.a(log_core.c.obj)
                0x00000000000018d0                z_log_msg_alloc
 .text.z_log_msg_local_claim
                0x00000000000018e0        0xc zephyr/libzephyr.a(log_core.c.obj)
                0x00000000000018e0                z_log_msg_local_claim
 .text.z_log_msg_free
                0x00000000000018ec       0x10 zephyr/libzephyr.a(log_core.c.obj)
                0x00000000000018ec                z_log_msg_free
 .text.z_log_msg_pending
                0x00000000000018fc        0xc zephyr/libzephyr.a(log_core.c.obj)
                0x00000000000018fc                z_log_msg_pending
 .text.z_impl_log_process
                0x0000000000001908       0xbc zephyr/libzephyr.a(log_core.c.obj)
                0x0000000000001908                z_impl_log_process
 .text.z_impl_log_panic
                0x00000000000019c4       0x44 zephyr/libzephyr.a(log_core.c.obj)
                0x00000000000019c4                z_impl_log_panic
 .text.log_process_thread_func
                0x0000000000001a08       0x9c zephyr/libzephyr.a(log_core.c.obj)
 .text.z_log_msg_post_finalize
                0x0000000000001aa4       0x78 zephyr/libzephyr.a(log_core.c.obj)
 .text.z_log_msg_commit
                0x0000000000001b1c       0x24 zephyr/libzephyr.a(log_core.c.obj)
                0x0000000000001b1c                z_log_msg_commit
 .text.log_source_name_get
                0x0000000000001b40       0x1c zephyr/libzephyr.a(log_mgmt.c.obj)
                0x0000000000001b40                log_source_name_get
 .text.log_backend_enable
                0x0000000000001b5c       0x28 zephyr/libzephyr.a(log_mgmt.c.obj)
                0x0000000000001b5c                log_backend_enable
 .text.z_impl_z_log_msg_static_create
                0x0000000000001b84      0x108 zephyr/libzephyr.a(log_msg.c.obj)
                0x0000000000001b84                z_impl_z_log_msg_static_create
 .text.z_impl_z_log_msg_runtime_vcreate
                0x0000000000001c8c       0x8c zephyr/libzephyr.a(log_msg.c.obj)
                0x0000000000001c8c                z_impl_z_log_msg_runtime_vcreate
 .text.print_formatted
                0x0000000000001d18       0x24 zephyr/libzephyr.a(log_output.c.obj)
 .text.newline_print
                0x0000000000001d3c       0x1c zephyr/libzephyr.a(log_output.c.obj)
 .text.log_output_process
                0x0000000000001d58      0x2a4 zephyr/libzephyr.a(log_output.c.obj)
                0x0000000000001d58                log_output_process
 .text.log_output_msg_process
                0x0000000000001ffc       0x6c zephyr/libzephyr.a(log_output.c.obj)
                0x0000000000001ffc                log_output_msg_process
 .text.log_output_dropped_process
                0x0000000000002068       0x58 zephyr/libzephyr.a(log_output.c.obj)
                0x0000000000002068                log_output_dropped_process
 .text.log_output_timestamp_freq_set
                0x00000000000020c0       0x2c zephyr/libzephyr.a(log_output.c.obj)
                0x00000000000020c0                log_output_timestamp_freq_set
 .text.format_set
                0x00000000000020ec        0xc zephyr/libzephyr.a(log_backend_uart.c.obj)
 .text.panic    0x00000000000020f8       0x14 zephyr/libzephyr.a(log_backend_uart.c.obj)
 .text.dropped  0x000000000000210c        0xc zephyr/libzephyr.a(log_backend_uart.c.obj)
 .text.process  0x0000000000002118       0x24 zephyr/libzephyr.a(log_backend_uart.c.obj)
 .text.char_out
                0x000000000000213c       0x24 zephyr/libzephyr.a(log_backend_uart.c.obj)
 .text.pm_state_notify
                0x0000000000002160       0x5c zephyr/libzephyr.a(pm.c.obj)
 .text.pm_system_resume
                0x00000000000021bc       0x78 zephyr/libzephyr.a(pm.c.obj)
                0x00000000000021bc                pm_system_resume
 .text.pm_system_suspend
                0x0000000000002234       0xf8 zephyr/libzephyr.a(pm.c.obj)
                0x0000000000002234                pm_system_suspend
 .text.pm_policy_next_state
                0x000000000000232c       0x94 zephyr/libzephyr.a(policy.c.obj)
                0x000000000000232c                pm_policy_next_state
 .text.pm_state_cpu_get_all
                0x00000000000023c0       0x10 zephyr/libzephyr.a(state.c.obj)
                0x00000000000023c0                pm_state_cpu_get_all
 .text.class_handler
                0x00000000000023d0       0x40 zephyr/libzephyr.a(usb_device.c.obj)
 .text.custom_handler
                0x0000000000002410       0x60 zephyr/libzephyr.a(usb_device.c.obj)
 .text.vendor_handler
                0x0000000000002470       0x3c zephyr/libzephyr.a(usb_device.c.obj)
 .text.usb_reset_alt_setting
                0x00000000000024ac       0x10 zephyr/libzephyr.a(usb_device.c.obj)
 .text.is_ep_valid.part.0
                0x00000000000024bc       0x38 zephyr/libzephyr.a(usb_device.c.obj)
 .text.usb_handle_request.constprop.0
                0x00000000000024f4       0x2c zephyr/libzephyr.a(usb_device.c.obj)
 .text.usb_device_init.part.0
                0x0000000000002520       0x28 zephyr/libzephyr.a(usb_device.c.obj)
 .text.get_ep_bm_from_addr.part.0
                0x0000000000002548       0x2c zephyr/libzephyr.a(usb_device.c.obj)
 .text.disable_endpoint
                0x0000000000002574       0x80 zephyr/libzephyr.a(usb_device.c.obj)
 .text.forward_status_cb
                0x00000000000025f4       0xb0 zephyr/libzephyr.a(usb_device.c.obj)
 .text.usb_halt_endpoint_req.isra.0
                0x00000000000026a4       0x9c zephyr/libzephyr.a(usb_device.c.obj)
 .text.set_endpoint
                0x0000000000002740      0x104 zephyr/libzephyr.a(usb_device.c.obj)
 .text.usb_handle_standard_request
                0x0000000000002844      0x2ec zephyr/libzephyr.a(usb_device.c.obj)
 .text.usb_write
                0x0000000000002b30       0x64 zephyr/libzephyr.a(usb_device.c.obj)
                0x0000000000002b30                usb_write
 .text.usb_data_to_host
                0x0000000000002b94       0x54 zephyr/libzephyr.a(usb_device.c.obj)
 .text.usb_handle_control_transfer
                0x0000000000002be8      0x100 zephyr/libzephyr.a(usb_device.c.obj)
 .text.usb_set_config
                0x0000000000002ce8       0x2c zephyr/libzephyr.a(usb_device.c.obj)
                0x0000000000002ce8                usb_set_config
 .text.usb_device_init
                0x0000000000002d14       0x2c zephyr/libzephyr.a(usb_device.c.obj)
 .text.usb_enable
                0x0000000000002d40      0x128 zephyr/libzephyr.a(usb_device.c.obj)
                0x0000000000002d40                usb_enable
 .text.usb_update_sn_string_descriptor
                0x0000000000002e68       0x88 zephyr/libzephyr.a(usb_descriptor.c.obj)
                0x0000000000002e68                usb_update_sn_string_descriptor
 .text.usb_get_device_descriptor
                0x0000000000002ef0      0x244 zephyr/libzephyr.a(usb_descriptor.c.obj)
                0x0000000000002ef0                usb_get_device_descriptor
 .text.usb_ep_get_transfer
                0x0000000000003134       0x2c zephyr/libzephyr.a(usb_transfer.c.obj)
 .text.usb_transfer_work
                0x0000000000003160      0x15c zephyr/libzephyr.a(usb_transfer.c.obj)
 .text.usb_transfer_ep_callback
                0x00000000000032bc       0x78 zephyr/libzephyr.a(usb_transfer.c.obj)
                0x00000000000032bc                usb_transfer_ep_callback
 .text.usb_transfer
                0x0000000000003334      0x148 zephyr/libzephyr.a(usb_transfer.c.obj)
                0x0000000000003334                usb_transfer
 .text.usb_cancel_transfer
                0x000000000000347c       0x3c zephyr/libzephyr.a(usb_transfer.c.obj)
                0x000000000000347c                usb_cancel_transfer
 .text.usb_cancel_transfers
                0x00000000000034b8       0x48 zephyr/libzephyr.a(usb_transfer.c.obj)
                0x00000000000034b8                usb_cancel_transfers
 .text.usb_transfer_init
                0x0000000000003500       0x34 zephyr/libzephyr.a(usb_transfer.c.obj)
                0x0000000000003500                usb_transfer_init
 .text.cdc_acm_class_handle_req
                0x0000000000003534       0x58 zephyr/libzephyr.a(cdc_acm.c.obj)
                0x0000000000003534                cdc_acm_class_handle_req
 .text.cdc_acm_int_in
                0x000000000000358c       0x18 zephyr/libzephyr.a(cdc_acm.c.obj)
 .text.cdc_acm_irq_rx_enable
                0x00000000000035a4       0x20 zephyr/libzephyr.a(cdc_acm.c.obj)
 .text.cdc_acm_irq_tx_enable
                0x00000000000035c4       0x20 zephyr/libzephyr.a(cdc_acm.c.obj)
 .text.cdc_acm_reset_port
                0x00000000000035e4       0x3c zephyr/libzephyr.a(cdc_acm.c.obj)
 .text.cdc_acm_fifo_fill
                0x0000000000003620       0x38 zephyr/libzephyr.a(cdc_acm.c.obj)
 .text.cdc_acm_poll_out
                0x0000000000003658       0x64 zephyr/libzephyr.a(cdc_acm.c.obj)
 .text.tx_work_handler
                0x00000000000036bc       0x5c zephyr/libzephyr.a(cdc_acm.c.obj)
 .text.cdc_acm_write_cb
                0x0000000000003718       0x44 zephyr/libzephyr.a(cdc_acm.c.obj)
 .text.cdc_acm_init
                0x000000000000375c       0x48 zephyr/libzephyr.a(cdc_acm.c.obj)
 .text.cdc_acm_send_notification.isra.0
                0x00000000000037a4       0x44 zephyr/libzephyr.a(cdc_acm.c.obj)
 .text.cdc_acm_read_cb
                0x00000000000037e8       0x6c zephyr/libzephyr.a(cdc_acm.c.obj)
 .text.cdc_acm_dev_status_cb
                0x0000000000003854       0x88 zephyr/libzephyr.a(cdc_acm.c.obj)
 .text.z_usb_work_q_init
                0x00000000000038dc       0x34 zephyr/libzephyr.a(usb_work_q.c.obj)
 .text.nrf_cc3xx_platform_abort_init
                0x0000000000003910        0xc zephyr/libzephyr.a(nrf_cc3xx_platform_abort_zephyr.c.obj)
                0x0000000000003910                nrf_cc3xx_platform_abort_init
 .text.mutex_free_platform
                0x000000000000391c       0x54 zephyr/libzephyr.a(nrf_cc3xx_platform_mutex_zephyr.c.obj)
 .text.mutex_lock_platform
                0x0000000000003970       0x60 zephyr/libzephyr.a(nrf_cc3xx_platform_mutex_zephyr.c.obj)
 .text.mutex_unlock_platform
                0x00000000000039d0       0x58 zephyr/libzephyr.a(nrf_cc3xx_platform_mutex_zephyr.c.obj)
 .text.mutex_init_platform
                0x0000000000003a28       0x94 zephyr/libzephyr.a(nrf_cc3xx_platform_mutex_zephyr.c.obj)
 .text.nrf_cc3xx_platform_mutex_init
                0x0000000000003abc       0x2c zephyr/libzephyr.a(nrf_cc3xx_platform_mutex_zephyr.c.obj)
                0x0000000000003abc                nrf_cc3xx_platform_mutex_init
 .text.z_arm_cpu_idle_init
                0x0000000000003ae8        0xc zephyr/arch/arch/arm/core/aarch32/libarch__arm__core__aarch32.a(cpu_idle.S.obj)
                0x0000000000003ae8                z_arm_cpu_idle_init
 .text.arch_cpu_idle
                0x0000000000003af4       0x1c zephyr/arch/arch/arm/core/aarch32/libarch__arm__core__aarch32.a(cpu_idle.S.obj)
                0x0000000000003af4                arch_cpu_idle
 .text.arch_cpu_atomic_idle
                0x0000000000003b10       0x18 zephyr/arch/arch/arm/core/aarch32/libarch__arm__core__aarch32.a(cpu_idle.S.obj)
                0x0000000000003b10                arch_cpu_atomic_idle
 .text.z_arm_fatal_error
                0x0000000000003b28       0xcc zephyr/arch/arch/arm/core/aarch32/libarch__arm__core__aarch32.a(fatal.c.obj)
                0x0000000000003b28                z_arm_fatal_error
 .text.arch_irq_enable
                0x0000000000003bf4       0x1c zephyr/arch/arch/arm/core/aarch32/libarch__arm__core__aarch32.a(irq_manage.c.obj)
                0x0000000000003bf4                arch_irq_enable
 .text.arch_irq_disable
                0x0000000000003c10       0x28 zephyr/arch/arch/arm/core/aarch32/libarch__arm__core__aarch32.a(irq_manage.c.obj)
                0x0000000000003c10                arch_irq_disable
 .text.arch_irq_is_enabled
                0x0000000000003c38       0x1c zephyr/arch/arch/arm/core/aarch32/libarch__arm__core__aarch32.a(irq_manage.c.obj)
                0x0000000000003c38                arch_irq_is_enabled
 .text.z_arm_irq_priority_set
                0x0000000000003c54       0x30 zephyr/arch/arch/arm/core/aarch32/libarch__arm__core__aarch32.a(irq_manage.c.obj)
                0x0000000000003c54                z_arm_irq_priority_set
 .text.z_SysNmiOnReset
                0x0000000000003c84        0x8 zephyr/arch/arch/arm/core/aarch32/libarch__arm__core__aarch32.a(nmi_on_reset.S.obj)
                0x0000000000003c84                z_SysNmiOnReset
 .text.z_arm_prep_c
                0x0000000000003c8c       0x38 zephyr/arch/arch/arm/core/aarch32/libarch__arm__core__aarch32.a(prep_c.c.obj)
                0x0000000000003c8c                z_arm_prep_c
 .text.arch_swap
                0x0000000000003cc4       0x34 zephyr/arch/arch/arm/core/aarch32/libarch__arm__core__aarch32.a(swap.c.obj)
                0x0000000000003cc4                arch_swap
 .text.z_arm_pendsv
                0x0000000000003cf8       0x48 zephyr/arch/arch/arm/core/aarch32/libarch__arm__core__aarch32.a(swap_helper.S.obj)
                0x0000000000003cf8                z_arm_pendsv
 .text.z_arm_svc
                0x0000000000003d40       0x20 zephyr/arch/arch/arm/core/aarch32/libarch__arm__core__aarch32.a(swap_helper.S.obj)
                0x0000000000003d40                z_arm_svc
 .text.arch_new_thread
                0x0000000000003d60       0x38 zephyr/arch/arch/arm/core/aarch32/libarch__arm__core__aarch32.a(thread.c.obj)
                0x0000000000003d60                arch_new_thread
 .text.arch_switch_to_main_thread
                0x0000000000003d98       0x24 zephyr/arch/arch/arm/core/aarch32/libarch__arm__core__aarch32.a(thread.c.obj)
                0x0000000000003d98                arch_switch_to_main_thread
 .text._isr_wrapper
                0x0000000000003dbc       0x40 zephyr/arch/arch/arm/core/aarch32/libarch__arm__core__aarch32.a(isr_wrapper.S.obj)
                0x0000000000003dbc                _isr_wrapper
 .text._HandlerModeExit
                0x0000000000003dfc       0x1c zephyr/arch/arch/arm/core/aarch32/cortex_m/libarch__arm__core__aarch32__cortex_m.a(exc_exit.S.obj)
                0x0000000000003dfc                z_arm_int_exit
                0x0000000000003dfc                z_arm_exc_exit
 .text.mem_manage_fault.constprop.0
                0x0000000000003e18      0x144 zephyr/arch/arch/arm/core/aarch32/cortex_m/libarch__arm__core__aarch32__cortex_m.a(fault.c.obj)
 .text.bus_fault.constprop.0
                0x0000000000003f5c      0x154 zephyr/arch/arch/arm/core/aarch32/cortex_m/libarch__arm__core__aarch32__cortex_m.a(fault.c.obj)
 .text.usage_fault.constprop.0
                0x00000000000040b0      0x104 zephyr/arch/arch/arm/core/aarch32/cortex_m/libarch__arm__core__aarch32__cortex_m.a(fault.c.obj)
 .text.z_arm_fault
                0x00000000000041b4      0x214 zephyr/arch/arch/arm/core/aarch32/cortex_m/libarch__arm__core__aarch32__cortex_m.a(fault.c.obj)
                0x00000000000041b4                z_arm_fault
 .text.z_arm_fault_init
                0x00000000000043c8       0x10 zephyr/arch/arch/arm/core/aarch32/cortex_m/libarch__arm__core__aarch32__cortex_m.a(fault.c.obj)
                0x00000000000043c8                z_arm_fault_init
 .text.__fault  0x00000000000043d8       0x14 zephyr/arch/arch/arm/core/aarch32/cortex_m/libarch__arm__core__aarch32__cortex_m.a(fault_s.S.obj)
                0x00000000000043d8                z_arm_usage_fault
                0x00000000000043d8                z_arm_mpu_fault
                0x00000000000043d8                z_arm_exc_spurious
                0x00000000000043d8                z_arm_debug_monitor
                0x00000000000043d8                z_arm_hard_fault
                0x00000000000043d8                z_arm_bus_fault
 .text.z_arm_interrupt_init
                0x00000000000043ec       0x18 zephyr/arch/arch/arm/core/aarch32/cortex_m/libarch__arm__core__aarch32__cortex_m.a(irq_init.c.obj)
                0x00000000000043ec                z_arm_interrupt_init
 .text._reset_section
                0x0000000000004404       0x54 zephyr/arch/arch/arm/core/aarch32/cortex_m/libarch__arm__core__aarch32__cortex_m.a(reset.S.obj)
                0x0000000000004404                __start
                0x0000000000004404                z_arm_reset
 .text.z_arm_clear_arm_mpu_config
                0x0000000000004458       0x24 zephyr/arch/arch/arm/core/aarch32/cortex_m/libarch__arm__core__aarch32__cortex_m.a(scb.c.obj)
                0x0000000000004458                z_arm_clear_arm_mpu_config
 .text.z_arm_init_arch_hw_at_boot
                0x000000000000447c       0x64 zephyr/arch/arch/arm/core/aarch32/cortex_m/libarch__arm__core__aarch32__cortex_m.a(scb.c.obj)
                0x000000000000447c                z_arm_init_arch_hw_at_boot
 .text.z_impl_k_thread_abort
                0x00000000000044e0       0x2c zephyr/arch/arch/arm/core/aarch32/cortex_m/libarch__arm__core__aarch32__cortex_m.a(thread_abort.c.obj)
                0x00000000000044e0                z_impl_k_thread_abort
 .text.z_arm_configure_static_mpu_regions
                0x000000000000450c       0x18 zephyr/arch/arch/arm/core/aarch32/mpu/libarch__arm__core__aarch32__mpu.a(arm_core_mpu.c.obj)
                0x000000000000450c                z_arm_configure_static_mpu_regions
 .text.mpu_configure_regions
                0x0000000000004524       0xcc zephyr/arch/arch/arm/core/aarch32/mpu/libarch__arm__core__aarch32__mpu.a(arm_mpu.c.obj)
 .text.arm_core_mpu_enable
                0x00000000000045f0       0x18 zephyr/arch/arch/arm/core/aarch32/mpu/libarch__arm__core__aarch32__mpu.a(arm_mpu.c.obj)
                0x00000000000045f0                arm_core_mpu_enable
 .text.arm_core_mpu_disable
                0x0000000000004608       0x14 zephyr/arch/arch/arm/core/aarch32/mpu/libarch__arm__core__aarch32__mpu.a(arm_mpu.c.obj)
                0x0000000000004608                arm_core_mpu_disable
 .text.arm_core_mpu_configure_static_mpu_regions
                0x000000000000461c       0x14 zephyr/arch/arch/arm/core/aarch32/mpu/libarch__arm__core__aarch32__mpu.a(arm_mpu.c.obj)
                0x000000000000461c                arm_core_mpu_configure_static_mpu_regions
 .text.z_arm_mpu_init
                0x0000000000004630       0x60 zephyr/arch/arch/arm/core/aarch32/mpu/libarch__arm__core__aarch32__mpu.a(arm_mpu.c.obj)
                0x0000000000004630                z_arm_mpu_init
 .text.__stdout_hook_install
                0x0000000000004690        0xc zephyr/lib/libc/minimal/liblib__libc__minimal.a(stdout_console.c.obj)
                0x0000000000004690                __stdout_hook_install
 .text.nordicsemi_nrf52_init
                0x000000000000469c       0x30 zephyr/soc/arm/nordic_nrf/nrf52/libsoc__arm__nordic_nrf__nrf52.a(soc.c.obj)
 .text.sys_arch_reboot
                0x00000000000046cc       0x2c zephyr/soc/arm/nordic_nrf/nrf52/libsoc__arm__nordic_nrf__nrf52.a(soc.c.obj)
                0x00000000000046cc                sys_arch_reboot
 .text.arch_busy_wait
                0x00000000000046f8       0x14 zephyr/soc/arm/nordic_nrf/nrf52/libsoc__arm__nordic_nrf__nrf52.a(soc.c.obj)
                0x00000000000046f8                arch_busy_wait
 .text.endpoint_ctx
                0x000000000000470c       0x60 zephyr/drivers/usb/device/libdrivers__usb__device.a(usb_dc_nrfx.c.obj)
 .text.usbd_work_schedule
                0x000000000000476c       0x10 zephyr/drivers/usb/device/libdrivers__usb__device.a(usb_dc_nrfx.c.obj)
 .text.usbd_evt_put
                0x000000000000477c        0xc zephyr/drivers/usb/device/libdrivers__usb__device.a(usb_dc_nrfx.c.obj)
 .text.usbd_evt_get
                0x0000000000004788       0x10 zephyr/drivers/usb/device/libdrivers__usb__device.a(usb_dc_nrfx.c.obj)
 .text.usbd_evt_flush
                0x0000000000004798       0x1c zephyr/drivers/usb/device/libdrivers__usb__device.a(usb_dc_nrfx.c.obj)
 .text.usbd_evt_alloc
                0x00000000000047b4       0x78 zephyr/drivers/usb/device/libdrivers__usb__device.a(usb_dc_nrfx.c.obj)
 .text.usb_dc_power_event_handler
                0x000000000000482c       0x5c zephyr/drivers/usb/device/libdrivers__usb__device.a(usb_dc_nrfx.c.obj)
 .text.usbd_event_transfer_data
                0x0000000000004888       0xe0 zephyr/drivers/usb/device/libdrivers__usb__device.a(usb_dc_nrfx.c.obj)
 .text.usb_init
                0x0000000000004968       0x70 zephyr/drivers/usb/device/libdrivers__usb__device.a(usb_dc_nrfx.c.obj)
 .text.hfxo_stop.constprop.0.isra.0
                0x00000000000049d8       0x40 zephyr/drivers/usb/device/libdrivers__usb__device.a(usb_dc_nrfx.c.obj)
 .text.usbd_event_handler
                0x0000000000004a18      0x170 zephyr/drivers/usb/device/libdrivers__usb__device.a(usb_dc_nrfx.c.obj)
 .text.eps_ctx_init
                0x0000000000004b88       0x68 zephyr/drivers/usb/device/libdrivers__usb__device.a(usb_dc_nrfx.c.obj)
 .text.usbd_work_handler
                0x0000000000004bf0      0x3a4 zephyr/drivers/usb/device/libdrivers__usb__device.a(usb_dc_nrfx.c.obj)
 .text.usb_dc_attach
                0x0000000000004f94       0x64 zephyr/drivers/usb/device/libdrivers__usb__device.a(usb_dc_nrfx.c.obj)
                0x0000000000004f94                usb_dc_attach
 .text.usb_dc_set_address
                0x0000000000004ff8       0x24 zephyr/drivers/usb/device/libdrivers__usb__device.a(usb_dc_nrfx.c.obj)
                0x0000000000004ff8                usb_dc_set_address
 .text.usb_dc_ep_check_cap
                0x000000000000501c       0x64 zephyr/drivers/usb/device/libdrivers__usb__device.a(usb_dc_nrfx.c.obj)
                0x000000000000501c                usb_dc_ep_check_cap
 .text.usb_dc_ep_configure
                0x0000000000005080       0x68 zephyr/drivers/usb/device/libdrivers__usb__device.a(usb_dc_nrfx.c.obj)
                0x0000000000005080                usb_dc_ep_configure
 .text.usb_dc_ep_set_stall
                0x00000000000050e8       0x74 zephyr/drivers/usb/device/libdrivers__usb__device.a(usb_dc_nrfx.c.obj)
                0x00000000000050e8                usb_dc_ep_set_stall
 .text.usb_dc_ep_clear_stall
                0x000000000000515c       0x40 zephyr/drivers/usb/device/libdrivers__usb__device.a(usb_dc_nrfx.c.obj)
                0x000000000000515c                usb_dc_ep_clear_stall
 .text.usb_dc_ep_is_stalled
                0x000000000000519c       0x38 zephyr/drivers/usb/device/libdrivers__usb__device.a(usb_dc_nrfx.c.obj)
                0x000000000000519c                usb_dc_ep_is_stalled
 .text.usb_dc_ep_enable
                0x00000000000051d4       0x54 zephyr/drivers/usb/device/libdrivers__usb__device.a(usb_dc_nrfx.c.obj)
                0x00000000000051d4                usb_dc_ep_enable
 .text.usb_dc_ep_write
                0x0000000000005228      0x144 zephyr/drivers/usb/device/libdrivers__usb__device.a(usb_dc_nrfx.c.obj)
                0x0000000000005228                usb_dc_ep_write
 .text.usb_dc_ep_read_wait
                0x000000000000536c       0xcc zephyr/drivers/usb/device/libdrivers__usb__device.a(usb_dc_nrfx.c.obj)
                0x000000000000536c                usb_dc_ep_read_wait
 .text.usb_dc_ep_read_continue
                0x0000000000005438       0xb0 zephyr/drivers/usb/device/libdrivers__usb__device.a(usb_dc_nrfx.c.obj)
                0x0000000000005438                usb_dc_ep_read_continue
 .text.usb_dc_ep_set_callback
                0x00000000000054e8       0x28 zephyr/drivers/usb/device/libdrivers__usb__device.a(usb_dc_nrfx.c.obj)
                0x00000000000054e8                usb_dc_ep_set_callback
 .text.usb_dc_set_status_callback
                0x0000000000005510        0xc zephyr/drivers/usb/device/libdrivers__usb__device.a(usb_dc_nrfx.c.obj)
                0x0000000000005510                usb_dc_set_status_callback
 .text.usb_dc_ep_mps
                0x000000000000551c       0x24 zephyr/drivers/usb/device/libdrivers__usb__device.a(usb_dc_nrfx.c.obj)
                0x000000000000551c                usb_dc_ep_mps
 .text.onoff_stop
                0x0000000000005540       0x30 zephyr/drivers/clock_control/libdrivers__clock_control.a(clock_control_nrf.c.obj)
 .text.onoff_start
                0x0000000000005570       0x44 zephyr/drivers/clock_control/libdrivers__clock_control.a(clock_control_nrf.c.obj)
 .text.clk_init
                0x00000000000055b4       0x58 zephyr/drivers/clock_control/libdrivers__clock_control.a(clock_control_nrf.c.obj)
 .text.clkstarted_handle.constprop.0
                0x000000000000560c       0x34 zephyr/drivers/clock_control/libdrivers__clock_control.a(clock_control_nrf.c.obj)
 .text.clock_event_handler
                0x0000000000005640       0x1c zephyr/drivers/clock_control/libdrivers__clock_control.a(clock_control_nrf.c.obj)
 .text.generic_hfclk_start
                0x000000000000565c       0x64 zephyr/drivers/clock_control/libdrivers__clock_control.a(clock_control_nrf.c.obj)
 .text.api_blocking_start
                0x00000000000056c0       0x3c zephyr/drivers/clock_control/libdrivers__clock_control.a(clock_control_nrf.c.obj)
 .text.generic_hfclk_stop
                0x00000000000056fc       0x34 zephyr/drivers/clock_control/libdrivers__clock_control.a(clock_control_nrf.c.obj)
 .text.z_nrf_clock_control_get_onoff
                0x0000000000005730       0x10 zephyr/drivers/clock_control/libdrivers__clock_control.a(clock_control_nrf.c.obj)
                0x0000000000005730                z_nrf_clock_control_get_onoff
 .text.z_nrf_clock_control_lf_on
                0x0000000000005740       0xfc zephyr/drivers/clock_control/libdrivers__clock_control.a(clock_control_nrf.c.obj)
                0x0000000000005740                z_nrf_clock_control_lf_on
 .text.uart_console_init
                0x000000000000583c       0x28 zephyr/drivers/console/libdrivers__console.a(uart_console.c.obj)
 .text.console_out
                0x0000000000005864       0x28 zephyr/drivers/console/libdrivers__console.a(uart_console.c.obj)
 .text.gpio_nrfx_pin_interrupt_configure
                0x000000000000588c       0xd4 zephyr/drivers/gpio/libdrivers__gpio.a(gpio_nrfx.c.obj)
 .text.gpio_nrfx_init
                0x0000000000005960       0x38 zephyr/drivers/gpio/libdrivers__gpio.a(gpio_nrfx.c.obj)
 .text.nrfx_gpio_handler
                0x0000000000005998       0x4c zephyr/drivers/gpio/libdrivers__gpio.a(gpio_nrfx.c.obj)
 .text.gpio_nrfx_pin_configure
                0x00000000000059e4      0x128 zephyr/drivers/gpio/libdrivers__gpio.a(gpio_nrfx.c.obj)
 .text.timer_callback
                0x0000000000005b0c        0xc zephyr/drivers/lora/libloramac-node.a(hal_common.c.obj)
 .text.RtcGetTimerElapsedTime
                0x0000000000005b18       0x14 zephyr/drivers/lora/libloramac-node.a(hal_common.c.obj)
                0x0000000000005b18                RtcGetTimerElapsedTime
 .text.RtcStopAlarm
                0x0000000000005b2c        0xc zephyr/drivers/lora/libloramac-node.a(hal_common.c.obj)
                0x0000000000005b2c                RtcStopAlarm
 .text.RtcSetAlarm
                0x0000000000005b38       0x34 zephyr/drivers/lora/libloramac-node.a(hal_common.c.obj)
                0x0000000000005b38                RtcSetAlarm
 .text.RtcSetTimerContext
                0x0000000000005b6c       0x10 zephyr/drivers/lora/libloramac-node.a(hal_common.c.obj)
                0x0000000000005b6c                RtcSetTimerContext
 .text.RtcGetTimerContext
                0x0000000000005b7c        0xc zephyr/drivers/lora/libloramac-node.a(hal_common.c.obj)
                0x0000000000005b7c                RtcGetTimerContext
 .text.sx12xx_ev_rx_done
                0x0000000000005b88       0xac zephyr/drivers/lora/libloramac-node.a(sx12xx_common.c.obj)
 .text.modem_release.constprop.0
                0x0000000000005c34       0x54 zephyr/drivers/lora/libloramac-node.a(sx12xx_common.c.obj)
 .text.sx12xx_ev_tx_done
                0x0000000000005c88       0x20 zephyr/drivers/lora/libloramac-node.a(sx12xx_common.c.obj)
 .text.__sx12xx_configure_pin
                0x0000000000005ca8       0xd0 zephyr/drivers/lora/libloramac-node.a(sx12xx_common.c.obj)
                0x0000000000005ca8                __sx12xx_configure_pin
 .text.sx12xx_lora_send_async
                0x0000000000005d78       0x4c zephyr/drivers/lora/libloramac-node.a(sx12xx_common.c.obj)
                0x0000000000005d78                sx12xx_lora_send_async
 .text.sx12xx_lora_send
                0x0000000000005dc4      0x118 zephyr/drivers/lora/libloramac-node.a(sx12xx_common.c.obj)
                0x0000000000005dc4                sx12xx_lora_send
 .text.sx12xx_lora_recv
                0x0000000000005edc       0xc8 zephyr/drivers/lora/libloramac-node.a(sx12xx_common.c.obj)
                0x0000000000005edc                sx12xx_lora_recv
 .text.sx12xx_lora_recv_async
                0x0000000000005fa4       0x54 zephyr/drivers/lora/libloramac-node.a(sx12xx_common.c.obj)
                0x0000000000005fa4                sx12xx_lora_recv_async
 .text.sx12xx_lora_config
                0x0000000000005ff8       0xb0 zephyr/drivers/lora/libloramac-node.a(sx12xx_common.c.obj)
                0x0000000000005ff8                sx12xx_lora_config
 .text.sx12xx_lora_test_cw
                0x00000000000060a8       0x40 zephyr/drivers/lora/libloramac-node.a(sx12xx_common.c.obj)
                0x00000000000060a8                sx12xx_lora_test_cw
 .text.sx12xx_init
                0x00000000000060e8       0x58 zephyr/drivers/lora/libloramac-node.a(sx12xx_common.c.obj)
                0x00000000000060e8                sx12xx_init
 .text.sx127x_dio_work_handle
                0x0000000000006140       0x18 zephyr/drivers/lora/libloramac-node.a(sx127x.c.obj)
 .text.sx127x_irq_callback
                0x0000000000006158       0x24 zephyr/drivers/lora/libloramac-node.a(sx127x.c.obj)
 .text.SX1276WriteBuffer.part.0
                0x000000000000617c       0x2c zephyr/drivers/lora/libloramac-node.a(sx127x.c.obj)
 .text.SX1276ReadBuffer.part.0
                0x00000000000061a8       0x2c zephyr/drivers/lora/libloramac-node.a(sx127x.c.obj)
 .text.gpio_pin_set_dt.constprop.0.isra.0
                0x00000000000061d4       0x24 zephyr/drivers/lora/libloramac-node.a(sx127x.c.obj)
 .text.SX1276IoIrqInit
                0x00000000000061f8       0xd8 zephyr/drivers/lora/libloramac-node.a(sx127x.c.obj)
                0x00000000000061f8                SX1276IoIrqInit
 .text.sx127x_read
                0x00000000000062d0       0x3c zephyr/drivers/lora/libloramac-node.a(sx127x.c.obj)
                0x00000000000062d0                sx127x_read
 .text.sx127x_lora_init
                0x000000000000630c       0xf4 zephyr/drivers/lora/libloramac-node.a(sx127x.c.obj)
 .text.sx127x_write
                0x0000000000006400       0x3c zephyr/drivers/lora/libloramac-node.a(sx127x.c.obj)
                0x0000000000006400                sx127x_write
 .text.SX1276SetRfTxPower
                0x000000000000643c       0xb0 zephyr/drivers/lora/libloramac-node.a(sx127x.c.obj)
                0x000000000000643c                SX1276SetRfTxPower
 .text.TimerInsertNewHeadTimer
                0x00000000000064ec       0x18 zephyr/drivers/lora/libloramac-node.a(timer.c.obj)
 .text.TimerStart
                0x0000000000006504       0x70 zephyr/drivers/lora/libloramac-node.a(timer.c.obj)
                0x0000000000006504                TimerStart
 .text.TimerIrqHandler
                0x0000000000006574       0x7c zephyr/drivers/lora/libloramac-node.a(timer.c.obj)
                0x0000000000006574                TimerIrqHandler
 .text.TimerStop
                0x00000000000065f0       0x54 zephyr/drivers/lora/libloramac-node.a(timer.c.obj)
                0x00000000000065f0                TimerStop
 .text.GetFskBandwidthRegValue
                0x0000000000006644       0x2c zephyr/drivers/lora/libloramac-node.a(sx1276.c.obj)
 .text.SX1276OnDio4Irq
                0x0000000000006670       0x1c zephyr/drivers/lora/libloramac-node.a(sx1276.c.obj)
 .text.SX1276GetStatus
                0x000000000000668c        0xc zephyr/drivers/lora/libloramac-node.a(sx1276.c.obj)
                0x000000000000668c                SX1276GetStatus
 .text.SX1276GetTimeOnAir
                0x0000000000006698       0xdc zephyr/drivers/lora/libloramac-node.a(sx1276.c.obj)
                0x0000000000006698                SX1276GetTimeOnAir
 .text.SX1276SetChannel
                0x0000000000006774       0x48 zephyr/drivers/lora/libloramac-node.a(sx1276.c.obj)
                0x0000000000006774                SX1276SetChannel
 .text.SX1276OnDio3Irq
                0x00000000000067bc       0x50 zephyr/drivers/lora/libloramac-node.a(sx1276.c.obj)
 .text.SX1276OnDio2Irq
                0x000000000000680c       0xd4 zephyr/drivers/lora/libloramac-node.a(sx1276.c.obj)
 .text.SX1276OnDio1Irq
                0x00000000000068e0      0x118 zephyr/drivers/lora/libloramac-node.a(sx1276.c.obj)
 .text.SX1276OnDio0Irq
                0x00000000000069f8      0x260 zephyr/drivers/lora/libloramac-node.a(sx1276.c.obj)
 .text.RxChainCalibration
                0x0000000000006c58       0x94 zephyr/drivers/lora/libloramac-node.a(sx1276.c.obj)
 .text.SX1276SetSleep
                0x0000000000006cec       0x3c zephyr/drivers/lora/libloramac-node.a(sx1276.c.obj)
                0x0000000000006cec                SX1276SetSleep
 .text.SX1276SetStby
                0x0000000000006d28       0x34 zephyr/drivers/lora/libloramac-node.a(sx1276.c.obj)
                0x0000000000006d28                SX1276SetStby
 .text.SX1276Send
                0x0000000000006d5c      0x194 zephyr/drivers/lora/libloramac-node.a(sx1276.c.obj)
                0x0000000000006d5c                SX1276Send
 .text.SX1276SetRx
                0x0000000000006ef0      0x220 zephyr/drivers/lora/libloramac-node.a(sx1276.c.obj)
                0x0000000000006ef0                SX1276SetRx
 .text.SX1276ReadRssi
                0x0000000000007110       0x48 zephyr/drivers/lora/libloramac-node.a(sx1276.c.obj)
                0x0000000000007110                SX1276ReadRssi
 .text.SX1276SetModem
                0x0000000000007158       0x74 zephyr/drivers/lora/libloramac-node.a(sx1276.c.obj)
                0x0000000000007158                SX1276SetModem
 .text.SX1276Init
                0x00000000000071cc       0x80 zephyr/drivers/lora/libloramac-node.a(sx1276.c.obj)
                0x00000000000071cc                SX1276Init
 .text.SX1276SetRxConfig
                0x000000000000724c      0x2a8 zephyr/drivers/lora/libloramac-node.a(sx1276.c.obj)
                0x000000000000724c                SX1276SetRxConfig
 .text.SX1276SetTxConfig
                0x00000000000074f4      0x23c zephyr/drivers/lora/libloramac-node.a(sx1276.c.obj)
                0x00000000000074f4                SX1276SetTxConfig
 .text.SX1276SetTxContinuousWave
                0x0000000000007730       0x84 zephyr/drivers/lora/libloramac-node.a(sx1276.c.obj)
                0x0000000000007730                SX1276SetTxContinuousWave
 .text.SX1276SetMaxPayloadLength
                0x00000000000077b4       0x34 zephyr/drivers/lora/libloramac-node.a(sx1276.c.obj)
                0x00000000000077b4                SX1276SetMaxPayloadLength
 .text.SX1276SetPublicNetwork
                0x00000000000077e8       0x28 zephyr/drivers/lora/libloramac-node.a(sx1276.c.obj)
                0x00000000000077e8                SX1276SetPublicNetwork
 .text.SX1276OnTimeoutIrq
                0x0000000000007810       0xc8 zephyr/drivers/lora/libloramac-node.a(sx1276.c.obj)
 .text.pinctrl_configure_pins
                0x00000000000078d8      0x150 zephyr/drivers/pinctrl/libdrivers__pinctrl.a(pinctrl_nrf.c.obj)
                0x00000000000078d8                pinctrl_configure_pins
 .text.event_txdrdy_check
                0x0000000000007a28       0x20 zephyr/drivers/serial/libdrivers__serial.a(uart_nrfx_uart.c.obj)
 .text.uart_nrfx_poll_in
                0x0000000000007a48       0x24 zephyr/drivers/serial/libdrivers__serial.a(uart_nrfx_uart.c.obj)
 .text.uart_nrfx_err_check
                0x0000000000007a6c       0x10 zephyr/drivers/serial/libdrivers__serial.a(uart_nrfx_uart.c.obj)
 .text.uart_nrfx_fifo_read
                0x0000000000007a7c       0x2c zephyr/drivers/serial/libdrivers__serial.a(uart_nrfx_uart.c.obj)
 .text.uart_nrfx_irq_tx_enable
                0x0000000000007aa8       0x4c zephyr/drivers/serial/libdrivers__serial.a(uart_nrfx_uart.c.obj)
 .text.uart_nrfx_irq_tx_disable
                0x0000000000007af4        0xc zephyr/drivers/serial/libdrivers__serial.a(uart_nrfx_uart.c.obj)
 .text.uart_nrfx_irq_rx_enable
                0x0000000000007b00       0x10 zephyr/drivers/serial/libdrivers__serial.a(uart_nrfx_uart.c.obj)
 .text.uart_nrfx_irq_rx_disable
                0x0000000000007b10       0x10 zephyr/drivers/serial/libdrivers__serial.a(uart_nrfx_uart.c.obj)
 .text.uart_nrfx_irq_tx_ready_complete
                0x0000000000007b20       0x28 zephyr/drivers/serial/libdrivers__serial.a(uart_nrfx_uart.c.obj)
 .text.uart_nrfx_irq_rx_ready
                0x0000000000007b48       0x14 zephyr/drivers/serial/libdrivers__serial.a(uart_nrfx_uart.c.obj)
 .text.uart_nrfx_irq_err_enable
                0x0000000000007b5c       0x10 zephyr/drivers/serial/libdrivers__serial.a(uart_nrfx_uart.c.obj)
 .text.uart_nrfx_irq_err_disable
                0x0000000000007b6c       0x10 zephyr/drivers/serial/libdrivers__serial.a(uart_nrfx_uart.c.obj)
 .text.uart_nrfx_irq_is_pending
                0x0000000000007b7c       0x34 zephyr/drivers/serial/libdrivers__serial.a(uart_nrfx_uart.c.obj)
 .text.uart_nrfx_irq_callback_set
                0x0000000000007bb0       0x14 zephyr/drivers/serial/libdrivers__serial.a(uart_nrfx_uart.c.obj)
 .text.uart_nrfx_isr
                0x0000000000007bc4       0x4c zephyr/drivers/serial/libdrivers__serial.a(uart_nrfx_uart.c.obj)
 .text.uart_nrfx_configure
                0x0000000000007c10      0x168 zephyr/drivers/serial/libdrivers__serial.a(uart_nrfx_uart.c.obj)
 .text.uart_nrfx_poll_out
                0x0000000000007d78       0x84 zephyr/drivers/serial/libdrivers__serial.a(uart_nrfx_uart.c.obj)
 .text.uart_nrfx_init
                0x0000000000007dfc       0x74 zephyr/drivers/serial/libdrivers__serial.a(uart_nrfx_uart.c.obj)
 .text.uart_nrfx_fifo_fill
                0x0000000000007e70       0x40 zephyr/drivers/serial/libdrivers__serial.a(uart_nrfx_uart.c.obj)
 .text.spi_nrfx_init
                0x0000000000007eb0       0xdc zephyr/drivers/spi/libdrivers__spi.a(spi_nrfx_spi.c.obj)
 .text.transfer_next_chunk
                0x0000000000007f8c       0x6c zephyr/drivers/spi/libdrivers__spi.a(spi_nrfx_spi.c.obj)
 .text.event_handler
                0x0000000000007ff8       0xd8 zephyr/drivers/spi/libdrivers__spi.a(spi_nrfx_spi.c.obj)
 .text.spi_nrfx_transceive
                0x00000000000080d0      0x358 zephyr/drivers/spi/libdrivers__spi.a(spi_nrfx_spi.c.obj)
 .text.compare_int_lock
                0x0000000000008428       0x48 zephyr/drivers/timer/libdrivers__timer.a(nrf_rtc_timer.c.obj)
 .text.sys_clock_timeout_handler
                0x0000000000008470       0x48 zephyr/drivers/timer/libdrivers__timer.a(nrf_rtc_timer.c.obj)
 .text.compare_int_unlock
                0x00000000000084b8       0x5c zephyr/drivers/timer/libdrivers__timer.a(nrf_rtc_timer.c.obj)
 .text.z_nrf_rtc_timer_read
                0x0000000000008514       0x44 zephyr/drivers/timer/libdrivers__timer.a(nrf_rtc_timer.c.obj)
                0x0000000000008514                z_nrf_rtc_timer_read
 .text.compare_set
                0x0000000000008558      0x11c zephyr/drivers/timer/libdrivers__timer.a(nrf_rtc_timer.c.obj)
 .text.sys_clock_driver_init
                0x0000000000008674       0x8c zephyr/drivers/timer/libdrivers__timer.a(nrf_rtc_timer.c.obj)
 .text.rtc_nrf_isr
                0x0000000000008700       0xd4 zephyr/drivers/timer/libdrivers__timer.a(nrf_rtc_timer.c.obj)
                0x0000000000008700                rtc_nrf_isr
 .text.sys_clock_set_timeout
                0x00000000000087d4       0x64 zephyr/drivers/timer/libdrivers__timer.a(nrf_rtc_timer.c.obj)
                0x00000000000087d4                sys_clock_set_timeout
 .text.sys_clock_elapsed
                0x0000000000008838       0x14 zephyr/drivers/timer/libdrivers__timer.a(nrf_rtc_timer.c.obj)
                0x0000000000008838                sys_clock_elapsed
 .text.sys_clock_disable
                0x000000000000884c       0x30 zephyr/drivers/timer/libdrivers__timer.a(nrf_rtc_timer.c.obj)
                0x000000000000884c                sys_clock_disable
 .text.k_sys_fatal_error_handler
                0x000000000000887c       0x2c modules/nrf/lib/fatal_error/lib..__nrf__lib__fatal_error.a(fatal_error.c.obj)
                0x000000000000887c                k_sys_fatal_error_handler
 .text.nrf52_errata_98
                0x00000000000088a8       0x24 modules/hal_nordic/nrfx/libmodules__hal_nordic__nrfx.a(system_nrf52840.c.obj)
 .text.nvmc_wait
                0x00000000000088cc       0x10 modules/hal_nordic/nrfx/libmodules__hal_nordic__nrfx.a(system_nrf52840.c.obj)
                0x00000000000088cc                nvmc_wait
 .text.SystemInit
                0x00000000000088dc      0x1bc modules/hal_nordic/nrfx/libmodules__hal_nordic__nrfx.a(system_nrf52840.c.obj)
                0x00000000000088dc                SystemInit
 .text.nrfx_flag32_alloc
                0x0000000000008a98       0x40 modules/hal_nordic/nrfx/libmodules__hal_nordic__nrfx.a(nrfx_flag32_allocator.c.obj)
                0x0000000000008a98                nrfx_flag32_alloc
 .text.nrfx_flag32_free
                0x0000000000008ad8       0x40 modules/hal_nordic/nrfx/libmodules__hal_nordic__nrfx.a(nrfx_flag32_allocator.c.obj)
                0x0000000000008ad8                nrfx_flag32_free
 .text.clock_stop
                0x0000000000008b18       0xc8 modules/hal_nordic/nrfx/libmodules__hal_nordic__nrfx.a(nrfx_clock.c.obj)
 .text.nrfx_clock_init
                0x0000000000008be0       0x20 modules/hal_nordic/nrfx/libmodules__hal_nordic__nrfx.a(nrfx_clock.c.obj)
                0x0000000000008be0                nrfx_clock_init
 .text.nrfx_clock_enable
                0x0000000000008c00       0x24 modules/hal_nordic/nrfx/libmodules__hal_nordic__nrfx.a(nrfx_clock.c.obj)
                0x0000000000008c00                nrfx_clock_enable
 .text.nrfx_clock_irq_handler
                0x0000000000008c24       0x68 modules/hal_nordic/nrfx/libmodules__hal_nordic__nrfx.a(nrfx_clock.c.obj)
                0x0000000000008c24                nrfx_clock_irq_handler
 .text.nrf_gpio_pin_port_decode
                0x0000000000008c8c       0x1c modules/hal_nordic/nrfx/libmodules__hal_nordic__nrfx.a(nrfx_gpiote.c.obj)
 .text.pin_in_use_by_te
                0x0000000000008ca8       0x14 modules/hal_nordic/nrfx/libmodules__hal_nordic__nrfx.a(nrfx_gpiote.c.obj)
 .text.call_handler
                0x0000000000008cbc       0x3c modules/hal_nordic/nrfx/libmodules__hal_nordic__nrfx.a(nrfx_gpiote.c.obj)
 .text.release_handler
                0x0000000000008cf8       0x54 modules/hal_nordic/nrfx/libmodules__hal_nordic__nrfx.a(nrfx_gpiote.c.obj)
 .text.pin_handler_trigger_uninit
                0x0000000000008d4c       0x38 modules/hal_nordic/nrfx/libmodules__hal_nordic__nrfx.a(nrfx_gpiote.c.obj)
 .text.nrfx_gpiote_input_configure
                0x0000000000008d84      0x15c modules/hal_nordic/nrfx/libmodules__hal_nordic__nrfx.a(nrfx_gpiote.c.obj)
                0x0000000000008d84                nrfx_gpiote_input_configure
 .text.nrfx_gpiote_output_configure
                0x0000000000008ee0       0xe4 modules/hal_nordic/nrfx/libmodules__hal_nordic__nrfx.a(nrfx_gpiote.c.obj)
                0x0000000000008ee0                nrfx_gpiote_output_configure
 .text.nrfx_gpiote_global_callback_set
                0x0000000000008fc4        0xc modules/hal_nordic/nrfx/libmodules__hal_nordic__nrfx.a(nrfx_gpiote.c.obj)
                0x0000000000008fc4                nrfx_gpiote_global_callback_set
 .text.nrfx_gpiote_channel_get
                0x0000000000008fd0       0x2c modules/hal_nordic/nrfx/libmodules__hal_nordic__nrfx.a(nrfx_gpiote.c.obj)
                0x0000000000008fd0                nrfx_gpiote_channel_get
 .text.nrfx_gpiote_init
                0x0000000000008ffc       0x50 modules/hal_nordic/nrfx/libmodules__hal_nordic__nrfx.a(nrfx_gpiote.c.obj)
                0x0000000000008ffc                nrfx_gpiote_init
 .text.nrfx_gpiote_is_init
                0x000000000000904c       0x14 modules/hal_nordic/nrfx/libmodules__hal_nordic__nrfx.a(nrfx_gpiote.c.obj)
                0x000000000000904c                nrfx_gpiote_is_init
 .text.nrfx_gpiote_channel_free
                0x0000000000009060        0xc modules/hal_nordic/nrfx/libmodules__hal_nordic__nrfx.a(nrfx_gpiote.c.obj)
                0x0000000000009060                nrfx_gpiote_channel_free
 .text.nrfx_gpiote_channel_alloc
                0x000000000000906c        0xc modules/hal_nordic/nrfx/libmodules__hal_nordic__nrfx.a(nrfx_gpiote.c.obj)
                0x000000000000906c                nrfx_gpiote_channel_alloc
 .text.nrfx_gpiote_trigger_enable
                0x0000000000009078       0x90 modules/hal_nordic/nrfx/libmodules__hal_nordic__nrfx.a(nrfx_gpiote.c.obj)
                0x0000000000009078                nrfx_gpiote_trigger_enable
 .text.nrfx_gpiote_trigger_disable
                0x0000000000009108       0x50 modules/hal_nordic/nrfx/libmodules__hal_nordic__nrfx.a(nrfx_gpiote.c.obj)
                0x0000000000009108                nrfx_gpiote_trigger_disable
 .text.nrfx_gpiote_pin_uninit
                0x0000000000009158       0x48 modules/hal_nordic/nrfx/libmodules__hal_nordic__nrfx.a(nrfx_gpiote.c.obj)
                0x0000000000009158                nrfx_gpiote_pin_uninit
 .text.nrfx_gpiote_irq_handler
                0x00000000000091a0      0x1bc modules/hal_nordic/nrfx/libmodules__hal_nordic__nrfx.a(nrfx_gpiote.c.obj)
                0x00000000000091a0                nrfx_gpiote_irq_handler
 .text.nrfx_power_init
                0x000000000000935c       0x74 modules/hal_nordic/nrfx/libmodules__hal_nordic__nrfx.a(nrfx_power.c.obj)
                0x000000000000935c                nrfx_power_init
 .text.nrfx_power_usbevt_uninit
                0x00000000000093d0       0x18 modules/hal_nordic/nrfx/libmodules__hal_nordic__nrfx.a(nrfx_power.c.obj)
                0x00000000000093d0                nrfx_power_usbevt_uninit
 .text.nrfx_power_usbevt_init
                0x00000000000093e8       0x14 modules/hal_nordic/nrfx/libmodules__hal_nordic__nrfx.a(nrfx_power.c.obj)
                0x00000000000093e8                nrfx_power_usbevt_init
 .text.nrfx_power_irq_handler
                0x00000000000093fc       0xa0 modules/hal_nordic/nrfx/libmodules__hal_nordic__nrfx.a(nrfx_power.c.obj)
                0x00000000000093fc                nrfx_power_irq_handler
 .text.nrf_gpio_pin_port_decode
                0x000000000000949c       0x1c modules/hal_nordic/nrfx/libmodules__hal_nordic__nrfx.a(nrfx_spi.c.obj)
 .text.nrfx_spi_init
                0x00000000000094b8      0x15c modules/hal_nordic/nrfx/libmodules__hal_nordic__nrfx.a(nrfx_spi.c.obj)
                0x00000000000094b8                nrfx_spi_init
 .text.nrfx_spi_uninit
                0x0000000000009614       0x70 modules/hal_nordic/nrfx/libmodules__hal_nordic__nrfx.a(nrfx_spi.c.obj)
                0x0000000000009614                nrfx_spi_uninit
 .text.nrfx_spi_xfer
                0x0000000000009684       0xfc modules/hal_nordic/nrfx/libmodules__hal_nordic__nrfx.a(nrfx_spi.c.obj)
                0x0000000000009684                nrfx_spi_xfer
 .text.nrfx_spi_1_irq_handler
                0x0000000000009780       0x40 modules/hal_nordic/nrfx/libmodules__hal_nordic__nrfx.a(nrfx_spi.c.obj)
                0x0000000000009780                nrfx_spi_1_irq_handler
 .text.nrf52_errata_187
                0x00000000000097c0       0x28 modules/hal_nordic/nrfx/libmodules__hal_nordic__nrfx.a(nrfx_usbd.c.obj)
 .text.ep_state_access
                0x00000000000097e8       0x1c modules/hal_nordic/nrfx/libmodules__hal_nordic__nrfx.a(nrfx_usbd.c.obj)
 .text.ev_usbreset_handler
                0x0000000000009804       0x2c modules/hal_nordic/nrfx/libmodules__hal_nordic__nrfx.a(nrfx_usbd.c.obj)
 .text.ev_usbevent_handler
                0x0000000000009830       0x74 modules/hal_nordic/nrfx/libmodules__hal_nordic__nrfx.a(nrfx_usbd.c.obj)
 .text.usbd_errata_187_211_begin
                0x00000000000098a4       0x40 modules/hal_nordic/nrfx/libmodules__hal_nordic__nrfx.a(nrfx_usbd.c.obj)
 .text.usbd_errata_187_211_end
                0x00000000000098e4       0x40 modules/hal_nordic/nrfx/libmodules__hal_nordic__nrfx.a(nrfx_usbd.c.obj)
 .text.nrfx_usbd_feeder_flash
                0x0000000000009924       0x38 modules/hal_nordic/nrfx/libmodules__hal_nordic__nrfx.a(nrfx_usbd.c.obj)
                0x0000000000009924                nrfx_usbd_feeder_flash
 .text.nrfx_usbd_feeder_flash_zlp
                0x000000000000995c       0x3c modules/hal_nordic/nrfx/libmodules__hal_nordic__nrfx.a(nrfx_usbd.c.obj)
                0x000000000000995c                nrfx_usbd_feeder_flash_zlp
 .text.ev_sof_handler
                0x0000000000009998       0x44 modules/hal_nordic/nrfx/libmodules__hal_nordic__nrfx.a(nrfx_usbd.c.obj)
 .text.atomic_and.constprop.0.isra.0
                0x00000000000099dc       0x20 modules/hal_nordic/nrfx/libmodules__hal_nordic__nrfx.a(nrfx_usbd.c.obj)
 .text.usbd_dma_pending_clear
                0x00000000000099fc       0x24 modules/hal_nordic/nrfx/libmodules__hal_nordic__nrfx.a(nrfx_usbd.c.obj)
 .text.nrf_usbd_ep0in_dma_handler
                0x0000000000009a20       0x2c modules/hal_nordic/nrfx/libmodules__hal_nordic__nrfx.a(nrfx_usbd.c.obj)
 .text.usbd_ep_data_handler
                0x0000000000009a4c       0x8c modules/hal_nordic/nrfx/libmodules__hal_nordic__nrfx.a(nrfx_usbd.c.obj)
 .text.ev_setup_data_handler
                0x0000000000009ad8       0x1c modules/hal_nordic/nrfx/libmodules__hal_nordic__nrfx.a(nrfx_usbd.c.obj)
 .text.ev_dma_epout8_handler
                0x0000000000009af4       0x40 modules/hal_nordic/nrfx/libmodules__hal_nordic__nrfx.a(nrfx_usbd.c.obj)
 .text.ev_dma_epin8_handler
                0x0000000000009b34       0x50 modules/hal_nordic/nrfx/libmodules__hal_nordic__nrfx.a(nrfx_usbd.c.obj)
 .text.nrfx_usbd_uninit
                0x0000000000009b84       0x14 modules/hal_nordic/nrfx/libmodules__hal_nordic__nrfx.a(nrfx_usbd.c.obj)
                0x0000000000009b84                nrfx_usbd_uninit
 .text.nrfx_usbd_enable
                0x0000000000009b98      0x14c modules/hal_nordic/nrfx/libmodules__hal_nordic__nrfx.a(nrfx_usbd.c.obj)
                0x0000000000009b98                nrfx_usbd_enable
 .text.nrfx_usbd_start
                0x0000000000009ce4       0x3c modules/hal_nordic/nrfx/libmodules__hal_nordic__nrfx.a(nrfx_usbd.c.obj)
                0x0000000000009ce4                nrfx_usbd_start
 .text.nrfx_usbd_is_enabled
                0x0000000000009d20       0x14 modules/hal_nordic/nrfx/libmodules__hal_nordic__nrfx.a(nrfx_usbd.c.obj)
                0x0000000000009d20                nrfx_usbd_is_enabled
 .text.nrfx_usbd_suspend
                0x0000000000009d34       0x58 modules/hal_nordic/nrfx/libmodules__hal_nordic__nrfx.a(nrfx_usbd.c.obj)
                0x0000000000009d34                nrfx_usbd_suspend
 .text.nrfx_usbd_init
                0x0000000000009d8c       0x84 modules/hal_nordic/nrfx/libmodules__hal_nordic__nrfx.a(nrfx_usbd.c.obj)
                0x0000000000009d8c                nrfx_usbd_init
 .text.nrfx_usbd_ep_transfer
                0x0000000000009e10       0xf4 modules/hal_nordic/nrfx/libmodules__hal_nordic__nrfx.a(nrfx_usbd.c.obj)
                0x0000000000009e10                nrfx_usbd_ep_transfer
 .text.nrfx_usbd_epout_size_get
                0x0000000000009f04       0x28 modules/hal_nordic/nrfx/libmodules__hal_nordic__nrfx.a(nrfx_usbd.c.obj)
                0x0000000000009f04                nrfx_usbd_epout_size_get
 .text.usbd_dmareq_process
                0x0000000000009f2c      0x188 modules/hal_nordic/nrfx/libmodules__hal_nordic__nrfx.a(nrfx_usbd.c.obj)
 .text.ev_epdata_handler
                0x000000000000a0b4       0x44 modules/hal_nordic/nrfx/libmodules__hal_nordic__nrfx.a(nrfx_usbd.c.obj)
 .text.nrf_usbd_epout_dma_handler
                0x000000000000a0f8       0x64 modules/hal_nordic/nrfx/libmodules__hal_nordic__nrfx.a(nrfx_usbd.c.obj)
 .text.nrfx_usbd_ep_stall
                0x000000000000a15c       0x10 modules/hal_nordic/nrfx/libmodules__hal_nordic__nrfx.a(nrfx_usbd.c.obj)
                0x000000000000a15c                nrfx_usbd_ep_stall
 .text.nrfx_usbd_ep_stall_check
                0x000000000000a16c       0x34 modules/hal_nordic/nrfx/libmodules__hal_nordic__nrfx.a(nrfx_usbd.c.obj)
                0x000000000000a16c                nrfx_usbd_ep_stall_check
 .text.nrfx_usbd_ep_dtoggle_clear
                0x000000000000a1a0       0x18 modules/hal_nordic/nrfx/libmodules__hal_nordic__nrfx.a(nrfx_usbd.c.obj)
                0x000000000000a1a0                nrfx_usbd_ep_dtoggle_clear
 .text.nrfx_usbd_setup_get
                0x000000000000a1b8       0x4c modules/hal_nordic/nrfx/libmodules__hal_nordic__nrfx.a(nrfx_usbd.c.obj)
                0x000000000000a1b8                nrfx_usbd_setup_get
 .text.nrfx_usbd_setup_data_clear
                0x000000000000a204       0x10 modules/hal_nordic/nrfx/libmodules__hal_nordic__nrfx.a(nrfx_usbd.c.obj)
                0x000000000000a204                nrfx_usbd_setup_data_clear
 .text.ev_dma_epout0_handler
                0x000000000000a214       0x50 modules/hal_nordic/nrfx/libmodules__hal_nordic__nrfx.a(nrfx_usbd.c.obj)
 .text.nrfx_usbd_setup_clear
                0x000000000000a264       0x10 modules/hal_nordic/nrfx/libmodules__hal_nordic__nrfx.a(nrfx_usbd.c.obj)
                0x000000000000a264                nrfx_usbd_setup_clear
 .text.nrfx_usbd_setup_stall
                0x000000000000a274       0x10 modules/hal_nordic/nrfx/libmodules__hal_nordic__nrfx.a(nrfx_usbd.c.obj)
                0x000000000000a274                nrfx_usbd_setup_stall
 .text.nrfx_usbd_last_setup_dir_get
                0x000000000000a284        0xc modules/hal_nordic/nrfx/libmodules__hal_nordic__nrfx.a(nrfx_usbd.c.obj)
                0x000000000000a284                nrfx_usbd_last_setup_dir_get
 .text.nrfx_usbd_transfer_out_drop
                0x000000000000a290       0x54 modules/hal_nordic/nrfx/libmodules__hal_nordic__nrfx.a(nrfx_usbd.c.obj)
                0x000000000000a290                nrfx_usbd_transfer_out_drop
 .text.usbd_ep_abort
                0x000000000000a2e4       0xf4 modules/hal_nordic/nrfx/libmodules__hal_nordic__nrfx.a(nrfx_usbd.c.obj)
 .text.ev_setup_handler
                0x000000000000a3d8       0x68 modules/hal_nordic/nrfx/libmodules__hal_nordic__nrfx.a(nrfx_usbd.c.obj)
 .text.nrfx_usbd_irq_handler
                0x000000000000a440       0x7c modules/hal_nordic/nrfx/libmodules__hal_nordic__nrfx.a(nrfx_usbd.c.obj)
                0x000000000000a440                nrfx_usbd_irq_handler
 .text.nrfx_usbd_stop
                0x000000000000a4bc       0x80 modules/hal_nordic/nrfx/libmodules__hal_nordic__nrfx.a(nrfx_usbd.c.obj)
                0x000000000000a4bc                nrfx_usbd_stop
 .text.nrfx_usbd_disable
                0x000000000000a53c       0x30 modules/hal_nordic/nrfx/libmodules__hal_nordic__nrfx.a(nrfx_usbd.c.obj)
                0x000000000000a53c                nrfx_usbd_disable
 .text.nrfx_usbd_ep_disable
                0x000000000000a56c       0x58 modules/hal_nordic/nrfx/libmodules__hal_nordic__nrfx.a(nrfx_usbd.c.obj)
                0x000000000000a56c                nrfx_usbd_ep_disable
 .text.nrfx_usbd_ep_enable
                0x000000000000a5c4       0xa8 modules/hal_nordic/nrfx/libmodules__hal_nordic__nrfx.a(nrfx_usbd.c.obj)
                0x000000000000a5c4                nrfx_usbd_ep_enable
 .text.nrfx_usbd_ep_stall_clear
                0x000000000000a66c       0x20 modules/hal_nordic/nrfx/libmodules__hal_nordic__nrfx.a(nrfx_usbd.c.obj)
                0x000000000000a66c                nrfx_usbd_ep_stall_clear
 .text.z_fatal_error
                0x000000000000a68c       0xfc zephyr/kernel/libkernel.a(fatal.c.obj)
                0x000000000000a68c                z_fatal_error
 .text.z_sys_init_run_level
                0x000000000000a788       0x48 zephyr/kernel/libkernel.a(init.c.obj)
 .text.bg_thread_main
                0x000000000000a7d0       0x34 zephyr/kernel/libkernel.a(init.c.obj)
 .text.z_bss_zero
                0x000000000000a804       0x18 zephyr/kernel/libkernel.a(init.c.obj)
                0x000000000000a804                z_bss_zero
 .text.z_init_cpu
                0x000000000000a81c       0x68 zephyr/kernel/libkernel.a(init.c.obj)
                0x000000000000a81c                z_init_cpu
 .text.z_cstart
                0x000000000000a884       0xe0 zephyr/kernel/libkernel.a(init.c.obj)
                0x000000000000a884                z_cstart
 .text.init_mem_slab_module
                0x000000000000a964       0x24 zephyr/kernel/libkernel.a(mem_slab.c.obj)
 .text.k_mem_slab_alloc
                0x000000000000a988       0x5c zephyr/kernel/libkernel.a(mem_slab.c.obj)
                0x000000000000a988                k_mem_slab_alloc
 .text.z_setup_new_thread
                0x000000000000a9e4       0x60 zephyr/kernel/libkernel.a(thread.c.obj)
                0x000000000000a9e4                z_setup_new_thread
 .text.z_impl_k_thread_create
                0x000000000000aa44       0x58 zephyr/kernel/libkernel.a(thread.c.obj)
                0x000000000000aa44                z_impl_k_thread_create
 .text.z_init_static_threads
                0x000000000000aa9c       0xb8 zephyr/kernel/libkernel.a(thread.c.obj)
                0x000000000000aa9c                z_init_static_threads
 .text.idle     0x000000000000ab54       0x38 zephyr/kernel/libkernel.a(idle.c.obj)
                0x000000000000ab54                idle
 .text.z_impl_k_mutex_lock
                0x000000000000ab8c       0xf4 zephyr/kernel/libkernel.a(mutex.c.obj)
                0x000000000000ab8c                z_impl_k_mutex_lock
 .text.z_impl_k_mutex_unlock
                0x000000000000ac80       0x78 zephyr/kernel/libkernel.a(mutex.c.obj)
                0x000000000000ac80                z_impl_k_mutex_unlock
 .text.z_impl_k_queue_get
                0x000000000000acf8       0x68 zephyr/kernel/libkernel.a(queue.c.obj)
                0x000000000000acf8                z_impl_k_queue_get
 .text.z_impl_k_sem_give
                0x000000000000ad60       0x4c zephyr/kernel/libkernel.a(sem.c.obj)
                0x000000000000ad60                z_impl_k_sem_give
 .text.z_impl_k_sem_take
                0x000000000000adac       0x50 zephyr/kernel/libkernel.a(sem.c.obj)
                0x000000000000adac                z_impl_k_sem_take
 .text.z_impl_k_sem_reset
                0x000000000000adfc       0x44 zephyr/kernel/libkernel.a(sem.c.obj)
                0x000000000000adfc                z_impl_k_sem_reset
 .text.work_queue_main
                0x000000000000ae40      0x138 zephyr/kernel/libkernel.a(work.c.obj)
 .text.submit_to_queue_locked
                0x000000000000af78       0xb4 zephyr/kernel/libkernel.a(work.c.obj)
 .text.k_work_submit
                0x000000000000b02c        0xc zephyr/kernel/libkernel.a(work.c.obj)
                0x000000000000b02c                k_work_submit
 .text.k_work_queue_start
                0x000000000000b038       0x70 zephyr/kernel/libkernel.a(work.c.obj)
                0x000000000000b038                k_work_queue_start
 .text.k_work_schedule_for_queue
                0x000000000000b0a8       0x54 zephyr/kernel/libkernel.a(work.c.obj)
                0x000000000000b0a8                k_work_schedule_for_queue
 .text.sliceable
                0x000000000000b0fc       0x3c zephyr/kernel/libkernel.a(sched.c.obj)
 .text.slice_timeout
                0x000000000000b138       0x20 zephyr/kernel/libkernel.a(sched.c.obj)
 .text.z_reset_time_slice
                0x000000000000b158       0x50 zephyr/kernel/libkernel.a(sched.c.obj)
                0x000000000000b158                z_reset_time_slice
 .text.update_cache
                0x000000000000b1a8       0x3c zephyr/kernel/libkernel.a(sched.c.obj)
 .text.move_thread_to_end_of_prio_q
                0x000000000000b1e4       0x74 zephyr/kernel/libkernel.a(sched.c.obj)
 .text.ready_thread
                0x000000000000b258       0x68 zephyr/kernel/libkernel.a(sched.c.obj)
 .text.unready_thread
                0x000000000000b2c0       0x30 zephyr/kernel/libkernel.a(sched.c.obj)
 .text.pend_locked
                0x000000000000b2f0       0x30 zephyr/kernel/libkernel.a(sched.c.obj)
 .text.z_time_slice
                0x000000000000b320       0x60 zephyr/kernel/libkernel.a(sched.c.obj)
                0x000000000000b320                z_time_slice
 .text.z_pend_curr
                0x000000000000b380       0x3c zephyr/kernel/libkernel.a(sched.c.obj)
                0x000000000000b380                z_pend_curr
 .text.z_set_prio
                0x000000000000b3bc       0x8c zephyr/kernel/libkernel.a(sched.c.obj)
                0x000000000000b3bc                z_set_prio
 .text.z_reschedule
                0x000000000000b448       0x24 zephyr/kernel/libkernel.a(sched.c.obj)
                0x000000000000b448                z_reschedule
 .text.z_sched_start
                0x000000000000b46c       0x3c zephyr/kernel/libkernel.a(sched.c.obj)
                0x000000000000b46c                z_sched_start
 .text.z_impl_k_thread_suspend
                0x000000000000b4a8       0x64 zephyr/kernel/libkernel.a(sched.c.obj)
                0x000000000000b4a8                z_impl_k_thread_suspend
 .text.k_sched_lock
                0x000000000000b50c       0x28 zephyr/kernel/libkernel.a(sched.c.obj)
                0x000000000000b50c                k_sched_lock
 .text.k_sched_unlock
                0x000000000000b534       0x38 zephyr/kernel/libkernel.a(sched.c.obj)
                0x000000000000b534                k_sched_unlock
 .text.z_sched_init
                0x000000000000b56c       0x10 zephyr/kernel/libkernel.a(sched.c.obj)
                0x000000000000b56c                z_sched_init
 .text.z_impl_k_yield
                0x000000000000b57c       0x7c zephyr/kernel/libkernel.a(sched.c.obj)
                0x000000000000b57c                z_impl_k_yield
 .text.z_tick_sleep
                0x000000000000b5f8       0x88 zephyr/kernel/libkernel.a(sched.c.obj)
 .text.z_impl_k_sleep
                0x000000000000b680       0x34 zephyr/kernel/libkernel.a(sched.c.obj)
                0x000000000000b680                z_impl_k_sleep
 .text.z_impl_k_usleep
                0x000000000000b6b4       0x34 zephyr/kernel/libkernel.a(sched.c.obj)
                0x000000000000b6b4                z_impl_k_usleep
 .text.z_impl_z_current_get
                0x000000000000b6e8        0xc zephyr/kernel/libkernel.a(sched.c.obj)
                0x000000000000b6e8                z_impl_z_current_get
 .text.z_thread_abort
                0x000000000000b6f4       0xc0 zephyr/kernel/libkernel.a(sched.c.obj)
                0x000000000000b6f4                z_thread_abort
 .text.z_sched_wait
                0x000000000000b7b4       0x24 zephyr/kernel/libkernel.a(sched.c.obj)
                0x000000000000b7b4                z_sched_wait
 .text.z_data_copy
                0x000000000000b7d8       0x34 zephyr/kernel/libkernel.a(xip.c.obj)
                0x000000000000b7d8                z_data_copy
 .text.elapsed  0x000000000000b80c       0x14 zephyr/kernel/libkernel.a(timeout.c.obj)
 .text.next_timeout
                0x000000000000b820       0x40 zephyr/kernel/libkernel.a(timeout.c.obj)
 .text.remove_timeout
                0x000000000000b860       0x38 zephyr/kernel/libkernel.a(timeout.c.obj)
 .text.z_add_timeout
                0x000000000000b898       0xec zephyr/kernel/libkernel.a(timeout.c.obj)
                0x000000000000b898                z_add_timeout
 .text.sys_clock_announce
                0x000000000000b984       0xd4 zephyr/kernel/libkernel.a(timeout.c.obj)
                0x000000000000b984                sys_clock_announce
 .text.sys_clock_tick_get
                0x000000000000ba58       0x34 zephyr/kernel/libkernel.a(timeout.c.obj)
                0x000000000000ba58                sys_clock_tick_get
 .text.z_timer_expiration_handler
                0x000000000000ba8c       0xe4 zephyr/kernel/libkernel.a(timer.c.obj)
                0x000000000000ba8c                z_timer_expiration_handler
 .text.z_impl_k_timer_start
                0x000000000000bb70       0x60 zephyr/kernel/libkernel.a(timer.c.obj)
                0x000000000000bb70                z_impl_k_timer_start
 .text.z_impl_k_poll
                0x000000000000bbd0       0xb8 zephyr/kernel/libkernel.a(poll.c.obj)
                0x000000000000bbd0                z_impl_k_poll
 .text.z_impl_k_poll_signal_raise
                0x000000000000bc88       0x50 zephyr/kernel/libkernel.a(poll.c.obj)
                0x000000000000bc88                z_impl_k_poll_signal_raise
 .text.z_thread_aligned_alloc
                0x000000000000bcd8       0x40 zephyr/kernel/libkernel.a(mempool.c.obj)
                0x000000000000bcd8                z_thread_aligned_alloc
 .text.boot_banner
                0x000000000000bd18        0xc zephyr/kernel/libkernel.a(banner.c.obj)
                0x000000000000bd18                boot_banner
 .text.statics_init
                0x000000000000bd24       0x24 zephyr/kernel/libkernel.a(kheap.c.obj)
 .text.k_sys_work_q_init
                0x000000000000bd48       0x34 zephyr/kernel/libkernel.a(system_work_q.c.obj)
 .text.nrf_cc3xx_platform_init_no_rng
                0x000000000000bd7c       0x38 C:/ncs/v2.4.0/nrfxlib/crypto/nrf_cc310_platform/lib/cortex-m4/soft-float/no-interrupts/libnrf_cc310_platform_0.9.17.a(nrf_cc3xx_platform.c.obj)
                0x000000000000bd7c                nrf_cc3xx_platform_init_no_rng
 .text.nrf_cc3xx_platform_abort
                0x000000000000bdb4       0x24 C:/ncs/v2.4.0/nrfxlib/crypto/nrf_cc310_platform/lib/cortex-m4/soft-float/no-interrupts/libnrf_cc310_platform_0.9.17.a(nrf_cc3xx_platform_abort.c.obj)
 .text.CC_PalAbort
                0x000000000000bdd8       0x34 C:/ncs/v2.4.0/nrfxlib/crypto/nrf_cc310_platform/lib/cortex-m4/soft-float/no-interrupts/libnrf_cc310_platform_0.9.17.a(nrf_cc3xx_platform_abort.c.obj)
                0x000000000000bdd8                CC_PalAbort
 .text.nrf_cc3xx_platform_set_abort
                0x000000000000be0c       0x10 C:/ncs/v2.4.0/nrfxlib/crypto/nrf_cc310_platform/lib/cortex-m4/soft-float/no-interrupts/libnrf_cc310_platform_0.9.17.a(nrf_cc3xx_platform_abort.c.obj)
                0x000000000000be0c                nrf_cc3xx_platform_set_abort
 .text.mutex_free
                0x000000000000be1c       0x34 C:/ncs/v2.4.0/nrfxlib/crypto/nrf_cc310_platform/lib/cortex-m4/soft-float/no-interrupts/libnrf_cc310_platform_0.9.17.a(nrf_cc3xx_platform_mutex.c.obj)
 .text.mutex_lock
                0x000000000000be50       0x48 C:/ncs/v2.4.0/nrfxlib/crypto/nrf_cc310_platform/lib/cortex-m4/soft-float/no-interrupts/libnrf_cc310_platform_0.9.17.a(nrf_cc3xx_platform_mutex.c.obj)
 .text.mutex_unlock
                0x000000000000be98       0x38 C:/ncs/v2.4.0/nrfxlib/crypto/nrf_cc310_platform/lib/cortex-m4/soft-float/no-interrupts/libnrf_cc310_platform_0.9.17.a(nrf_cc3xx_platform_mutex.c.obj)
 .text.mutex_init
                0x000000000000bed0       0x20 C:/ncs/v2.4.0/nrfxlib/crypto/nrf_cc310_platform/lib/cortex-m4/soft-float/no-interrupts/libnrf_cc310_platform_0.9.17.a(nrf_cc3xx_platform_mutex.c.obj)
 .text.nrf_cc3xx_platform_set_mutexes
                0x000000000000bef0       0x74 C:/ncs/v2.4.0/nrfxlib/crypto/nrf_cc310_platform/lib/cortex-m4/soft-float/no-interrupts/libnrf_cc310_platform_0.9.17.a(nrf_cc3xx_platform_mutex.c.obj)
                0x000000000000bef0                nrf_cc3xx_platform_set_mutexes
 .text.CC_LibInitNoRng
                0x000000000000bf64       0x64 C:/ncs/v2.4.0/nrfxlib/crypto/nrf_cc310_platform/lib/cortex-m4/soft-float/no-interrupts/libnrf_cc310_platform_0.9.17.a(cc_lib.c.obj)
                0x000000000000bf64                CC_LibInitNoRng
 .text.CC_HalInit
                0x000000000000bfc8        0x4 C:/ncs/v2.4.0/nrfxlib/crypto/nrf_cc310_platform/lib/cortex-m4/soft-float/no-interrupts/libnrf_cc310_platform_0.9.17.a(cc_hal.c.obj)
                0x000000000000bfc8                CC_HalInit
 .text.CC_HalTerminate
                0x000000000000bfcc        0x4 C:/ncs/v2.4.0/nrfxlib/crypto/nrf_cc310_platform/lib/cortex-m4/soft-float/no-interrupts/libnrf_cc310_platform_0.9.17.a(cc_hal.c.obj)
                0x000000000000bfcc                CC_HalTerminate
 .text.CC_HalMaskInterrupt
                0x000000000000bfd0        0xc C:/ncs/v2.4.0/nrfxlib/crypto/nrf_cc310_platform/lib/cortex-m4/soft-float/no-interrupts/libnrf_cc310_platform_0.9.17.a(cc_hal.c.obj)
                0x000000000000bfd0                CC_HalMaskInterrupt
 .text.CC_PalInit
                0x000000000000bfdc       0x5c C:/ncs/v2.4.0/nrfxlib/crypto/nrf_cc310_platform/lib/cortex-m4/soft-float/no-interrupts/libnrf_cc310_platform_0.9.17.a(cc_pal.c.obj)
                0x000000000000bfdc                CC_PalInit
 .text.CC_PalTerminate
                0x000000000000c038       0x34 C:/ncs/v2.4.0/nrfxlib/crypto/nrf_cc310_platform/lib/cortex-m4/soft-float/no-interrupts/libnrf_cc310_platform_0.9.17.a(cc_pal.c.obj)
                0x000000000000c038                CC_PalTerminate
 .text.CC_PalDmaInit
                0x000000000000c06c        0x4 C:/ncs/v2.4.0/nrfxlib/crypto/nrf_cc310_platform/lib/cortex-m4/soft-float/no-interrupts/libnrf_cc310_platform_0.9.17.a(cc_pal_dma.c.obj)
                0x000000000000c06c                CC_PalDmaInit
 .text.CC_PalDmaTerminate
                0x000000000000c070        0x4 C:/ncs/v2.4.0/nrfxlib/crypto/nrf_cc310_platform/lib/cortex-m4/soft-float/no-interrupts/libnrf_cc310_platform_0.9.17.a(cc_pal_dma.c.obj)
                0x000000000000c070                CC_PalDmaTerminate
 .text.CC_PalMutexCreate
                0x000000000000c074       0x14 C:/ncs/v2.4.0/nrfxlib/crypto/nrf_cc310_platform/lib/cortex-m4/soft-float/no-interrupts/libnrf_cc310_platform_0.9.17.a(cc_pal_mutex.c.obj)
                0x000000000000c074                CC_PalMutexCreate
 .text.CC_PalMutexDestroy
                0x000000000000c088       0x14 C:/ncs/v2.4.0/nrfxlib/crypto/nrf_cc310_platform/lib/cortex-m4/soft-float/no-interrupts/libnrf_cc310_platform_0.9.17.a(cc_pal_mutex.c.obj)
                0x000000000000c088                CC_PalMutexDestroy
 .text.CC_PalPowerSaveModeInit
                0x000000000000c09c       0x3c C:/ncs/v2.4.0/nrfxlib/crypto/nrf_cc310_platform/lib/cortex-m4/soft-float/no-interrupts/libnrf_cc310_platform_0.9.17.a(cc_pal_pm.c.obj)
                0x000000000000c09c                CC_PalPowerSaveModeInit
 .text.CC_PalPowerSaveModeSelect
                0x000000000000c0d8       0x84 C:/ncs/v2.4.0/nrfxlib/crypto/nrf_cc310_platform/lib/cortex-m4/soft-float/no-interrupts/libnrf_cc310_platform_0.9.17.a(cc_pal_pm.c.obj)
                0x000000000000c0d8                CC_PalPowerSaveModeSelect
 .text.main     0x000000000000c15c       0x1c app/libapp.a(main.c.obj)
                0x000000000000c15c                main
 .text.cbpprintf_external
                0x000000000000c178       0x62 zephyr/libzephyr.a(cbprintf_packaged.c.obj)
                0x000000000000c178                cbpprintf_external
 .text.is_ptr   0x000000000000c1da       0x4a zephyr/libzephyr.a(cbprintf_packaged.c.obj)
                0x000000000000c1da                is_ptr
 .text.arch_printk_char_out
                0x000000000000c224        0x4 zephyr/libzephyr.a(printk.c.obj)
                0x000000000000c224                arch_printk_char_out
 .text.str_out  0x000000000000c228       0x26 zephyr/libzephyr.a(printk.c.obj)
 .text.printk   0x000000000000c24e       0x1a zephyr/libzephyr.a(printk.c.obj)
                0x000000000000c24e                printk
 .text.snprintk
                0x000000000000c268       0x1a zephyr/libzephyr.a(printk.c.obj)
                0x000000000000c268                snprintk
 .text.z_thread_entry
                0x000000000000c282       0x14 zephyr/libzephyr.a(thread_entry.c.obj)
                0x000000000000c282                z_thread_entry
 .text.chunk_size
                0x000000000000c296        0xa zephyr/libzephyr.a(heap.c.obj)
 .text.free_list_add
                0x000000000000c2a0       0x4e zephyr/libzephyr.a(heap.c.obj)
 .text.free_list_remove_bidx
                0x000000000000c2ee       0x3a zephyr/libzephyr.a(heap.c.obj)
 .text.free_list_remove
                0x000000000000c328       0x1a zephyr/libzephyr.a(heap.c.obj)
 .text.alloc_chunk
                0x000000000000c342       0x6e zephyr/libzephyr.a(heap.c.obj)
 .text.merge_chunks
                0x000000000000c3b0       0x2c zephyr/libzephyr.a(heap.c.obj)
 .text.split_chunks
                0x000000000000c3dc       0x34 zephyr/libzephyr.a(heap.c.obj)
 .text.free_chunk
                0x000000000000c410       0x62 zephyr/libzephyr.a(heap.c.obj)
 .text.sys_heap_free
                0x000000000000c472       0x1e zephyr/libzephyr.a(heap.c.obj)
                0x000000000000c472                sys_heap_free
 .text.sys_heap_alloc
                0x000000000000c490       0x52 zephyr/libzephyr.a(heap.c.obj)
                0x000000000000c490                sys_heap_alloc
 .text.sys_heap_aligned_alloc
                0x000000000000c4e2       0xce zephyr/libzephyr.a(heap.c.obj)
                0x000000000000c4e2                sys_heap_aligned_alloc
 .text.sys_heap_init
                0x000000000000c5b0       0x70 zephyr/libzephyr.a(heap.c.obj)
                0x000000000000c5b0                sys_heap_init
 .text.sys_slist_find_and_remove
                0x000000000000c620       0x36 zephyr/libzephyr.a(onoff.c.obj)
 .text.process_recheck
                0x000000000000c656       0x38 zephyr/libzephyr.a(onoff.c.obj)
 .text.validate_args
                0x000000000000c68e       0x20 zephyr/libzephyr.a(onoff.c.obj)
 .text.notify_one
                0x000000000000c6ae       0x2c zephyr/libzephyr.a(onoff.c.obj)
 .text.transition_complete
                0x000000000000c6da       0x1c zephyr/libzephyr.a(onoff.c.obj)
 .text.onoff_manager_init
                0x000000000000c6f6       0x26 zephyr/libzephyr.a(onoff.c.obj)
                0x000000000000c6f6                onoff_manager_init
 .text.onoff_request
                0x000000000000c71c       0xb0 zephyr/libzephyr.a(onoff.c.obj)
                0x000000000000c71c                onoff_request
 .text.onoff_release
                0x000000000000c7cc       0x4a zephyr/libzephyr.a(onoff.c.obj)
                0x000000000000c7cc                onoff_release
 .text.onoff_cancel
                0x000000000000c816       0x38 zephyr/libzephyr.a(onoff.c.obj)
                0x000000000000c816                onoff_cancel
 .text.sys_notify_validate
                0x000000000000c84e       0x28 zephyr/libzephyr.a(notify.c.obj)
                0x000000000000c84e                sys_notify_validate
 .text.sys_notify_finalize
                0x000000000000c876       0x32 zephyr/libzephyr.a(notify.c.obj)
                0x000000000000c876                sys_notify_finalize
 .text.encode_uint
                0x000000000000c8a8       0x8c zephyr/libzephyr.a(cbprintf_complete.c.obj)
 .text.outs     0x000000000000c934       0x2e zephyr/libzephyr.a(cbprintf_complete.c.obj)
 .text.ring_buf_put_claim
                0x000000000000c962       0x3e zephyr/libzephyr.a(ring_buffer.c.obj)
                0x000000000000c962                ring_buf_put_claim
 .text.ring_buf_put_finish
                0x000000000000c9a0       0x2a zephyr/libzephyr.a(ring_buffer.c.obj)
                0x000000000000c9a0                ring_buf_put_finish
 .text.ring_buf_put
                0x000000000000c9ca       0x3e zephyr/libzephyr.a(ring_buffer.c.obj)
                0x000000000000c9ca                ring_buf_put
 .text.ring_buf_get_claim
                0x000000000000ca08       0x40 zephyr/libzephyr.a(ring_buffer.c.obj)
                0x000000000000ca08                ring_buf_get_claim
 .text.ring_buf_get_finish
                0x000000000000ca48       0x2a zephyr/libzephyr.a(ring_buffer.c.obj)
                0x000000000000ca48                ring_buf_get_finish
 .text.ring_buf_get
                0x000000000000ca72       0x40 zephyr/libzephyr.a(ring_buffer.c.obj)
                0x000000000000ca72                ring_buf_get
 .text.free_space
                0x000000000000cab2       0x26 zephyr/libzephyr.a(mpsc_pbuf.c.obj)
 .text.get_usage
                0x000000000000cad8       0x22 zephyr/libzephyr.a(mpsc_pbuf.c.obj)
 .text.idx_inc  0x000000000000cafa       0x1c zephyr/libzephyr.a(mpsc_pbuf.c.obj)
 .text.rd_idx_inc
                0x000000000000cb16       0x18 zephyr/libzephyr.a(mpsc_pbuf.c.obj)
 .text.add_skip_item
                0x000000000000cb2e       0x3a zephyr/libzephyr.a(mpsc_pbuf.c.obj)
 .text.drop_item_locked
                0x000000000000cb68       0xee zephyr/libzephyr.a(mpsc_pbuf.c.obj)
 .text.post_drop_action
                0x000000000000cc56       0x36 zephyr/libzephyr.a(mpsc_pbuf.c.obj)
 .text.max_utilization_update
                0x000000000000cc8c       0x1a zephyr/libzephyr.a(mpsc_pbuf.c.obj)
 .text.mpsc_pbuf_init
                0x000000000000cca6       0x42 zephyr/libzephyr.a(mpsc_pbuf.c.obj)
                0x000000000000cca6                mpsc_pbuf_init
 .text.mpsc_pbuf_alloc
                0x000000000000cce8       0xfc zephyr/libzephyr.a(mpsc_pbuf.c.obj)
                0x000000000000cce8                mpsc_pbuf_alloc
 .text.mpsc_pbuf_commit
                0x000000000000cde4       0x40 zephyr/libzephyr.a(mpsc_pbuf.c.obj)
                0x000000000000cde4                mpsc_pbuf_commit
 .text.mpsc_pbuf_claim
                0x000000000000ce24       0xa4 zephyr/libzephyr.a(mpsc_pbuf.c.obj)
                0x000000000000ce24                mpsc_pbuf_claim
 .text.mpsc_pbuf_free
                0x000000000000cec8       0x78 zephyr/libzephyr.a(mpsc_pbuf.c.obj)
                0x000000000000cec8                mpsc_pbuf_free
 .text.mpsc_pbuf_is_pending
                0x000000000000cf40       0x1a zephyr/libzephyr.a(mpsc_pbuf.c.obj)
                0x000000000000cf40                mpsc_pbuf_is_pending
 .text._ConfigAbsSyms
                0x000000000000cf5a        0x2 zephyr/libzephyr.a(configs.c.obj)
                0x000000000000cf5a                _ConfigAbsSyms
 .text.log_msg_generic_get_wlen
                0x000000000000cf5c       0x20 zephyr/libzephyr.a(log_core.c.obj)
 .text.dummy_timestamp
                0x000000000000cf7c        0x4 zephyr/libzephyr.a(log_core.c.obj)
 .text.default_get_timestamp
                0x000000000000cf80        0x4 zephyr/libzephyr.a(log_core.c.obj)
 .text.atomic_inc
                0x000000000000cf84       0x1a zephyr/libzephyr.a(log_core.c.obj)
 .text.z_log_vprintk
                0x000000000000cf9e       0x1c zephyr/libzephyr.a(log_core.c.obj)
                0x000000000000cf9e                z_log_vprintk
 .text.z_log_notify_drop
                0x000000000000cfba        0x6 zephyr/libzephyr.a(log_core.c.obj)
 .text.z_log_get_tag
                0x000000000000cfc0        0x4 zephyr/libzephyr.a(log_core.c.obj)
                0x000000000000cfc0                z_log_get_tag
 .text.z_cbprintf_cpy
                0x000000000000cfc4       0x2c zephyr/libzephyr.a(log_msg.c.obj)
 .text.z_log_msg_finalize
                0x000000000000cff0       0x32 zephyr/libzephyr.a(log_msg.c.obj)
                0x000000000000cff0                z_log_msg_finalize
 .text.buffer_write
                0x000000000000d022       0x1a zephyr/libzephyr.a(log_output.c.obj)
 .text.cbvprintf
                0x000000000000d03c        0xe zephyr/libzephyr.a(log_output.c.obj)
 .text.log_output_flush
                0x000000000000d04a       0x1a zephyr/libzephyr.a(log_output.c.obj)
                0x000000000000d04a                log_output_flush
 .text.out_func
                0x000000000000d064       0x36 zephyr/libzephyr.a(log_output.c.obj)
 .text.cr_out_func
                0x000000000000d09a       0x1c zephyr/libzephyr.a(log_output.c.obj)
 .text.log_backend_uart_init
                0x000000000000d0b6        0x2 zephyr/libzephyr.a(log_backend_uart.c.obj)
 .text.z_log_msg_static_create.constprop.0
                0x000000000000d0b8        0x6 zephyr/libzephyr.a(usb_device.c.obj)
 .text.get_ep_bm_from_addr
                0x000000000000d0be       0x1c zephyr/libzephyr.a(usb_device.c.obj)
 .text.usb_get_dev_data_by_cfg
                0x000000000000d0da       0x18 zephyr/libzephyr.a(usb_descriptor.c.obj)
                0x000000000000d0da                usb_get_dev_data_by_cfg
 .text.usb_get_dev_data_by_iface
                0x000000000000d0f2       0x1c zephyr/libzephyr.a(usb_descriptor.c.obj)
                0x000000000000d0f2                usb_get_dev_data_by_iface
 .text.usb_get_dev_data_by_ep
                0x000000000000d10e       0x2c zephyr/libzephyr.a(usb_descriptor.c.obj)
                0x000000000000d10e                usb_get_dev_data_by_ep
 .text.usb_transfer_is_busy
                0x000000000000d13a       0x16 zephyr/libzephyr.a(usb_transfer.c.obj)
                0x000000000000d13a                usb_transfer_is_busy
 .text.cdc_interface_config
                0x000000000000d150       0x14 zephyr/libzephyr.a(cdc_acm.c.obj)
 .text.cdc_acm_irq_callback_work_handler
                0x000000000000d164        0xa zephyr/libzephyr.a(cdc_acm.c.obj)
 .text.cdc_acm_irq_tx_disable
                0x000000000000d16e        0xa zephyr/libzephyr.a(cdc_acm.c.obj)
 .text.cdc_acm_irq_tx_ready
                0x000000000000d178        0xe zephyr/libzephyr.a(cdc_acm.c.obj)
 .text.cdc_acm_irq_rx_disable
                0x000000000000d186        0xa zephyr/libzephyr.a(cdc_acm.c.obj)
 .text.cdc_acm_irq_rx_ready
                0x000000000000d190        0x8 zephyr/libzephyr.a(cdc_acm.c.obj)
 .text.cdc_acm_irq_is_pending
                0x000000000000d198       0x1e zephyr/libzephyr.a(cdc_acm.c.obj)
 .text.cdc_acm_irq_update
                0x000000000000d1b6        0x4 zephyr/libzephyr.a(cdc_acm.c.obj)
 .text.cdc_acm_irq_callback_set
                0x000000000000d1ba        0x8 zephyr/libzephyr.a(cdc_acm.c.obj)
 .text.cdc_acm_line_ctrl_get
                0x000000000000d1c2       0x32 zephyr/libzephyr.a(cdc_acm.c.obj)
 .text.cdc_acm_configure
                0x000000000000d1f4        0x4 zephyr/libzephyr.a(cdc_acm.c.obj)
 .text.cdc_acm_config_get
                0x000000000000d1f8       0x58 zephyr/libzephyr.a(cdc_acm.c.obj)
 .text.cdc_acm_line_ctrl_set
                0x000000000000d250       0xbe zephyr/libzephyr.a(cdc_acm.c.obj)
 .text.cdc_acm_fifo_read
                0x000000000000d30e       0x54 zephyr/libzephyr.a(cdc_acm.c.obj)
 .text.cdc_acm_poll_in
                0x000000000000d362       0x12 zephyr/libzephyr.a(cdc_acm.c.obj)
 .text.abort_function
                0x000000000000d374        0x8 zephyr/libzephyr.a(nrf_cc3xx_platform_abort_zephyr.c.obj)
 .text.z_do_kernel_oops
                0x000000000000d37c        0x8 zephyr/arch/arch/arm/core/aarch32/libarch__arm__core__aarch32.a(fatal.c.obj)
                0x000000000000d37c                z_do_kernel_oops
 .text.z_irq_spurious
                0x000000000000d384        0x8 zephyr/arch/arch/arm/core/aarch32/libarch__arm__core__aarch32.a(irq_manage.c.obj)
                0x000000000000d384                z_irq_spurious
 .text.z_arm_nmi
                0x000000000000d38c        0xe zephyr/arch/arch/arm/core/aarch32/libarch__arm__core__aarch32.a(nmi.c.obj)
                0x000000000000d38c                z_arm_nmi
 .text.z_log_msg_static_create.constprop.0
                0x000000000000d39a        0x6 zephyr/arch/arch/arm/core/aarch32/cortex_m/libarch__arm__core__aarch32__cortex_m.a(fault.c.obj)
 .text.strlen   0x000000000000d3a0        0xe zephyr/lib/libc/minimal/liblib__libc__minimal.a(string.c.obj)
                0x000000000000d3a0                strlen
 .text.strnlen  0x000000000000d3ae       0x12 zephyr/lib/libc/minimal/liblib__libc__minimal.a(string.c.obj)
                0x000000000000d3ae                strnlen
 .text.memcpy   0x000000000000d3c0       0x16 zephyr/lib/libc/minimal/liblib__libc__minimal.a(string.c.obj)
                0x000000000000d3c0                memcpy
 .text.memset   0x000000000000d3d6       0x12 zephyr/lib/libc/minimal/liblib__libc__minimal.a(string.c.obj)
                0x000000000000d3d6                memset
 .text._stdout_hook_default
                0x000000000000d3e8        0x6 zephyr/lib/libc/minimal/liblib__libc__minimal.a(stdout_console.c.obj)
 .text.pm_state_set
                0x000000000000d3ee       0x18 zephyr/soc/arm/nordic_nrf/nrf52/libsoc__arm__nordic_nrf__nrf52.a(power.c.obj)
                0x000000000000d3ee                pm_state_set
 .text.pm_state_exit_post_ops
                0x000000000000d406        0xc zephyr/soc/arm/nordic_nrf/nrf52/libsoc__arm__nordic_nrf__nrf52.a(power.c.obj)
                0x000000000000d406                pm_state_exit_post_ops
 .text.ep_ctx_reset
                0x000000000000d412       0x26 zephyr/drivers/usb/device/libdrivers__usb__device.a(usb_dc_nrfx.c.obj)
 .text.z_log_msg_static_create.constprop.0
                0x000000000000d438        0x6 zephyr/drivers/usb/device/libdrivers__usb__device.a(usb_dc_nrfx.c.obj)
 .text.k_mutex_lock.constprop.0.isra.0
                0x000000000000d43e        0x4 zephyr/drivers/usb/device/libdrivers__usb__device.a(usb_dc_nrfx.c.obj)
 .text.k_mutex_unlock.isra.0
                0x000000000000d442        0x4 zephyr/drivers/usb/device/libdrivers__usb__device.a(usb_dc_nrfx.c.obj)
 .text.usb_dc_ep_disable
                0x000000000000d446       0x32 zephyr/drivers/usb/device/libdrivers__usb__device.a(usb_dc_nrfx.c.obj)
                0x000000000000d446                usb_dc_ep_disable
 .text.usb_dc_ep_read
                0x000000000000d478       0x1e zephyr/drivers/usb/device/libdrivers__usb__device.a(usb_dc_nrfx.c.obj)
                0x000000000000d478                usb_dc_ep_read
 .text.get_status
                0x000000000000d496       0x12 zephyr/drivers/clock_control/libdrivers__clock_control.a(clock_control_nrf.c.obj)
 .text.set_on_state
                0x000000000000d4a8       0x26 zephyr/drivers/clock_control/libdrivers__clock_control.a(clock_control_nrf.c.obj)
 .text.stop     0x000000000000d4ce       0x52 zephyr/drivers/clock_control/libdrivers__clock_control.a(clock_control_nrf.c.obj)
 .text.api_stop
                0x000000000000d520        0x6 zephyr/drivers/clock_control/libdrivers__clock_control.a(clock_control_nrf.c.obj)
 .text.async_start